Archive member included to satisfy reference by file (symbol)

app/libapp.a(main.c.obj)      (--whole-archive)
app/libapp.a(buttons.c.obj)   (--whole-archive)
app/libapp.a(rtdb.c.obj)      (--whole-archive)
zephyr/libzephyr.a(cbprintf_packaged.c.obj)
                              (--whole-archive)
zephyr/libzephyr.a(dec.c.obj)
                              (--whole-archive)
zephyr/libzephyr.a(hex.c.obj)
                              (--whole-archive)
zephyr/libzephyr.a(printk.c.obj)
                              (--whole-archive)
zephyr/libzephyr.a(rb.c.obj)  (--whole-archive)
zephyr/libzephyr.a(sem.c.obj)
                              (--whole-archive)
zephyr/libzephyr.a(thread_entry.c.obj)
                              (--whole-archive)
zephyr/libzephyr.a(timeutil.c.obj)
                              (--whole-archive)
zephyr/libzephyr.a(heap.c.obj)
                              (--whole-archive)
zephyr/libzephyr.a(heap-validate.c.obj)
                              (--whole-archive)
zephyr/libzephyr.a(bitarray.c.obj)
                              (--whole-archive)
zephyr/libzephyr.a(multi_heap.c.obj)
                              (--whole-archive)
zephyr/libzephyr.a(onoff.c.obj)
                              (--whole-archive)
zephyr/libzephyr.a(notify.c.obj)
                              (--whole-archive)
zephyr/libzephyr.a(cbprintf_complete.c.obj)
                              (--whole-archive)
zephyr/libzephyr.a(assert.c.obj)
                              (--whole-archive)
zephyr/libzephyr.a(reboot.c.obj)
                              (--whole-archive)
zephyr/libzephyr.a(configs.c.obj)
                              (--whole-archive)
zephyr/libzephyr.a(mem_attr.c.obj)
                              (--whole-archive)
zephyr/libzephyr.a(tracing_none.c.obj)
                              (--whole-archive)
zephyr/libzephyr.a(nrf_cc3xx_platform_abort_zephyr.c.obj)
                              (--whole-archive)
zephyr/libzephyr.a(nrf_cc3xx_platform_mutex_zephyr.c.obj)
                              (--whole-archive)
zephyr/arch/common/libarch__common.a(sw_isr_common.c.obj)
                              (--whole-archive)
zephyr/arch/arch/arm/core/libarch__arm__core.a(fatal.c.obj)
                              (--whole-archive)
zephyr/arch/arch/arm/core/libarch__arm__core.a(nmi.c.obj)
                              (--whole-archive)
zephyr/arch/arch/arm/core/libarch__arm__core.a(nmi_on_reset.S.obj)
                              (--whole-archive)
zephyr/arch/arch/arm/core/libarch__arm__core.a(tls.c.obj)
                              (--whole-archive)
zephyr/arch/arch/arm/core/cortex_m/libarch__arm__core__cortex_m.a(exc_exit.S.obj)
                              (--whole-archive)
zephyr/arch/arch/arm/core/cortex_m/libarch__arm__core__cortex_m.a(fault.c.obj)
                              (--whole-archive)
zephyr/arch/arch/arm/core/cortex_m/libarch__arm__core__cortex_m.a(fault_s.S.obj)
                              (--whole-archive)
zephyr/arch/arch/arm/core/cortex_m/libarch__arm__core__cortex_m.a(fpu.c.obj)
                              (--whole-archive)
zephyr/arch/arch/arm/core/cortex_m/libarch__arm__core__cortex_m.a(reset.S.obj)
                              (--whole-archive)
zephyr/arch/arch/arm/core/cortex_m/libarch__arm__core__cortex_m.a(scb.c.obj)
                              (--whole-archive)
zephyr/arch/arch/arm/core/cortex_m/libarch__arm__core__cortex_m.a(thread_abort.c.obj)
                              (--whole-archive)
zephyr/arch/arch/arm/core/cortex_m/libarch__arm__core__cortex_m.a(vector_table.S.obj)
                              (--whole-archive)
zephyr/arch/arch/arm/core/cortex_m/libarch__arm__core__cortex_m.a(swap.c.obj)
                              (--whole-archive)
zephyr/arch/arch/arm/core/cortex_m/libarch__arm__core__cortex_m.a(swap_helper.S.obj)
                              (--whole-archive)
zephyr/arch/arch/arm/core/cortex_m/libarch__arm__core__cortex_m.a(irq_manage.c.obj)
                              (--whole-archive)
zephyr/arch/arch/arm/core/cortex_m/libarch__arm__core__cortex_m.a(prep_c.c.obj)
                              (--whole-archive)
zephyr/arch/arch/arm/core/cortex_m/libarch__arm__core__cortex_m.a(thread.c.obj)
                              (--whole-archive)
zephyr/arch/arch/arm/core/cortex_m/libarch__arm__core__cortex_m.a(cpu_idle.S.obj)
                              (--whole-archive)
zephyr/arch/arch/arm/core/cortex_m/libarch__arm__core__cortex_m.a(irq_init.c.obj)
                              (--whole-archive)
zephyr/arch/arch/arm/core/cortex_m/libarch__arm__core__cortex_m.a(isr_wrapper.S.obj)
                              (--whole-archive)
zephyr/arch/arch/arm/core/cortex_m/libarch__arm__core__cortex_m.a(__aeabi_read_tp.S.obj)
                              (--whole-archive)
zephyr/arch/arch/arm/core/mpu/libarch__arm__core__mpu.a(arm_core_mpu.c.obj)
                              (--whole-archive)
zephyr/arch/arch/arm/core/mpu/libarch__arm__core__mpu.a(arm_mpu.c.obj)
[...]
Memory Configuration

Name             Origin             Length             Attributes
FLASH            0x0000000000000000 0x0000000000100000 xr
RAM              0x0000000020000000 0x0000000000040000 xw
IDT_LIST         0x00000000ffff7fff 0x0000000000008000 xw
*default*        0x0000000000000000 0xffffffffffffffff

Linker script and memory map

                0x00000000000054cc                vfprintf = __l_vfprintf
                0x0000000000000000                vfscanf = __l_vfscanf
LOAD zephyr/CMakeFiles/zephyr_pre0.dir/misc/empty_file.c.obj
LOAD zephyr/CMakeFiles/offsets.dir/./arch/arm/core/offsets/offsets.c.obj
LOAD app/libapp.a
LOAD zephyr/libzephyr.a
LOAD zephyr/arch/common/libarch__common.a
LOAD zephyr/arch/arch/arm/core/libarch__arm__core.a
LOAD zephyr/arch/arch/arm/core/cortex_m/libarch__arm__core__cortex_m.a
LOAD zephyr/arch/arch/arm/core/mpu/libarch__arm__core__mpu.a
LOAD zephyr/lib/libc/picolibc/liblib__libc__picolibc.a
LOAD zephyr/lib/libc/common/liblib__libc__common.a
LOAD zephyr/soc/soc/arm/nordic_nrf/libsoc__arm__nordic_nrf.a
LOAD zephyr/drivers/clock_control/libdrivers__clock_control.a
LOAD zephyr/drivers/console/libdrivers__console.a
LOAD zephyr/drivers/gpio/libdrivers__gpio.a
LOAD zephyr/drivers/i2c/libdrivers__i2c.a
LOAD zephyr/drivers/pinctrl/libdrivers__pinctrl.a
LOAD zephyr/drivers/serial/libdrivers__serial.a
LOAD zephyr/drivers/timer/libdrivers__timer.a
LOAD modules/nrf/lib/fatal_error/lib..__nrf__lib__fatal_error.a
LOAD modules/nrf/drivers/hw_cc3xx/lib..__nrf__drivers__hw_cc3xx.a
LOAD modules/hal_nordic/nrfx/libmodules__hal_nordic__nrfx.a
LOAD modules/segger/libmodules__segger.a
LOAD zephyr/kernel/libkernel.a
LOAD /home/pramos/ncs/toolchains/2be090971e/opt/zephyr-sdk/arm-zephyr-eabi/bin/../lib/gcc/arm-zephyr-eabi/12.2.0/thumb/v7e-m/nofp/libgcc.a
LOAD zephyr/arch/common/libisr_tables.a
LOAD /home/pramos/ncs/v2.6.0/nrfxlib/crypto/nrf_cc310_platform/lib/cortex-m4/soft-float/no-interrupts/libnrf_cc310_platform_0.9.19.a
LOAD /home/pramos/ncs/toolchains/2be090971e/opt/zephyr-sdk/arm-zephyr-eabi/bin/../lib/gcc/../../picolibc/arm-zephyr-eabi/lib/thumb/v7e-m/nofp/libc.a
LOAD /home/pramos/ncs/toolchains/2be090971e/opt/zephyr-sdk/arm-zephyr-eabi/bin/../lib/gcc/arm-zephyr-eabi/12.2.0/thumb/v7e-m/nofp/libgcc.a
                0x0000000000000020                _region_min_align = 0x20

.rel.plt        0x0000000000000000        0x0
 *(SORT_BY_ALIGNMENT(.rel.plt))
                [!provide]                        PROVIDE (__rel_iplt_start = .)
 *(SORT_BY_ALIGNMENT(.rel.iplt))
 .rel.iplt      0x0000000000000000        0x0 app/libapp.a(main.c.obj)
                [!provide]                        PROVIDE (__rel_iplt_end = .)

.rela.plt       0x0000000000000000        0x0
 *(SORT_BY_ALIGNMENT(.rela.plt))
                [!provide]                        PROVIDE (__rela_iplt_start = .)
 *(SORT_BY_ALIGNMENT(.rela.iplt))
                [!provide]                        PROVIDE (__rela_iplt_end = .)

.rel.dyn
 *(SORT_BY_ALIGNMENT(.rel.*))

.rela.dyn
 *(SORT_BY_ALIGNMENT(.rela.*))

/DISCARD/
 *(SORT_BY_ALIGNMENT(.plt))

/DISCARD/
 *(SORT_BY_ALIGNMENT(.iplt))
                0x0000000000000000                __rom_region_start = 0x0

rom_start       0x0000000000000000      0x100
                0x0000000000000000                __rom_start_address = .
 FILL mask 0x00
                0x0000000000000000                . = (. + (0x0 - (. - __rom_start_address)))
                0x0000000000000000                . = ALIGN (0x4)
                0x0000000000000000                . = ALIGN (0x80)
                0x0000000000000000                . = ALIGN (0x100)
                0x0000000000000000                _vector_start = .
 *(SORT_BY_ALIGNMENT(.exc_vector_table))
 *(SORT_BY_ALIGNMENT(.exc_vector_table.*))
 .exc_vector_table._vector_table_section
                0x0000000000000000       0x40 zephyr/arch/arch/arm/core/cortex_m/libarch__arm__core__cortex_m.a(vector_table.S.obj)
                0x0000000000000000                _vector_table
 *(SORT_BY_ALIGNMENT(.vectors))
                0x0000000000000100                _vector_end = .
                0x0000000000000040                . = ALIGN (0x4)
 *(SORT_BY_ALIGNMENT(.gnu.linkonce.irq_vector_table*))
 .gnu.linkonce.irq_vector_table
                0x0000000000000040       0xc0 zephyr/arch/common/libisr_tables.a(isr_tables.c.obj)
                0x0000000000000040                _irq_vector_table
                0x0000000000000100                _vector_end = .

text            0x0000000000000100     0x6690
                0x0000000000000100                __text_region_start = .
 *(SORT_BY_ALIGNMENT(.text))
 .text          0x0000000000000100      0x21c /home/pramos/ncs/toolchains/2be090971e/opt/zephyr-sdk/arm-zephyr-eabi/bin/../lib/gcc/arm-zephyr-eabi/12.2.0/thumb/v7e-m/nofp/libgcc.a(_arm_addsubsf3.o)
                0x0000000000000100                __aeabi_frsub
                0x0000000000000108                __subsf3
                0x0000000000000108                __aeabi_fsub
                0x000000000000010c                __aeabi_fadd
                0x000000000000010c                __addsf3
                0x000000000000026c                __aeabi_ui2f
                0x000000000000026c                __floatunsisf
                0x0000000000000274                __aeabi_i2f
                0x0000000000000274                __floatsisf
                0x0000000000000290                __floatundisf
                0x0000000000000290                __aeabi_ul2f
                0x00000000000002a0                __floatdisf
                0x00000000000002a0                __aeabi_l2f
 .text          0x000000000000031c      0x2a0 /home/pramos/ncs/toolchains/2be090971e/opt/zephyr-sdk/arm-zephyr-eabi/bin/../lib/gcc/arm-zephyr-eabi/12.2.0/thumb/v7e-m/nofp/libgcc.a(_arm_muldivsf3.o)
                0x000000000000031c                __mulsf3
                0x000000000000031c                __aeabi_fmul
                0x0000000000000484                __divsf3
                0x0000000000000484                __aeabi_fdiv
 .text          0x00000000000005bc       0xec /home/pramos/ncs/toolchains/2be090971e/opt/zephyr-sdk/arm-zephyr-eabi/bin/../lib/gcc/arm-zephyr-eabi/12.2.0/thumb/v7e-m/nofp/libgcc.a(_arm_cmpsf2.o)
                0x00000000000005bc                __gtsf2
                0x00000000000005bc                __gesf2
                0x00000000000005c4                __lesf2
                0x00000000000005c4                __ltsf2
                0x00000000000005cc                __nesf2
                0x00000000000005cc                __eqsf2
                0x00000000000005cc                __cmpsf2
                0x000000000000062c                __aeabi_cfrcmple
                0x0000000000000634                __aeabi_cfcmple
                0x0000000000000634                __aeabi_cfcmpeq
                0x0000000000000644                __aeabi_fcmpeq
                0x0000000000000658                __aeabi_fcmplt
                0x000000000000066c                __aeabi_fcmple
                0x0000000000000680                __aeabi_fcmpge
                0x0000000000000694                __aeabi_fcmpgt
 .text          0x00000000000006a8       0x4c /home/pramos/ncs/toolchains/2be090971e/opt/zephyr-sdk/arm-zephyr-eabi/bin/../lib/gcc/arm-zephyr-eabi/12.2.0/thumb/v7e-m/nofp/libgcc.a(_arm_fixsfsi.o)
                0x00000000000006a8                __fixsfsi
                0x00000000000006a8                __aeabi_f2iz
 .text          0x00000000000006f4       0x30 /home/pramos/ncs/toolchains/2be090971e/opt/zephyr-sdk/arm-zephyr-eabi/bin/../lib/gcc/arm-zephyr-eabi/12.2.0/thumb/v7e-m/nofp/libgcc.a(_aeabi_uldivmod.o)
                0x00000000000006f4                __aeabi_uldivmod
 .text          0x0000000000000724        0x4 /home/pramos/ncs/toolchains/2be090971e/opt/zephyr-sdk/arm-zephyr-eabi/bin/../lib/gcc/arm-zephyr-eabi/12.2.0/thumb/v7e-m/nofp/libgcc.a(_dvmd_tls.o)
                0x0000000000000724                __aeabi_ldiv0
                0x0000000000000724                __aeabi_idiv0
 .text          0x0000000000000728      0x2a0 /home/pramos/ncs/toolchains/2be090971e/opt/zephyr-sdk/arm-zephyr-eabi/bin/../lib/gcc/arm-zephyr-eabi/12.2.0/thumb/v7e-m/nofp/libgcc.a(_udivmoddi4.o)
                0x0000000000000728                __udivmoddi4
 *(SORT_BY_ALIGNMENT(.text.*))
 .text.led_update_task
                0x00000000000009c8       0x98 app/libapp.a(main.c.obj)
                0x00000000000009c8                led_update_task
 .text.read_temperature_task
                0x0000000000000a60       0xf0 app/libapp.a(main.c.obj)
                0x0000000000000a60                read_temperature_task
 .text.pid_calculate
                0x0000000000000b50       0x88 app/libapp.a(main.c.obj)
                0x0000000000000b50                pid_calculate
 .text.pid_controller_task
                0x0000000000000bd8       0x8c app/libapp.a(main.c.obj)
                0x0000000000000bd8                pid_controller_task
 .text.main     0x0000000000000c64       0x38 app/libapp.a(main.c.obj)
                0x0000000000000c64                main
 .text.gpio_add_callback.constprop.0.isra.0
                0x0000000000000c9c       0x14 app/libapp.a(buttons.c.obj)
 .text.buttons_init
                0x0000000000000cb0       0x84 app/libapp.a(buttons.c.obj)
                0x0000000000000cb0                buttons_init
 .text.rtdb_init
                0x0000000000000d34       0x30 app/libapp.a(rtdb.c.obj)
                0x0000000000000d34                rtdb_init
 .text.rtdb_set_system_on
                0x0000000000000d64       0x28 app/libapp.a(rtdb.c.obj)
                0x0000000000000d64                rtdb_set_system_on
 .text.rtdb_get_system_on
                0x0000000000000d8c       0x24 app/libapp.a(rtdb.c.obj)
                0x0000000000000d8c                rtdb_get_system_on
 .text.rtdb_set_desired_temp
                0x0000000000000db0       0x28 app/libapp.a(rtdb.c.obj)
                0x0000000000000db0                rtdb_set_desired_temp
 .text.rtdb_get_desired_temp
                0x0000000000000dd8       0x24 app/libapp.a(rtdb.c.obj)
                0x0000000000000dd8                rtdb_get_desired_temp
 .text.rtdb_set_current_temp
                0x0000000000000dfc       0x28 app/libapp.a(rtdb.c.obj)
                0x0000000000000dfc                rtdb_set_current_temp
 .text.rtdb_get_current_temp
                0x0000000000000e24       0x24 app/libapp.a(rtdb.c.obj)
                0x0000000000000e24                rtdb_get_current_temp
 .text.char_out
                0x0000000000000e48        0xc zephyr/libzephyr.a(printk.c.obj)
 .text.__printk_hook_install
                0x0000000000000e54        0xc zephyr/libzephyr.a(printk.c.obj)
                0x0000000000000e54                __printk_hook_install
 .text.vprintk  0x0000000000000e60       0x30 zephyr/libzephyr.a(printk.c.obj)
                0x0000000000000e60                vprintk
 .text.z_thread_entry
                0x0000000000000e90       0x34 zephyr/libzephyr.a(thread_entry.c.obj)
                0x0000000000000e90                z_thread_entry
 .text.process_event
                0x0000000000000ec4      0x21c zephyr/libzephyr.a(onoff.c.obj)
 .text.sys_reboot
                0x00000000000010e0       0x30 zephyr/libzephyr.a(reboot.c.obj)
                0x00000000000010e0                sys_reboot
 .text.mem_attr_get_regions
                0x0000000000001110        0xc zephyr/libzephyr.a(mem_attr.c.obj)
                0x0000000000001110                mem_attr_get_regions
 .text.nrf_cc3xx_platform_abort_init
                0x000000000000111c        0xc zephyr/libzephyr.a(nrf_cc3xx_platform_abort_zephyr.c.obj)
                0x000000000000111c                nrf_cc3xx_platform_abort_init
 .text.mutex_free_platform
                0x0000000000001128       0x54 zephyr/libzephyr.a(nrf_cc3xx_platform_mutex_zephyr.c.obj)
 .text.mutex_lock_platform
                0x000000000000117c       0x60 zephyr/libzephyr.a(nrf_cc3xx_platform_mutex_zephyr.c.obj)
 .text.mutex_unlock_platform
                0x00000000000011dc       0x58 zephyr/libzephyr.a(nrf_cc3xx_platform_mutex_zephyr.c.obj)
 .text.mutex_init_platform
                0x0000000000001234       0x94 zephyr/libzephyr.a(nrf_cc3xx_platform_mutex_zephyr.c.obj)
 .text.nrf_cc3xx_platform_mutex_init
                0x00000000000012c8       0x2c zephyr/libzephyr.a(nrf_cc3xx_platform_mutex_zephyr.c.obj)
                0x00000000000012c8                nrf_cc3xx_platform_mutex_init
 .text.z_SysNmiOnReset
                0x00000000000012f4        0x8 zephyr/arch/arch/arm/core/libarch__arm__core.a(nmi_on_reset.S.obj)
                0x00000000000012f4                z_SysNmiOnReset
 .text.arch_tls_stack_setup
                0x00000000000012fc       0x5c zephyr/arch/arch/arm/core/libarch__arm__core.a(tls.c.obj)
                0x00000000000012fc                arch_tls_stack_setup
 .text._HandlerModeExit
                0x0000000000001358       0x1c zephyr/arch/arch/arm/core/cortex_m/libarch__arm__core__cortex_m.a(exc_exit.S.obj)
                0x0000000000001358                z_arm_exc_exit
                0x0000000000001358                z_arm_int_exit
 .text.mem_manage_fault
                0x0000000000001374       0xa0 zephyr/arch/arch/arm/core/cortex_m/libarch__arm__core__cortex_m.a(fault.c.obj)
 .text.usage_fault.constprop.0
                0x0000000000001414       0x54 zephyr/arch/arch/arm/core/cortex_m/libarch__arm__core__cortex_m.a(fault.c.obj)
 .text.bus_fault.constprop.0
                0x0000000000001468       0x6c zephyr/arch/arch/arm/core/cortex_m/libarch__arm__core__cortex_m.a(fault.c.obj)
 .text.z_arm_fault
                0x00000000000014d4      0x128 zephyr/arch/arch/arm/core/cortex_m/libarch__arm__core__cortex_m.a(fault.c.obj)
                0x00000000000014d4                z_arm_fault
 .text.z_arm_fault_init
                0x00000000000015fc       0x10 zephyr/arch/arch/arm/core/cortex_m/libarch__arm__core__cortex_m.a(fault.c.obj)
                0x00000000000015fc                z_arm_fault_init
 .text.__fault  0x000000000000160c       0x14 zephyr/arch/arch/arm/core/cortex_m/libarch__arm__core__cortex_m.a(fault_s.S.obj)
                0x000000000000160c                z_arm_bus_fault
                0x000000000000160c                z_arm_usage_fault
                0x000000000000160c                z_arm_mpu_fault
                0x000000000000160c                z_arm_exc_spurious
                0x000000000000160c                z_arm_debug_monitor
                0x000000000000160c                z_arm_hard_fault
 .text._reset_section
                0x0000000000001620       0x54 zephyr/arch/arch/arm/core/cortex_m/libarch__arm__core__cortex_m.a(reset.S.obj)
                0x0000000000001620                z_arm_reset
                0x0000000000001620                __start
 .text.sys_arch_reboot
                0x0000000000001674       0x24 zephyr/arch/arch/arm/core/cortex_m/libarch__arm__core__cortex_m.a(scb.c.obj)
                0x0000000000001674                sys_arch_reboot
 .text.z_arm_clear_arm_mpu_config
                0x0000000000001698       0x24 zephyr/arch/arch/arm/core/cortex_m/libarch__arm__core__cortex_m.a(scb.c.obj)
                0x0000000000001698                z_arm_clear_arm_mpu_config
 .text.z_arm_init_arch_hw_at_boot
                0x00000000000016bc       0x64 zephyr/arch/arch/arm/core/cortex_m/libarch__arm__core__cortex_m.a(scb.c.obj)
                0x00000000000016bc                z_arm_init_arch_hw_at_boot
 .text.z_impl_k_thread_abort
                0x0000000000001720       0x2c zephyr/arch/arch/arm/core/cortex_m/libarch__arm__core__cortex_m.a(thread_abort.c.obj)
                0x0000000000001720                z_impl_k_thread_abort
 .text.arch_swap
                0x000000000000174c       0x30 zephyr/arch/arch/arm/core/cortex_m/libarch__arm__core__cortex_m.a(swap.c.obj)
                0x000000000000174c                arch_swap
 .text.z_arm_pendsv
                0x000000000000177c       0x64 zephyr/arch/arch/arm/core/cortex_m/libarch__arm__core__cortex_m.a(swap_helper.S.obj)
                0x000000000000177c                z_arm_pendsv
 .text.z_arm_svc
                0x00000000000017e0       0x20 zephyr/arch/arch/arm/core/cortex_m/libarch__arm__core__cortex_m.a(swap_helper.S.obj)
                0x00000000000017e0                z_arm_svc
 .text.arch_irq_enable
                0x0000000000001800       0x1c zephyr/arch/arch/arm/core/cortex_m/libarch__arm__core__cortex_m.a(irq_manage.c.obj)
                0x0000000000001800                arch_irq_enable
 .text.arch_irq_disable
                0x000000000000181c       0x28 zephyr/arch/arch/arm/core/cortex_m/libarch__arm__core__cortex_m.a(irq_manage.c.obj)
                0x000000000000181c                arch_irq_disable
 .text.arch_irq_is_enabled
                0x0000000000001844       0x1c zephyr/arch/arch/arm/core/cortex_m/libarch__arm__core__cortex_m.a(irq_manage.c.obj)
                0x0000000000001844                arch_irq_is_enabled
 .text.z_arm_irq_priority_set
                0x0000000000001860       0x30 zephyr/arch/arch/arm/core/cortex_m/libarch__arm__core__cortex_m.a(irq_manage.c.obj)
                0x0000000000001860                z_arm_irq_priority_set
 .text.z_arm_prep_c
                0x0000000000001890       0x38 zephyr/arch/arch/arm/core/cortex_m/libarch__arm__core__cortex_m.a(prep_c.c.obj)
                0x0000000000001890                z_arm_prep_c
 .text.arch_new_thread
                0x00000000000018c8       0x38 zephyr/arch/arch/arm/core/cortex_m/libarch__arm__core__cortex_m.a(thread.c.obj)
                0x00000000000018c8                arch_new_thread
 .text.z_check_thread_stack_fail
                0x0000000000001900       0x2c zephyr/arch/arch/arm/core/cortex_m/libarch__arm__core__cortex_m.a(thread.c.obj)
                0x0000000000001900                z_check_thread_stack_fail
 .text.arch_switch_to_main_thread
                0x000000000000192c       0x38 zephyr/arch/arch/arm/core/cortex_m/libarch__arm__core__cortex_m.a(thread.c.obj)
                0x000000000000192c                arch_switch_to_main_thread
 .text.z_arm_cpu_idle_init
                0x0000000000001964        0xc zephyr/arch/arch/arm/core/cortex_m/libarch__arm__core__cortex_m.a(cpu_idle.S.obj)
                0x0000000000001964                z_arm_cpu_idle_init
 .text.arch_cpu_idle
                0x0000000000001970       0x1c zephyr/arch/arch/arm/core/cortex_m/libarch__arm__core__cortex_m.a(cpu_idle.S.obj)
                0x0000000000001970                arch_cpu_idle
 .text.arch_cpu_atomic_idle
                0x000000000000198c       0x18 zephyr/arch/arch/arm/core/cortex_m/libarch__arm__core__cortex_m.a(cpu_idle.S.obj)
                0x000000000000198c                arch_cpu_atomic_idle
 .text.z_arm_interrupt_init
                0x00000000000019a4       0x18 zephyr/arch/arch/arm/core/cortex_m/libarch__arm__core__cortex_m.a(irq_init.c.obj)
                0x00000000000019a4                z_arm_interrupt_init
 .text._isr_wrapper
                0x00000000000019bc       0x28 zephyr/arch/arch/arm/core/cortex_m/libarch__arm__core__cortex_m.a(isr_wrapper.S.obj)
                0x00000000000019bc                _isr_wrapper
 .text.z_arm_configure_static_mpu_regions
                0x00000000000019e4       0x18 zephyr/arch/arch/arm/core/mpu/libarch__arm__core__mpu.a(arm_core_mpu.c.obj)
                0x00000000000019e4                z_arm_configure_static_mpu_regions
 .text.z_arm_configure_dynamic_mpu_regions
                0x00000000000019fc       0x20 zephyr/arch/arch/arm/core/mpu/libarch__arm__core__mpu.a(arm_core_mpu.c.obj)
                0x00000000000019fc                z_arm_configure_dynamic_mpu_regions
 .text.region_init
                0x0000000000001a1c       0x28 zephyr/arch/arch/arm/core/mpu/libarch__arm__core__mpu.a(arm_mpu.c.obj)
 .text.arm_core_mpu_enable
                0x0000000000001a44       0x18 zephyr/arch/arch/arm/core/mpu/libarch__arm__core__mpu.a(arm_mpu.c.obj)
                0x0000000000001a44                arm_core_mpu_enable
 .text.arm_core_mpu_disable
                0x0000000000001a5c       0x14 zephyr/arch/arch/arm/core/mpu/libarch__arm__core__mpu.a(arm_mpu.c.obj)
                0x0000000000001a5c                arm_core_mpu_disable
 .text.arm_core_mpu_configure_static_mpu_regions
                0x0000000000001a70       0x14 zephyr/arch/arch/arm/core/mpu/libarch__arm__core__mpu.a(arm_mpu.c.obj)
                0x0000000000001a70                arm_core_mpu_configure_static_mpu_regions
 .text.arm_core_mpu_configure_dynamic_mpu_regions
                0x0000000000001a84       0x30 zephyr/arch/arch/arm/core/mpu/libarch__arm__core__mpu.a(arm_mpu.c.obj)
                0x0000000000001a84                arm_core_mpu_configure_dynamic_mpu_regions
 .text.z_arm_mpu_init
                0x0000000000001ab4      0x124 zephyr/arch/arch/arm/core/mpu/libarch__arm__core__mpu.a(arm_mpu.c.obj)
                0x0000000000001ab4                z_arm_mpu_init
 .text.z_impl_zephyr_fputc
                0x0000000000001bd8       0x10 zephyr/lib/libc/picolibc/liblib__libc__picolibc.a(libc-hooks.c.obj)
                0x0000000000001bd8                z_impl_zephyr_fputc
 .text.__stdout_hook_install
                0x0000000000001be8       0x18 zephyr/lib/libc/picolibc/liblib__libc__picolibc.a(libc-hooks.c.obj)
                0x0000000000001be8                __stdout_hook_install
 .text.malloc_prepare
                0x0000000000001c00       0x24 zephyr/lib/libc/common/liblib__libc__common.a(malloc.c.obj)
 .text.nordicsemi_nrf52_init
                0x0000000000001c24       0x44 zephyr/soc/soc/arm/nordic_nrf/libsoc__arm__nordic_nrf.a(soc.c.obj)
 .text.arch_busy_wait
                0x0000000000001c68       0x14 zephyr/soc/soc/arm/nordic_nrf/libsoc__arm__nordic_nrf.a(soc.c.obj)
                0x0000000000001c68                arch_busy_wait
 .text.z_arm_platform_init
                0x0000000000001c7c        0x4 zephyr/soc/soc/arm/nordic_nrf/libsoc__arm__nordic_nrf.a(soc_nrf_common.S.obj)
                0x0000000000001c7c                z_arm_platform_init
 .text.onoff_stop
                0x0000000000001c80       0x30 zephyr/drivers/clock_control/libdrivers__clock_control.a(clock_control_nrf.c.obj)
 .text.onoff_start
                0x0000000000001cb0       0x44 zephyr/drivers/clock_control/libdrivers__clock_control.a(clock_control_nrf.c.obj)
 .text.clk_init
                0x0000000000001cf4       0x58 zephyr/drivers/clock_control/libdrivers__clock_control.a(clock_control_nrf.c.obj)
 .text.clkstarted_handle.constprop.0
                0x0000000000001d4c       0x34 zephyr/drivers/clock_control/libdrivers__clock_control.a(clock_control_nrf.c.obj)
 .text.clock_event_handler
                0x0000000000001d80       0x1c zephyr/drivers/clock_control/libdrivers__clock_control.a(clock_control_nrf.c.obj)
 .text.generic_hfclk_start
                0x0000000000001d9c       0x64 zephyr/drivers/clock_control/libdrivers__clock_control.a(clock_control_nrf.c.obj)
 .text.api_blocking_start
                0x0000000000001e00       0x34 zephyr/drivers/clock_control/libdrivers__clock_control.a(clock_control_nrf.c.obj)
 .text.generic_hfclk_stop
                0x0000000000001e34       0x34 zephyr/drivers/clock_control/libdrivers__clock_control.a(clock_control_nrf.c.obj)
 .text.z_nrf_clock_control_lf_on
                0x0000000000001e68       0xfc zephyr/drivers/clock_control/libdrivers__clock_control.a(clock_control_nrf.c.obj)
                0x0000000000001e68                z_nrf_clock_control_lf_on
 .text.uart_console_init
                0x0000000000001f64       0x28 zephyr/drivers/console/libdrivers__console.a(uart_console.c.obj)
 .text.console_out
                0x0000000000001f8c       0x28 zephyr/drivers/console/libdrivers__console.a(uart_console.c.obj)
 .text.gpio_nrfx_pin_interrupt_configure
                0x0000000000001fb4      0x100 zephyr/drivers/gpio/libdrivers__gpio.a(gpio_nrfx.c.obj)
 .text.gpio_nrfx_init
                0x00000000000020b4       0x48 zephyr/drivers/gpio/libdrivers__gpio.a(gpio_nrfx.c.obj)
 .text.nrfx_gpio_handler
                0x00000000000020fc       0x4c zephyr/drivers/gpio/libdrivers__gpio.a(gpio_nrfx.c.obj)
 .text.gpio_nrfx_pin_configure
                0x0000000000002148      0x18c zephyr/drivers/gpio/libdrivers__gpio.a(gpio_nrfx.c.obj)
 .text.i2c_nrfx_twi_recover_bus
                0x00000000000022d4       0x24 zephyr/drivers/i2c/libdrivers__i2c.a(i2c_nrfx_twi.c.obj)
 .text.twi_0_init
                0x00000000000022f8       0x58 zephyr/drivers/i2c/libdrivers__i2c.a(i2c_nrfx_twi.c.obj)
 .text.event_handler
                0x0000000000002350       0x34 zephyr/drivers/i2c/libdrivers__i2c.a(i2c_nrfx_twi.c.obj)
 .text.i2c_nrfx_twi_transfer
                0x0000000000002384      0x100 zephyr/drivers/i2c/libdrivers__i2c.a(i2c_nrfx_twi.c.obj)
 .text.nrf_gpio_pin_port_decode
                0x0000000000002484       0x20 zephyr/drivers/pinctrl/libdrivers__pinctrl.a(pinctrl_nrf.c.obj)
 .text.pinctrl_configure_pins
                0x00000000000024a4      0x1a8 zephyr/drivers/pinctrl/libdrivers__pinctrl.a(pinctrl_nrf.c.obj)
                0x00000000000024a4                pinctrl_configure_pins
 .text.uarte_0_init
                0x000000000000264c      0x258 zephyr/drivers/serial/libdrivers__serial.a(uart_nrfx_uarte.c.obj)
 .text.uarte_nrfx_poll_out
                0x00000000000028a4       0xcc zephyr/drivers/serial/libdrivers__serial.a(uart_nrfx_uarte.c.obj)
 .text.compare_int_lock
                0x0000000000002970       0x48 zephyr/drivers/timer/libdrivers__timer.a(nrf_rtc_timer.c.obj)
 .text.sys_clock_timeout_handler
                0x00000000000029b8       0x48 zephyr/drivers/timer/libdrivers__timer.a(nrf_rtc_timer.c.obj)
 .text.compare_int_unlock
                0x0000000000002a00       0x5c zephyr/drivers/timer/libdrivers__timer.a(nrf_rtc_timer.c.obj)
 .text.z_nrf_rtc_timer_read
                0x0000000000002a5c       0x44 zephyr/drivers/timer/libdrivers__timer.a(nrf_rtc_timer.c.obj)
                0x0000000000002a5c                z_nrf_rtc_timer_read
 .text.compare_set
                0x0000000000002aa0      0x130 zephyr/drivers/timer/libdrivers__timer.a(nrf_rtc_timer.c.obj)
 .text.sys_clock_driver_init
                0x0000000000002bd0       0x90 zephyr/drivers/timer/libdrivers__timer.a(nrf_rtc_timer.c.obj)
 .text.rtc_nrf_isr
                0x0000000000002c60       0xd4 zephyr/drivers/timer/libdrivers__timer.a(nrf_rtc_timer.c.obj)
                0x0000000000002c60                rtc_nrf_isr
 .text.sys_clock_set_timeout
                0x0000000000002d34       0x5c zephyr/drivers/timer/libdrivers__timer.a(nrf_rtc_timer.c.obj)
                0x0000000000002d34                sys_clock_set_timeout
 .text.sys_clock_elapsed
                0x0000000000002d90       0x14 zephyr/drivers/timer/libdrivers__timer.a(nrf_rtc_timer.c.obj)
                0x0000000000002d90                sys_clock_elapsed
 .text.sys_clock_disable
                0x0000000000002da4       0x30 zephyr/drivers/timer/libdrivers__timer.a(nrf_rtc_timer.c.obj)
                0x0000000000002da4                sys_clock_disable
 .text.nrf52_errata_98
                0x0000000000002dd4       0x24 modules/hal_nordic/nrfx/libmodules__hal_nordic__nrfx.a(system_nrf52840.c.obj)
 .text.nvmc_wait
                0x0000000000002df8       0x10 modules/hal_nordic/nrfx/libmodules__hal_nordic__nrfx.a(system_nrf52840.c.obj)
                0x0000000000002df8                nvmc_wait
 .text.SystemInit
                0x0000000000002e08      0x1bc modules/hal_nordic/nrfx/libmodules__hal_nordic__nrfx.a(system_nrf52840.c.obj)
                0x0000000000002e08                SystemInit
 .text.nrfx_flag32_alloc
                0x0000000000002fc4       0x48 modules/hal_nordic/nrfx/libmodules__hal_nordic__nrfx.a(nrfx_flag32_allocator.c.obj)
                0x0000000000002fc4                nrfx_flag32_alloc
 .text.nrfx_flag32_free
                0x000000000000300c       0x40 modules/hal_nordic/nrfx/libmodules__hal_nordic__nrfx.a(nrfx_flag32_allocator.c.obj)
                0x000000000000300c                nrfx_flag32_free
 .text.nrfx_gppi_channels_enable
                0x000000000000304c        0xc modules/hal_nordic/nrfx/libmodules__hal_nordic__nrfx.a(nrfx_gppi_ppi.c.obj)
                0x000000000000304c                nrfx_gppi_channels_enable
 .text.clock_stop
                0x0000000000003058       0xc4 modules/hal_nordic/nrfx/libmodules__hal_nordic__nrfx.a(nrfx_clock.c.obj)
 .text.nrfx_clock_init
                0x000000000000311c       0x20 modules/hal_nordic/nrfx/libmodules__hal_nordic__nrfx.a(nrfx_clock.c.obj)
                0x000000000000311c                nrfx_clock_init
 .text.nrfx_clock_enable
                0x000000000000313c       0x24 modules/hal_nordic/nrfx/libmodules__hal_nordic__nrfx.a(nrfx_clock.c.obj)
                0x000000000000313c                nrfx_clock_enable
 .text.nrfx_clock_start
                0x0000000000003160       0xa8 modules/hal_nordic/nrfx/libmodules__hal_nordic__nrfx.a(nrfx_clock.c.obj)
                0x0000000000003160                nrfx_clock_start
 .text.nrfx_power_clock_irq_handler
                0x0000000000003208       0x68 modules/hal_nordic/nrfx/libmodules__hal_nordic__nrfx.a(nrfx_clock.c.obj)
                0x0000000000003208                nrfx_power_clock_irq_handler
 .text.nrf_gpio_pin_port_decode
                0x0000000000003270       0x20 modules/hal_nordic/nrfx/libmodules__hal_nordic__nrfx.a(nrfx_gpiote.c.obj)
 .text.get_pin_idx
                0x0000000000003290       0x14 modules/hal_nordic/nrfx/libmodules__hal_nordic__nrfx.a(nrfx_gpiote.c.obj)
 .text.call_handler.constprop.0
                0x00000000000032a4       0x40 modules/hal_nordic/nrfx/libmodules__hal_nordic__nrfx.a(nrfx_gpiote.c.obj)
 .text.pin_te_get.constprop.0
                0x00000000000032e4       0x18 modules/hal_nordic/nrfx/libmodules__hal_nordic__nrfx.a(nrfx_gpiote.c.obj)
 .text.pin_is_output.constprop.0
                0x00000000000032fc       0x18 modules/hal_nordic/nrfx/libmodules__hal_nordic__nrfx.a(nrfx_gpiote.c.obj)
 .text.pin_in_use_by_te.constprop.0
                0x0000000000003314       0x18 modules/hal_nordic/nrfx/libmodules__hal_nordic__nrfx.a(nrfx_gpiote.c.obj)
 .text.latch_pending_read_and_check
                0x000000000000332c       0x40 modules/hal_nordic/nrfx/libmodules__hal_nordic__nrfx.a(nrfx_gpiote.c.obj)
 .text.release_handler.isra.0
                0x000000000000336c       0x58 modules/hal_nordic/nrfx/libmodules__hal_nordic__nrfx.a(nrfx_gpiote.c.obj)
 .text.__nrfy_internal_gpiote_events_process.constprop.0
                0x00000000000033c4       0x5c modules/hal_nordic/nrfx/libmodules__hal_nordic__nrfx.a(nrfx_gpiote.c.obj)
 .text.pin_uninit
                0x0000000000003420       0x80 modules/hal_nordic/nrfx/libmodules__hal_nordic__nrfx.a(nrfx_gpiote.c.obj)
 .text.nrfx_gpiote_input_configure
                0x00000000000034a0      0x174 modules/hal_nordic/nrfx/libmodules__hal_nordic__nrfx.a(nrfx_gpiote.c.obj)
                0x00000000000034a0                nrfx_gpiote_input_configure
 .text.nrfx_gpiote_output_configure
                0x0000000000003614       0xfc modules/hal_nordic/nrfx/libmodules__hal_nordic__nrfx.a(nrfx_gpiote.c.obj)
                0x0000000000003614                nrfx_gpiote_output_configure
 .text.nrfx_gpiote_global_callback_set
                0x0000000000003710        0xc modules/hal_nordic/nrfx/libmodules__hal_nordic__nrfx.a(nrfx_gpiote.c.obj)
                0x0000000000003710                nrfx_gpiote_global_callback_set
 .text.nrfx_gpiote_channel_get
                0x000000000000371c       0x34 modules/hal_nordic/nrfx/libmodules__hal_nordic__nrfx.a(nrfx_gpiote.c.obj)
                0x000000000000371c                nrfx_gpiote_channel_get
 .text.nrfx_gpiote_init
                0x0000000000003750       0x70 modules/hal_nordic/nrfx/libmodules__hal_nordic__nrfx.a(nrfx_gpiote.c.obj)
                0x0000000000003750                nrfx_gpiote_init
 .text.nrfx_gpiote_init_check
                0x00000000000037c0       0x14 modules/hal_nordic/nrfx/libmodules__hal_nordic__nrfx.a(nrfx_gpiote.c.obj)
                0x00000000000037c0                nrfx_gpiote_init_check
 .text.nrfx_gpiote_channel_free
                0x00000000000037d4        0xc modules/hal_nordic/nrfx/libmodules__hal_nordic__nrfx.a(nrfx_gpiote.c.obj)
                0x00000000000037d4                nrfx_gpiote_channel_free
 .text.nrfx_gpiote_channel_alloc
                0x00000000000037e0        0xc modules/hal_nordic/nrfx/libmodules__hal_nordic__nrfx.a(nrfx_gpiote.c.obj)
                0x00000000000037e0                nrfx_gpiote_channel_alloc
 .text.nrfx_gpiote_trigger_enable
                0x00000000000037ec       0x9c modules/hal_nordic/nrfx/libmodules__hal_nordic__nrfx.a(nrfx_gpiote.c.obj)
                0x00000000000037ec                nrfx_gpiote_trigger_enable
 .text.nrfx_gpiote_0_irq_handler
                0x0000000000003888      0x1bc modules/hal_nordic/nrfx/libmodules__hal_nordic__nrfx.a(nrfx_gpiote.c.obj)
                0x0000000000003888                nrfx_gpiote_0_irq_handler
 .text.nrfx_ppi_channel_alloc
                0x0000000000003a44        0xc modules/hal_nordic/nrfx/libmodules__hal_nordic__nrfx.a(nrfx_ppi.c.obj)
                0x0000000000003a44                nrfx_ppi_channel_alloc
 .text.nrf_gpio_cfg.constprop.0
                0x0000000000003a50       0x48 modules/hal_nordic/nrfx/libmodules__hal_nordic__nrfx.a(nrfx_twi.c.obj)
 .text.twi_configure
                0x0000000000003a98       0x3c modules/hal_nordic/nrfx/libmodules__hal_nordic__nrfx.a(nrfx_twi.c.obj)
 .text.twi_tx_start_transfer
                0x0000000000003ad4      0x104 modules/hal_nordic/nrfx/libmodules__hal_nordic__nrfx.a(nrfx_twi.c.obj)
 .text.twi_rx_start_transfer
                0x0000000000003bd8       0xe4 modules/hal_nordic/nrfx/libmodules__hal_nordic__nrfx.a(nrfx_twi.c.obj)
 .text.nrfx_twi_init
                0x0000000000003cbc       0x88 modules/hal_nordic/nrfx/libmodules__hal_nordic__nrfx.a(nrfx_twi.c.obj)
                0x0000000000003cbc                nrfx_twi_init
 .text.nrfx_twi_enable
                0x0000000000003d44       0x20 modules/hal_nordic/nrfx/libmodules__hal_nordic__nrfx.a(nrfx_twi.c.obj)
                0x0000000000003d44                nrfx_twi_enable
 .text.nrfx_twi_disable
                0x0000000000003d64       0x38 modules/hal_nordic/nrfx/libmodules__hal_nordic__nrfx.a(nrfx_twi.c.obj)
                0x0000000000003d64                nrfx_twi_disable
 .text.nrfx_twi_xfer
                0x0000000000003d9c       0xdc modules/hal_nordic/nrfx/libmodules__hal_nordic__nrfx.a(nrfx_twi.c.obj)
                0x0000000000003d9c                nrfx_twi_xfer
 .text.nrfx_twi_0_irq_handler
                0x0000000000003e78       0xd8 modules/hal_nordic/nrfx/libmodules__hal_nordic__nrfx.a(nrfx_twi.c.obj)
                0x0000000000003e78                nrfx_twi_0_irq_handler
 .text.nrf_gpio_pin_port_decode
                0x0000000000003f50       0x20 modules/hal_nordic/nrfx/libmodules__hal_nordic__nrfx.a(nrfx_twi_twim.c.obj)
 .text.nrfx_twi_twim_bus_recover
                0x0000000000003f70       0xdc modules/hal_nordic/nrfx/libmodules__hal_nordic__nrfx.a(nrfx_twi_twim.c.obj)
                0x0000000000003f70                nrfx_twi_twim_bus_recover
 .text._DoInit  0x000000000000404c       0x68 modules/segger/libmodules__segger.a(SEGGER_RTT.c.obj)
 .text.z_fatal_error
                0x00000000000040b4       0x30 zephyr/kernel/libkernel.a(fatal.c.obj)
                0x00000000000040b4                z_fatal_error
 .text.z_sys_init_run_level
                0x00000000000040e4       0x48 zephyr/kernel/libkernel.a(init.c.obj)
 .text.bg_thread_main
                0x000000000000412c       0x34 zephyr/kernel/libkernel.a(init.c.obj)
 .text.z_bss_zero
                0x0000000000004160       0x18 zephyr/kernel/libkernel.a(init.c.obj)
                0x0000000000004160                z_bss_zero
 .text.z_init_cpu
                0x0000000000004178       0x8c zephyr/kernel/libkernel.a(init.c.obj)
                0x0000000000004178                z_init_cpu
 .text.z_cstart
                0x0000000000004204       0xdc zephyr/kernel/libkernel.a(init.c.obj)
                0x0000000000004204                z_cstart
 .text.init_mem_slab_obj_core_list
                0x00000000000042e0       0x24 zephyr/kernel/libkernel.a(mem_slab.c.obj)
 .text.k_mem_slab_alloc
                0x0000000000004304       0x5c zephyr/kernel/libkernel.a(mem_slab.c.obj)
                0x0000000000004304                k_mem_slab_alloc
 .text.z_setup_new_thread
                0x0000000000004360       0x80 zephyr/kernel/libkernel.a(thread.c.obj)
                0x0000000000004360                z_setup_new_thread
 .text.z_init_static_threads
                0x00000000000043e0       0x98 zephyr/kernel/libkernel.a(thread.c.obj)
                0x00000000000043e0                z_init_static_threads
 .text.z_impl_k_mutex_unlock
                0x0000000000004478       0x78 zephyr/kernel/libkernel.a(mutex.c.obj)
                0x0000000000004478                z_impl_k_mutex_unlock
 .text.z_impl_k_mutex_lock
                0x00000000000044f0       0xf4 zephyr/kernel/libkernel.a(mutex.c.obj)
                0x00000000000044f0                z_impl_k_mutex_lock
 .text.z_impl_k_sem_give
                0x00000000000045e4       0x48 zephyr/kernel/libkernel.a(sem.c.obj)
                0x00000000000045e4                z_impl_k_sem_give
 .text.z_impl_k_sem_take
                0x000000000000462c       0x50 zephyr/kernel/libkernel.a(sem.c.obj)
                0x000000000000462c                z_impl_k_sem_take
 .text.sliceable
                0x000000000000467c       0x3c zephyr/kernel/libkernel.a(sched.c.obj)
 .text.slice_timeout
                0x00000000000046b8       0x20 zephyr/kernel/libkernel.a(sched.c.obj)
 .text.z_reset_time_slice
                0x00000000000046d8       0x50 zephyr/kernel/libkernel.a(sched.c.obj)
                0x00000000000046d8                z_reset_time_slice
 .text.update_cache
                0x0000000000004728       0x3c zephyr/kernel/libkernel.a(sched.c.obj)
 .text.move_thread_to_end_of_prio_q
                0x0000000000004764       0x74 zephyr/kernel/libkernel.a(sched.c.obj)
 .text.ready_thread
                0x00000000000047d8       0x68 zephyr/kernel/libkernel.a(sched.c.obj)
 .text.unready_thread
                0x0000000000004840       0x30 zephyr/kernel/libkernel.a(sched.c.obj)
 .text.pend_locked
                0x0000000000004870       0x30 zephyr/kernel/libkernel.a(sched.c.obj)
 .text.z_thread_halt
                0x00000000000048a0       0xa0 zephyr/kernel/libkernel.a(sched.c.obj)
 .text.z_time_slice
                0x0000000000004940       0x60 zephyr/kernel/libkernel.a(sched.c.obj)
                0x0000000000004940                z_time_slice
 .text.z_pend_curr
                0x00000000000049a0       0x3c zephyr/kernel/libkernel.a(sched.c.obj)
                0x00000000000049a0                z_pend_curr
 .text.z_set_prio
                0x00000000000049dc       0x8c zephyr/kernel/libkernel.a(sched.c.obj)
                0x00000000000049dc                z_set_prio
 .text.z_reschedule
                0x0000000000004a68       0x24 zephyr/kernel/libkernel.a(sched.c.obj)
                0x0000000000004a68                z_reschedule
 .text.z_sched_start
                0x0000000000004a8c       0x3c zephyr/kernel/libkernel.a(sched.c.obj)
                0x0000000000004a8c                z_sched_start
 .text.k_sched_lock
                0x0000000000004ac8       0x28 zephyr/kernel/libkernel.a(sched.c.obj)
                0x0000000000004ac8                k_sched_lock
 .text.k_sched_unlock
                0x0000000000004af0       0x38 zephyr/kernel/libkernel.a(sched.c.obj)
                0x0000000000004af0                k_sched_unlock
 .text.z_sched_init
                0x0000000000004b28       0x10 zephyr/kernel/libkernel.a(sched.c.obj)
                0x0000000000004b28                z_sched_init
 .text.z_impl_k_yield
                0x0000000000004b38       0x7c zephyr/kernel/libkernel.a(sched.c.obj)
                0x0000000000004b38                z_impl_k_yield
 .text.z_tick_sleep
                0x0000000000004bb4       0x88 zephyr/kernel/libkernel.a(sched.c.obj)
 .text.z_impl_k_sleep
                0x0000000000004c3c       0x34 zephyr/kernel/libkernel.a(sched.c.obj)
                0x0000000000004c3c                z_impl_k_sleep
 .text.z_impl_k_sched_current_thread_query
                0x0000000000004c70        0xc zephyr/kernel/libkernel.a(sched.c.obj)
                0x0000000000004c70                z_impl_k_sched_current_thread_query
 .text.z_data_copy
                0x0000000000004c7c       0x34 zephyr/kernel/libkernel.a(xip.c.obj)
                0x0000000000004c7c                z_data_copy
 .text.elapsed  0x0000000000004cb0       0x14 zephyr/kernel/libkernel.a(timeout.c.obj)
 .text.next_timeout
                0x0000000000004cc4       0x40 zephyr/kernel/libkernel.a(timeout.c.obj)
 .text.remove_timeout
                0x0000000000004d04       0x38 zephyr/kernel/libkernel.a(timeout.c.obj)
 .text.z_add_timeout
                0x0000000000004d3c       0xec zephyr/kernel/libkernel.a(timeout.c.obj)
                0x0000000000004d3c                z_add_timeout
 .text.sys_clock_announce
                0x0000000000004e28       0xd4 zephyr/kernel/libkernel.a(timeout.c.obj)
                0x0000000000004e28                sys_clock_announce
 .text.sys_clock_tick_get
                0x0000000000004efc       0x34 zephyr/kernel/libkernel.a(timeout.c.obj)
                0x0000000000004efc                sys_clock_tick_get
 .text.z_timer_expiration_handler
                0x0000000000004f30       0xe4 zephyr/kernel/libkernel.a(timer.c.obj)
                0x0000000000004f30                z_timer_expiration_handler
 .text.z_impl_k_timer_start
                0x0000000000005014       0x74 zephyr/kernel/libkernel.a(timer.c.obj)
                0x0000000000005014                z_impl_k_timer_start
 .text.z_impl_k_timer_status_sync
                0x0000000000005088       0x58 zephyr/kernel/libkernel.a(timer.c.obj)
                0x0000000000005088                z_impl_k_timer_status_sync
 .text.boot_banner
                0x00000000000050e0        0xc zephyr/kernel/libkernel.a(banner.c.obj)
                0x00000000000050e0                boot_banner
 .text.nrf_cc3xx_platform_init_no_rng
                0x00000000000050ec       0x38 /home/pramos/ncs/v2.6.0/nrfxlib/crypto/nrf_cc310_platform/lib/cortex-m4/soft-float/no-interrupts/libnrf_cc310_platform_0.9.19.a(nrf_cc3xx_platform.c.obj)
                0x00000000000050ec                nrf_cc3xx_platform_init_no_rng
 .text.nrf_cc3xx_platform_abort
                0x0000000000005124       0x24 /home/pramos/ncs/v2.6.0/nrfxlib/crypto/nrf_cc310_platform/lib/cortex-m4/soft-float/no-interrupts/libnrf_cc310_platform_0.9.19.a(nrf_cc3xx_platform_abort.c.obj)
 .text.CC_PalAbort
                0x0000000000005148       0x34 /home/pramos/ncs/v2.6.0/nrfxlib/crypto/nrf_cc310_platform/lib/cortex-m4/soft-float/no-interrupts/libnrf_cc310_platform_0.9.19.a(nrf_cc3xx_platform_abort.c.obj)
                0x0000000000005148                CC_PalAbort
 .text.nrf_cc3xx_platform_set_abort
                0x000000000000517c       0x10 /home/pramos/ncs/v2.6.0/nrfxlib/crypto/nrf_cc310_platform/lib/cortex-m4/soft-float/no-interrupts/libnrf_cc310_platform_0.9.19.a(nrf_cc3xx_platform_abort.c.obj)
                0x000000000000517c                nrf_cc3xx_platform_set_abort
 .text.mutex_free
                0x000000000000518c       0x34 /home/pramos/ncs/v2.6.0/nrfxlib/crypto/nrf_cc310_platform/lib/cortex-m4/soft-float/no-interrupts/libnrf_cc310_platform_0.9.19.a(nrf_cc3xx_platform_mutex.c.obj)
 .text.mutex_lock
                0x00000000000051c0       0x48 /home/pramos/ncs/v2.6.0/nrfxlib/crypto/nrf_cc310_platform/lib/cortex-m4/soft-float/no-interrupts/libnrf_cc310_platform_0.9.19.a(nrf_cc3xx_platform_mutex.c.obj)
 .text.mutex_unlock
                0x0000000000005208       0x38 /home/pramos/ncs/v2.6.0/nrfxlib/crypto/nrf_cc310_platform/lib/cortex-m4/soft-float/no-interrupts/libnrf_cc310_platform_0.9.19.a(nrf_cc3xx_platform_mutex.c.obj)
 .text.mutex_init
                0x0000000000005240       0x20 /home/pramos/ncs/v2.6.0/nrfxlib/crypto/nrf_cc310_platform/lib/cortex-m4/soft-float/no-interrupts/libnrf_cc310_platform_0.9.19.a(nrf_cc3xx_platform_mutex.c.obj)
 .text.nrf_cc3xx_platform_set_mutexes
                0x0000000000005260       0x74 /home/pramos/ncs/v2.6.0/nrfxlib/crypto/nrf_cc310_platform/lib/cortex-m4/soft-float/no-interrupts/libnrf_cc310_platform_0.9.19.a(nrf_cc3xx_platform_mutex.c.obj)
                0x0000000000005260                nrf_cc3xx_platform_set_mutexes
 .text.CC_LibInitNoRng
                0x00000000000052d4       0x64 /home/pramos/ncs/v2.6.0/nrfxlib/crypto/nrf_cc310_platform/lib/cortex-m4/soft-float/no-interrupts/libnrf_cc310_platform_0.9.19.a(cc_lib.c.obj)
                0x00000000000052d4                CC_LibInitNoRng
 .text.CC_HalInit
                0x0000000000005338        0x4 /home/pramos/ncs/v2.6.0/nrfxlib/crypto/nrf_cc310_platform/lib/cortex-m4/soft-float/no-interrupts/libnrf_cc310_platform_0.9.19.a(cc_hal.c.obj)
                0x0000000000005338                CC_HalInit
 .text.CC_HalTerminate
                0x000000000000533c        0x4 /home/pramos/ncs/v2.6.0/nrfxlib/crypto/nrf_cc310_platform/lib/cortex-m4/soft-float/no-interrupts/libnrf_cc310_platform_0.9.19.a(cc_hal.c.obj)
                0x000000000000533c                CC_HalTerminate
 .text.CC_HalMaskInterrupt
                0x0000000000005340        0xc /home/pramos/ncs/v2.6.0/nrfxlib/crypto/nrf_cc310_platform/lib/cortex-m4/soft-float/no-interrupts/libnrf_cc310_platform_0.9.19.a(cc_hal.c.obj)
                0x0000000000005340                CC_HalMaskInterrupt
 .text.CC_PalInit
                0x000000000000534c       0x5c /home/pramos/ncs/v2.6.0/nrfxlib/crypto/nrf_cc310_platform/lib/cortex-m4/soft-float/no-interrupts/libnrf_cc310_platform_0.9.19.a(cc_pal.c.obj)
                0x000000000000534c                CC_PalInit
 .text.CC_PalTerminate
                0x00000000000053a8       0x34 /home/pramos/ncs/v2.6.0/nrfxlib/crypto/nrf_cc310_platform/lib/cortex-m4/soft-float/no-interrupts/libnrf_cc310_platform_0.9.19.a(cc_pal.c.obj)
                0x00000000000053a8                CC_PalTerminate
 .text.CC_PalDmaInit
                0x00000000000053dc        0x4 /home/pramos/ncs/v2.6.0/nrfxlib/crypto/nrf_cc310_platform/lib/cortex-m4/soft-float/no-interrupts/libnrf_cc310_platform_0.9.19.a(cc_pal_dma.c.obj)
                0x00000000000053dc                CC_PalDmaInit
 .text.CC_PalDmaTerminate
                0x00000000000053e0        0x4 /home/pramos/ncs/v2.6.0/nrfxlib/crypto/nrf_cc310_platform/lib/cortex-m4/soft-float/no-interrupts/libnrf_cc310_platform_0.9.19.a(cc_pal_dma.c.obj)
                0x00000000000053e0                CC_PalDmaTerminate
 .text.CC_PalMutexCreate
                0x00000000000053e4       0x14 /home/pramos/ncs/v2.6.0/nrfxlib/crypto/nrf_cc310_platform/lib/cortex-m4/soft-float/no-interrupts/libnrf_cc310_platform_0.9.19.a(cc_pal_mutex.c.obj)
                0x00000000000053e4                CC_PalMutexCreate
 .text.CC_PalMutexDestroy
                0x00000000000053f8       0x14 /home/pramos/ncs/v2.6.0/nrfxlib/crypto/nrf_cc310_platform/lib/cortex-m4/soft-float/no-interrupts/libnrf_cc310_platform_0.9.19.a(cc_pal_mutex.c.obj)
                0x00000000000053f8                CC_PalMutexDestroy
 .text.CC_PalPowerSaveModeInit
                0x000000000000540c       0x3c /home/pramos/ncs/v2.6.0/nrfxlib/crypto/nrf_cc310_platform/lib/cortex-m4/soft-float/no-interrupts/libnrf_cc310_platform_0.9.19.a(cc_pal_pm.c.obj)
                0x000000000000540c                CC_PalPowerSaveModeInit
 .text.CC_PalPowerSaveModeSelect
                0x0000000000005448       0x84 /home/pramos/ncs/v2.6.0/nrfxlib/crypto/nrf_cc310_platform/lib/cortex-m4/soft-float/no-interrupts/libnrf_cc310_platform_0.9.19.a(cc_pal_pm.c.obj)
                0x0000000000005448                CC_PalPowerSaveModeSelect
 .text.__l_vfprintf
                0x00000000000054cc      0x4b8 /home/pramos/ncs/toolchains/2be090971e/opt/zephyr-sdk/arm-zephyr-eabi/bin/../lib/gcc/../../picolibc/arm-zephyr-eabi/lib/thumb/v7e-m/nofp/libc.a(libc_tinystdio_vflprintf.c.o)
                0x00000000000054cc                __l_vfprintf
 .text._OffsetAbsSyms
                0x0000000000005984        0x2 zephyr/CMakeFiles/offsets.dir/./arch/arm/core/offsets/offsets.c.obj
                0x0000000000005984                _OffsetAbsSyms
 .text.gpio_pin_set_dt.isra.0
                0x0000000000005986       0x28 app/libapp.a(main.c.obj)
 .text.gpio_pin_configure_dt.constprop.0.isra.0
                0x00000000000059ae       0x34 app/libapp.a(main.c.obj)
 .text.btn1_handler
                0x00000000000059e2       0x14 app/libapp.a(buttons.c.obj)
 .text.btn4_handler
                0x00000000000059f6       0x18 app/libapp.a(buttons.c.obj)
 .text.btn2_handler
                0x0000000000005a0e       0x18 app/libapp.a(buttons.c.obj)
 .text.gpio_pin_interrupt_configure_dt.constprop.0.isra.0
                0x0000000000005a26       0x32 app/libapp.a(buttons.c.obj)
 .text.gpio_pin_configure_dt.constprop.0.isra.0
                0x0000000000005a58       0x2e app/libapp.a(buttons.c.obj)
 .text.k_mutex_lock.constprop.0.isra.0
                0x0000000000005a86        0x4 app/libapp.a(rtdb.c.obj)
 .text.k_mutex_unlock.isra.0
                0x0000000000005a8a        0x4 app/libapp.a(rtdb.c.obj)
 .text.arch_printk_char_out
                0x0000000000005a8e        0x4 zephyr/libzephyr.a(printk.c.obj)
                0x0000000000005a8e                arch_printk_char_out
 .text.printk   0x0000000000005a92       0x1a zephyr/libzephyr.a(printk.c.obj)
                0x0000000000005a92                printk
 .text.chunk_size
                0x0000000000005aac        0xa zephyr/libzephyr.a(heap.c.obj)
 .text.free_list_add
                0x0000000000005ab6       0x4e zephyr/libzephyr.a(heap.c.obj)
 .text.sys_heap_init
                0x0000000000005b04       0x7a zephyr/libzephyr.a(heap.c.obj)
                0x0000000000005b04                sys_heap_init
 .text.process_recheck
                0x0000000000005b7e       0x38 zephyr/libzephyr.a(onoff.c.obj)
 .text.validate_args
                0x0000000000005bb6       0x20 zephyr/libzephyr.a(onoff.c.obj)
 .text.notify_one
                0x0000000000005bd6       0x2c zephyr/libzephyr.a(onoff.c.obj)
 .text.transition_complete
                0x0000000000005c02       0x1c zephyr/libzephyr.a(onoff.c.obj)
 .text.onoff_manager_init
                0x0000000000005c1e       0x26 zephyr/libzephyr.a(onoff.c.obj)
                0x0000000000005c1e                onoff_manager_init
 .text.onoff_request
                0x0000000000005c44       0xb0 zephyr/libzephyr.a(onoff.c.obj)
                0x0000000000005c44                onoff_request
 .text.sys_notify_validate
                0x0000000000005cf4       0x22 zephyr/libzephyr.a(notify.c.obj)
                0x0000000000005cf4                sys_notify_validate
 .text.sys_notify_finalize
                0x0000000000005d16       0x1a zephyr/libzephyr.a(notify.c.obj)
                0x0000000000005d16                sys_notify_finalize
 .text._ConfigAbsSyms
                0x0000000000005d30        0x2 zephyr/libzephyr.a(configs.c.obj)
                0x0000000000005d30                _ConfigAbsSyms
 .text.abort_function
                0x0000000000005d32        0x8 zephyr/libzephyr.a(nrf_cc3xx_platform_abort_zephyr.c.obj)
 .text.z_arm_fatal_error
                0x0000000000005d3a        0x4 zephyr/arch/arch/arm/core/libarch__arm__core.a(fatal.c.obj)
                0x0000000000005d3a                z_arm_fatal_error
 .text.z_do_kernel_oops
                0x0000000000005d3e        0x8 zephyr/arch/arch/arm/core/libarch__arm__core.a(fatal.c.obj)
                0x0000000000005d3e                z_do_kernel_oops
 .text.z_arm_nmi
                0x0000000000005d46        0xe zephyr/arch/arch/arm/core/libarch__arm__core.a(nmi.c.obj)
                0x0000000000005d46                z_arm_nmi
 .text.z_irq_spurious
                0x0000000000005d54        0x8 zephyr/arch/arch/arm/core/cortex_m/libarch__arm__core__cortex_m.a(irq_manage.c.obj)
                0x0000000000005d54                z_irq_spurious
 .text.size_to_mpu_rasr_size
                0x0000000000005d5c       0x20 zephyr/arch/arch/arm/core/mpu/libarch__arm__core__mpu.a(arm_mpu.c.obj)
 .text.mpu_configure_regions
                0x0000000000005d7c       0x5c zephyr/arch/arch/arm/core/mpu/libarch__arm__core__mpu.a(arm_mpu.c.obj)
 .text.picolibc_put
                0x0000000000005dd8        0xa zephyr/lib/libc/picolibc/liblib__libc__picolibc.a(libc-hooks.c.obj)
 .text.get_status
                0x0000000000005de2       0x12 zephyr/drivers/clock_control/libdrivers__clock_control.a(clock_control_nrf.c.obj)
 .text.set_on_state
                0x0000000000005df4       0x26 zephyr/drivers/clock_control/libdrivers__clock_control.a(clock_control_nrf.c.obj)
 .text.stop     0x0000000000005e1a       0x54 zephyr/drivers/clock_control/libdrivers__clock_control.a(clock_control_nrf.c.obj)
 .text.api_stop
                0x0000000000005e6e        0x6 zephyr/drivers/clock_control/libdrivers__clock_control.a(clock_control_nrf.c.obj)
 .text.async_start
                0x0000000000005e74       0x5e zephyr/drivers/clock_control/libdrivers__clock_control.a(clock_control_nrf.c.obj)
 .text.api_start
                0x0000000000005ed2        0xe zephyr/drivers/clock_control/libdrivers__clock_control.a(clock_control_nrf.c.obj)
 .text.onoff_started_callback
                0x0000000000005ee0       0x12 zephyr/drivers/clock_control/libdrivers__clock_control.a(clock_control_nrf.c.obj)
 .text.lfclk_start
                0x0000000000005ef2        0x6 zephyr/drivers/clock_control/libdrivers__clock_control.a(clock_control_nrf.c.obj)
 .text.lfclk_stop
                0x0000000000005ef8        0x6 zephyr/drivers/clock_control/libdrivers__clock_control.a(clock_control_nrf.c.obj)
 .text.blocking_start_callback
                0x0000000000005efe        0x6 zephyr/drivers/clock_control/libdrivers__clock_control.a(clock_control_nrf.c.obj)
 .text.gpio_nrfx_port_get_raw
                0x0000000000005f04        0xe zephyr/drivers/gpio/libdrivers__gpio.a(gpio_nrfx.c.obj)
 .text.gpio_nrfx_port_set_masked_raw
                0x0000000000005f12       0x18 zephyr/drivers/gpio/libdrivers__gpio.a(gpio_nrfx.c.obj)
 .text.gpio_nrfx_port_set_bits_raw
                0x0000000000005f2a        0xc zephyr/drivers/gpio/libdrivers__gpio.a(gpio_nrfx.c.obj)
 .text.gpio_nrfx_port_clear_bits_raw
                0x0000000000005f36        0xc zephyr/drivers/gpio/libdrivers__gpio.a(gpio_nrfx.c.obj)
 .text.gpio_nrfx_port_toggle_bits
                0x0000000000005f42       0x1a zephyr/drivers/gpio/libdrivers__gpio.a(gpio_nrfx.c.obj)
 .text.gpio_nrfx_manage_callback
                0x0000000000005f5c       0x52 zephyr/drivers/gpio/libdrivers__gpio.a(gpio_nrfx.c.obj)
 .text.i2c_nrfx_twi_configure
                0x0000000000005fae       0x32 zephyr/drivers/i2c/libdrivers__i2c.a(i2c_nrfx_twi.c.obj)
 .text.pinctrl_lookup_state
                0x0000000000005fe0       0x26 zephyr/drivers/pinctrl/libdrivers__pinctrl.a(common.c.obj)
                0x0000000000005fe0                pinctrl_lookup_state
 .text.uarte_nrfx_err_check
                0x0000000000006006        0xe zephyr/drivers/serial/libdrivers__serial.a(uart_nrfx_uarte.c.obj)
 .text.uarte_nrfx_poll_in
                0x0000000000006014       0x28 zephyr/drivers/serial/libdrivers__serial.a(uart_nrfx_uarte.c.obj)
 .text.is_tx_ready.isra.0
                0x000000000000603c       0x20 zephyr/drivers/serial/libdrivers__serial.a(uart_nrfx_uarte.c.obj)
 .text.uarte_nrfx_isr_int
                0x000000000000605c       0x72 zephyr/drivers/serial/libdrivers__serial.a(uart_nrfx_uarte.c.obj)
 .text.event_clear
                0x00000000000060ce       0x18 zephyr/drivers/timer/libdrivers__timer.a(nrf_rtc_timer.c.obj)
 .text.k_sys_fatal_error_handler
                0x00000000000060e6        0x8 modules/nrf/lib/fatal_error/lib..__nrf__lib__fatal_error.a(fatal_error.c.obj)
                0x00000000000060e6                k_sys_fatal_error_handler
 .text.hw_cc3xx_init_internal
                0x00000000000060ee        0x4 modules/nrf/drivers/hw_cc3xx/lib..__nrf__drivers__hw_cc3xx.a(hw_cc3xx.c.obj)
 .text.hw_cc3xx_init
                0x00000000000060f2       0x12 modules/nrf/drivers/hw_cc3xx/lib..__nrf__drivers__hw_cc3xx.a(hw_cc3xx.c.obj)
 .text.nrfx_isr
                0x0000000000006104        0x2 modules/hal_nordic/nrfx/libmodules__hal_nordic__nrfx.a(nrfx_glue.c.obj)
                0x0000000000006104                nrfx_isr
 .text.nrfx_busy_wait
                0x0000000000006106        0x4 modules/hal_nordic/nrfx/libmodules__hal_nordic__nrfx.a(nrfx_glue.c.obj)
                0x0000000000006106                nrfx_busy_wait
 .text.nrfx_gppi_channel_endpoints_setup
                0x000000000000610a       0x14 modules/hal_nordic/nrfx/libmodules__hal_nordic__nrfx.a(nrfx_gppi_ppi.c.obj)
                0x000000000000610a                nrfx_gppi_channel_endpoints_setup
 .text.nrfx_clock_stop
                0x000000000000611e        0x4 modules/hal_nordic/nrfx/libmodules__hal_nordic__nrfx.a(nrfx_clock.c.obj)
                0x000000000000611e                nrfx_clock_stop
 .text.nrf_gpio_reconfigure
                0x0000000000006122       0x92 modules/hal_nordic/nrfx/libmodules__hal_nordic__nrfx.a(nrfx_gpiote.c.obj)
 .text.nrf_gpio_cfg_sense_set
                0x00000000000061b4       0x1e modules/hal_nordic/nrfx/libmodules__hal_nordic__nrfx.a(nrfx_gpiote.c.obj)
 .text.pin_trigger_disable
                0x00000000000061d2       0x48 modules/hal_nordic/nrfx/libmodules__hal_nordic__nrfx.a(nrfx_gpiote.c.obj)
 .text.nrfx_gpiote_pin_uninit
                0x000000000000621a        0x4 modules/hal_nordic/nrfx/libmodules__hal_nordic__nrfx.a(nrfx_gpiote.c.obj)
                0x000000000000621a                nrfx_gpiote_pin_uninit
 .text.nrfx_gpiote_trigger_disable
                0x000000000000621e        0x4 modules/hal_nordic/nrfx/libmodules__hal_nordic__nrfx.a(nrfx_gpiote.c.obj)
                0x000000000000621e                nrfx_gpiote_trigger_disable
 .text.twi_transfer
                0x0000000000006222      0x130 modules/hal_nordic/nrfx/libmodules__hal_nordic__nrfx.a(nrfx_twi.c.obj)
 .text.nrf_gpio_pin_set
                0x0000000000006352       0x1a modules/hal_nordic/nrfx/libmodules__hal_nordic__nrfx.a(nrfx_twi_twim.c.obj)
 .text.SEGGER_RTT_Init
                0x000000000000636c        0x4 modules/segger/libmodules__segger.a(SEGGER_RTT.c.obj)
                0x000000000000636c                SEGGER_RTT_Init
 .text.rtt_init
                0x0000000000006370        0xa modules/segger/libmodules__segger.a(SEGGER_RTT_zephyr.c.obj)
 .text.z_impl_k_busy_wait
                0x000000000000637a        0x8 zephyr/kernel/libkernel.a(busy_wait.c.obj)
                0x000000000000637a                z_impl_k_busy_wait
 .text.z_device_state_init
                0x0000000000006382        0x2 zephyr/kernel/libkernel.a(device.c.obj)
                0x0000000000006382                z_device_state_init
 .text.z_device_is_ready
                0x0000000000006384       0x16 zephyr/kernel/libkernel.a(device.c.obj)
                0x0000000000006384                z_device_is_ready
 .text.z_early_memset
                0x000000000000639a        0x4 zephyr/kernel/libkernel.a(init.c.obj)
                0x000000000000639a                z_early_memset
 .text.z_early_memcpy
                0x000000000000639e        0x4 zephyr/kernel/libkernel.a(init.c.obj)
                0x000000000000639e                z_early_memcpy
 .text.create_free_list
                0x00000000000063a2       0x2c zephyr/kernel/libkernel.a(mem_slab.c.obj)
 .text.k_mem_slab_init
                0x00000000000063ce       0x1c zephyr/kernel/libkernel.a(mem_slab.c.obj)
                0x00000000000063ce                k_mem_slab_init
 .text.k_mem_slab_free
                0x00000000000063ea       0x4c zephyr/kernel/libkernel.a(mem_slab.c.obj)
                0x00000000000063ea                k_mem_slab_free
 .text.k_is_in_isr
                0x0000000000006436        0xc zephyr/kernel/libkernel.a(thread.c.obj)
                0x0000000000006436                k_is_in_isr
 .text.idle     0x0000000000006442       0x18 zephyr/kernel/libkernel.a(idle.c.obj)
                0x0000000000006442                idle
 .text.adjust_owner_prio.isra.0
                0x000000000000645a       0x10 zephyr/kernel/libkernel.a(mutex.c.obj)
 .text.z_impl_k_mutex_init
                0x000000000000646a        0xe zephyr/kernel/libkernel.a(mutex.c.obj)
                0x000000000000646a                z_impl_k_mutex_init
 .text.sys_dlist_remove
                0x0000000000006478       0x10 zephyr/kernel/libkernel.a(sched.c.obj)
 .text.unpend_thread_no_timeout
                0x0000000000006488       0x14 zephyr/kernel/libkernel.a(sched.c.obj)
 .text.add_to_waitq_locked
                0x000000000000649c       0x50 zephyr/kernel/libkernel.a(sched.c.obj)
 .text.z_ready_thread
                0x00000000000064ec       0x20 zephyr/kernel/libkernel.a(sched.c.obj)
                0x00000000000064ec                z_ready_thread
 .text.z_impl_k_thread_suspend
                0x000000000000650c       0x36 zephyr/kernel/libkernel.a(sched.c.obj)
                0x000000000000650c                z_impl_k_thread_suspend
 .text.z_unpend_thread_no_timeout
                0x0000000000006542       0x24 zephyr/kernel/libkernel.a(sched.c.obj)
                0x0000000000006542                z_unpend_thread_no_timeout
 .text.z_sched_wake_thread
                0x0000000000006566       0x44 zephyr/kernel/libkernel.a(sched.c.obj)
                0x0000000000006566                z_sched_wake_thread
 .text.z_thread_timeout
                0x00000000000065aa        0x8 zephyr/kernel/libkernel.a(sched.c.obj)
                0x00000000000065aa                z_thread_timeout
 .text.z_unpend_first_thread
                0x00000000000065b2       0x38 zephyr/kernel/libkernel.a(sched.c.obj)
                0x00000000000065b2                z_unpend_first_thread
 .text.z_reschedule_irqlock
                0x00000000000065ea       0x18 zephyr/kernel/libkernel.a(sched.c.obj)
                0x00000000000065ea                z_reschedule_irqlock
 .text.z_reschedule_unlocked
                0x0000000000006602       0x14 zephyr/kernel/libkernel.a(sched.c.obj)
 .text.z_thread_abort
                0x0000000000006616       0x42 zephyr/kernel/libkernel.a(sched.c.obj)
                0x0000000000006616                z_thread_abort
 .text.z_abort_timeout
                0x0000000000006658       0x2c zephyr/kernel/libkernel.a(timeout.c.obj)
                0x0000000000006658                z_abort_timeout
 .text.sys_clock_tick_get_32
                0x0000000000006684        0x8 zephyr/kernel/libkernel.a(timeout.c.obj)
                0x0000000000006684                sys_clock_tick_get_32
 .text.z_impl_k_uptime_ticks
                0x000000000000668c        0x4 zephyr/kernel/libkernel.a(timeout.c.obj)
                0x000000000000668c                z_impl_k_uptime_ticks
 .text.strnlen  0x0000000000006690       0x18 /home/pramos/ncs/toolchains/2be090971e/opt/zephyr-sdk/arm-zephyr-eabi/bin/../lib/gcc/../../picolibc/arm-zephyr-eabi/lib/thumb/v7e-m/nofp/libc.a(libc_string_strnlen.c.o)
                0x0000000000006690                strnlen
 .text.__ultoa_invert
                0x00000000000066a8       0xae /home/pramos/ncs/toolchains/2be090971e/opt/zephyr-sdk/arm-zephyr-eabi/bin/../lib/gcc/../../picolibc/arm-zephyr-eabi/lib/thumb/v7e-m/nofp/libc.a(libc_tinystdio_vflprintf.c.o)
 .text.memcpy   0x0000000000006756       0x1c /home/pramos/ncs/toolchains/2be090971e/opt/zephyr-sdk/arm-zephyr-eabi/bin/../lib/gcc/../../picolibc/arm-zephyr-eabi/lib/thumb/v7e-m/nofp/libc.a(memcpy.c.o)
                0x0000000000006756                memcpy
                0x0000000000006756                __aeabi_memcpy
                0x0000000000006756                __aeabi_memcpy4
                0x0000000000006756                __aeabi_memcpy8
 .text.memset   0x0000000000006772       0x10 /home/pramos/ncs/toolchains/2be090971e/opt/zephyr-sdk/arm-zephyr-eabi/bin/../lib/gcc/../../picolibc/arm-zephyr-eabi/lib/thumb/v7e-m/nofp/libc.a(memset.c.o)
                0x0000000000006772                memset
 *(SORT_BY_ALIGNMENT(.TEXT.*))
 *fill*         0x0000000000006782        0x2 
 .TEXT.__aeabi_read_tp
                0x0000000000006784        0xc zephyr/arch/arch/arm/core/cortex_m/libarch__arm__core__cortex_m.a(__aeabi_read_tp.S.obj)
                0x0000000000006784                __aeabi_read_tp
 *(SORT_BY_ALIGNMENT(.gnu.linkonce.t.*))
 *(SORT_BY_ALIGNMENT(.glue_7t))
 .glue_7t       0x0000000000006790        0x0 linker stubs
 *(SORT_BY_ALIGNMENT(.glue_7))
 .glue_7        0x0000000000006790        0x0 linker stubs
 *(SORT_BY_ALIGNMENT(.vfp11_veneer))
 .vfp11_veneer  0x0000000000006790        0x0 linker stubs
 *(SORT_BY_ALIGNMENT(.v4_bx))
 .v4_bx         0x0000000000006790        0x0 linker stubs
                0x0000000000006790                . = ALIGN (0x4)
                0x0000000000006790                __text_region_end = .

.ARM.exidx      0x0000000000006790        0x8
                0x0000000000006790                __exidx_start = .
 *(SORT_BY_ALIGNMENT(.ARM.exidx*) SORT_BY_ALIGNMENT(gnu.linkonce.armexidx.*))
 .ARM.exidx     0x0000000000006790        0x8 /home/pramos/ncs/toolchains/2be090971e/opt/zephyr-sdk/arm-zephyr-eabi/bin/../lib/gcc/arm-zephyr-eabi/12.2.0/thumb/v7e-m/nofp/libgcc.a(_udivmoddi4.o)
                0x0000000000006798                __exidx_end = .
                0x0000000000006798                __rodata_region_start = .

initlevel       0x0000000000006798       0x68
                0x0000000000006798                __init_start = .
                0x0000000000006798                __init_EARLY_start = .
 *(SORT_BY_NAME(SORT_BY_ALIGNMENT(.z_init_EARLY?_*)))
 *(SORT_BY_NAME(SORT_BY_ALIGNMENT(.z_init_EARLY??_*)))
                0x0000000000006798                __init_PRE_KERNEL_1_start = .
 *(SORT_BY_NAME(SORT_BY_ALIGNMENT(.z_init_PRE_KERNEL_1?_*)))
 .z_init_PRE_KERNEL_10_0_
                0x0000000000006798        0x8 zephyr/soc/soc/arm/nordic_nrf/libsoc__arm__nordic_nrf.a(soc.c.obj)
 *(SORT_BY_NAME(SORT_BY_ALIGNMENT(.z_init_PRE_KERNEL_1??_*)))
 .z_init_PRE_KERNEL_130_00075_
                0x00000000000067a0        0x8 zephyr/drivers/clock_control/libdrivers__clock_control.a(clock_control_nrf.c.obj)
 .z_init_PRE_KERNEL_130_0_
                0x00000000000067a8        0x8 modules/segger/libmodules__segger.a(SEGGER_RTT_zephyr.c.obj)
 .z_init_PRE_KERNEL_130_0_
                0x00000000000067b0        0x8 zephyr/kernel/libkernel.a(mem_slab.c.obj)
 .z_init_PRE_KERNEL_140_00011_
                0x00000000000067b8        0x8 zephyr/drivers/gpio/libdrivers__gpio.a(gpio_nrfx.c.obj)
 .z_init_PRE_KERNEL_140_00104_
                0x00000000000067c0        0x8 zephyr/drivers/gpio/libdrivers__gpio.a(gpio_nrfx.c.obj)
 .z_init_PRE_KERNEL_140_0_
                0x00000000000067c8        0x8 modules/nrf/drivers/hw_cc3xx/lib..__nrf__drivers__hw_cc3xx.a(hw_cc3xx.c.obj)
 .z_init_PRE_KERNEL_155_00112_
                0x00000000000067d0        0x8 zephyr/drivers/serial/libdrivers__serial.a(uart_nrfx_uarte.c.obj)
 .z_init_PRE_KERNEL_160_0_
                0x00000000000067d8        0x8 zephyr/drivers/console/libdrivers__console.a(uart_console.c.obj)
                0x00000000000067e0                __init_PRE_KERNEL_2_start = .
 *(SORT_BY_NAME(SORT_BY_ALIGNMENT(.z_init_PRE_KERNEL_2?_*)))
 .z_init_PRE_KERNEL_20_0_
                0x00000000000067e0        0x8 zephyr/drivers/timer/libdrivers__timer.a(nrf_rtc_timer.c.obj)
 *(SORT_BY_NAME(SORT_BY_ALIGNMENT(.z_init_PRE_KERNEL_2??_*)))
                0x00000000000067e8                __init_POST_KERNEL_start = .
 *(SORT_BY_NAME(SORT_BY_ALIGNMENT(.z_init_POST_KERNEL?_*)))
 *(SORT_BY_NAME(SORT_BY_ALIGNMENT(.z_init_POST_KERNEL??_*)))
 .z_init_POST_KERNEL40_0_
                0x00000000000067e8        0x8 zephyr/lib/libc/common/liblib__libc__common.a(malloc.c.obj)
 .z_init_POST_KERNEL40_0_
                0x00000000000067f0        0x8 modules/nrf/drivers/hw_cc3xx/lib..__nrf__drivers__hw_cc3xx.a(hw_cc3xx.c.obj)
 .z_init_POST_KERNEL50_00124_
                0x00000000000067f8        0x8 zephyr/drivers/i2c/libdrivers__i2c.a(i2c_nrfx_twi.c.obj)
                0x0000000000006800                __init_APPLICATION_start = .
 *(SORT_BY_NAME(SORT_BY_ALIGNMENT(.z_init_APPLICATION?_*)))
 *(SORT_BY_NAME(SORT_BY_ALIGNMENT(.z_init_APPLICATION??_*)))
                0x0000000000006800                __init_SMP_start = .
 *(SORT_BY_NAME(SORT_BY_ALIGNMENT(.z_init_SMP?_*)))
 *(SORT_BY_NAME(SORT_BY_ALIGNMENT(.z_init_SMP??_*)))
                0x0000000000006800                __init_end = .

device_area     0x0000000000006800       0x64
                0x0000000000006800                _device_list_start = .
 *(SORT_BY_NAME(SORT_BY_ALIGNMENT(._device.static.*_?_*)))
 *(SORT_BY_NAME(SORT_BY_ALIGNMENT(._device.static.*_??_*)))
 ._device.static.1_30_
                0x0000000000006800       0x14 zephyr/drivers/clock_control/libdrivers__clock_control.a(clock_control_nrf.c.obj)
                0x0000000000006800                __device_dts_ord_75
 ._device.static.1_40_
                0x0000000000006814       0x28 zephyr/drivers/gpio/libdrivers__gpio.a(gpio_nrfx.c.obj)
                0x0000000000006814                __device_dts_ord_104
                0x0000000000006828                __device_dts_ord_11
 ._device.static.1_55_
                0x000000000000683c       0x14 zephyr/drivers/serial/libdrivers__serial.a(uart_nrfx_uarte.c.obj)
                0x000000000000683c                __device_dts_ord_112
 ._device.static.3_50_
                0x0000000000006850       0x14 zephyr/drivers/i2c/libdrivers__i2c.a(i2c_nrfx_twi.c.obj)
                0x0000000000006850                __device_dts_ord_124
                0x0000000000006864                _device_list_end = .

sw_isr_table    0x0000000000006864      0x180
                0x0000000000006864                . = ALIGN (0x4)
 *(SORT_BY_ALIGNMENT(.gnu.linkonce.sw_isr_table*))
 .gnu.linkonce.sw_isr_table
                0x0000000000006864      0x180 zephyr/arch/common/libisr_tables.a(isr_tables.c.obj)
                0x0000000000006864                _sw_isr_table

initlevel_error
                0x0000000000006798        0x0
 *(SORT_BY_NAME(SORT_BY_ALIGNMENT(.z_init_[_A-Z0-9]*)))
                0x0000000000000001                ASSERT ((SIZEOF (initlevel_error) == 0x0), Undefined initialization levels used.)

app_shmem_regions
                0x00000000000069e4        0x0
                0x00000000000069e4                __app_shmem_regions_start = .
 *(SORT_BY_NAME(SORT_BY_ALIGNMENT(.app_regions.*)))
                0x00000000000069e4                __app_shmem_regions_end = .

k_p4wq_initparam_area
                0x00000000000069e4        0x0
                0x00000000000069e4                _k_p4wq_initparam_list_start = .
 *(SORT_BY_NAME(SORT_BY_ALIGNMENT(._k_p4wq_initparam.static.*)))
                0x00000000000069e4                _k_p4wq_initparam_list_end = .

_static_thread_data_area
                0x00000000000069e8       0x90
                0x00000000000069e8                __static_thread_data_list_start = .
 *(SORT_BY_NAME(SORT_BY_ALIGNMENT(.__static_thread_data.static.*)))
 .__static_thread_data.static._k_thread_data_led_task_id_
                0x00000000000069e8       0x30 app/libapp.a(main.c.obj)
                0x00000000000069e8                _k_thread_data_led_task_id
 .__static_thread_data.static._k_thread_data_pid_task_id_
                0x0000000000006a18       0x30 app/libapp.a(main.c.obj)
                0x0000000000006a18                _k_thread_data_pid_task_id
 .__static_thread_data.static._k_thread_data_temp_read_task_id_
                0x0000000000006a48       0x30 app/libapp.a(main.c.obj)
                0x0000000000006a48                _k_thread_data_temp_read_task_id
                0x0000000000006a78                __static_thread_data_list_end = .

device_deps     0x0000000000006a78        0x0
                0x0000000000006a78                __device_deps_start = .
 *(SORT_BY_NAME(SORT_BY_ALIGNMENT(.__device_deps_pass2*)))
                0x0000000000006a78                __device_deps_end = .

ztest           0x0000000000006a78        0x0
                0x0000000000006a78                _ztest_expected_result_entry_list_start = .
 *(SORT_BY_NAME(SORT_BY_ALIGNMENT(._ztest_expected_result_entry.static.*)))
                0x0000000000006a78                _ztest_expected_result_entry_list_end = .
                0x0000000000006a78                _ztest_suite_node_list_start = .
 *(SORT_BY_NAME(SORT_BY_ALIGNMENT(._ztest_suite_node.static.*)))
                0x0000000000006a78                _ztest_suite_node_list_end = .
                0x0000000000006a78                _ztest_unit_test_list_start = .
 *(SORT_BY_NAME(SORT_BY_ALIGNMENT(._ztest_unit_test.static.*)))
                0x0000000000006a78                _ztest_unit_test_list_end = .
                0x0000000000006a78                _ztest_test_rule_list_start = .
 *(SORT_BY_NAME(SORT_BY_ALIGNMENT(._ztest_test_rule.static.*)))
                0x0000000000006a78                _ztest_test_rule_list_end = .

bt_l2cap_fixed_chan_area
                0x0000000000006a78        0x0
                0x0000000000006a78                _bt_l2cap_fixed_chan_list_start = .
 *(SORT_BY_NAME(SORT_BY_ALIGNMENT(._bt_l2cap_fixed_chan.static.*)))
                0x0000000000006a78                _bt_l2cap_fixed_chan_list_end = .

bt_gatt_service_static_area
                0x0000000000006a78        0x0
                0x0000000000006a78                _bt_gatt_service_static_list_start = .
 *(SORT_BY_NAME(SORT_BY_ALIGNMENT(._bt_gatt_service_static.static.*)))
                0x0000000000006a78                _bt_gatt_service_static_list_end = .

log_strings_area
                0x0000000000006a78        0x0
                0x0000000000006a78                _log_strings_list_start = .
 *(SORT_BY_NAME(SORT_BY_ALIGNMENT(._log_strings.static.*)))
                0x0000000000006a78                _log_strings_list_end = .

log_const_area  0x0000000000006a78        0x0
                0x0000000000006a78                _log_const_list_start = .
 *(SORT_BY_NAME(SORT_BY_ALIGNMENT(._log_const.static.*)))
                0x0000000000006a78                _log_const_list_end = .

log_backend_area
                0x0000000000006a78        0x0
                0x0000000000006a78                _log_backend_list_start = .
 *(SORT_BY_NAME(SORT_BY_ALIGNMENT(._log_backend.static.*)))
                0x0000000000006a78                _log_backend_list_end = .

log_link_area   0x0000000000006a78        0x0
                0x0000000000006a78                _log_link_list_start = .
 *(SORT_BY_NAME(SORT_BY_ALIGNMENT(._log_link.static.*)))
                0x0000000000006a78                _log_link_list_end = .

tracing_backend_area
                0x0000000000006a78        0x0
                0x0000000000006a78                _tracing_backend_list_start = .
 *(SORT_BY_NAME(SORT_BY_ALIGNMENT(._tracing_backend.static.*)))
                0x0000000000006a78                _tracing_backend_list_end = .

zephyr_dbg_info
 *(SORT_BY_ALIGNMENT(.dbg_thread_info))

symbol_to_keep  0x0000000000006a78        0x0
                0x0000000000006a78                __symbol_to_keep_start = .
 *(SORT_BY_NAME(SORT_BY_ALIGNMENT(.symbol_to_keep*)))
                0x0000000000006a78                __symbol_to_keep_end = .

shell_area      0x0000000000006a78        0x0
                0x0000000000006a78                _shell_list_start = .
 *(SORT_BY_NAME(SORT_BY_ALIGNMENT(._shell.static.*)))
                0x0000000000006a78                _shell_list_end = .

shell_root_cmds_area
                0x0000000000006a78        0x0
                0x0000000000006a78                _shell_root_cmds_list_start = .
 *(SORT_BY_NAME(SORT_BY_ALIGNMENT(._shell_root_cmds.static.*)))
                0x0000000000006a78                _shell_root_cmds_list_end = .

shell_subcmds_area
                0x0000000000006a78        0x0
                0x0000000000006a78                _shell_subcmds_list_start = .
 *(SORT_BY_NAME(SORT_BY_ALIGNMENT(._shell_subcmds.static.*)))
                0x0000000000006a78                _shell_subcmds_list_end = .

shell_dynamic_subcmds_area
                0x0000000000006a78        0x0
                0x0000000000006a78                _shell_dynamic_subcmds_list_start = .
 *(SORT_BY_NAME(SORT_BY_ALIGNMENT(._shell_dynamic_subcmds.static.*)))
                0x0000000000006a78                _shell_dynamic_subcmds_list_end = .

cfb_font_area   0x0000000000006a78        0x0
                0x0000000000006a78                _cfb_font_list_start = .
 *(SORT_BY_NAME(SORT_BY_ALIGNMENT(._cfb_font.static.*)))
                0x0000000000006a78                _cfb_font_list_end = .

tdata           0x0000000000006a78        0x0
 *(SORT_BY_ALIGNMENT(.tdata) SORT_BY_ALIGNMENT(.tdata.*) SORT_BY_ALIGNMENT(.gnu.linkonce.td.*))

tbss            0x0000000000006a78        0x4
 *(SORT_BY_ALIGNMENT(.tbss) SORT_BY_ALIGNMENT(.tbss.*) SORT_BY_ALIGNMENT(.gnu.linkonce.tb.*) SORT_BY_ALIGNMENT(.tcommon))
 .tbss.z_tls_current
                0x0000000000006a78        0x4 zephyr/libzephyr.a(thread_entry.c.obj)
                0x0000000000006a78                z_tls_current
                0x0000000000006a78                PROVIDE (__tdata_start = LOADADDR (tdata))
                0x0000000000000000                PROVIDE (__tdata_size = SIZEOF (tdata))
                [!provide]                        PROVIDE (__tdata_end = (__tdata_start + __tdata_size))
                0x0000000000000001                PROVIDE (__tdata_align = ALIGNOF (tdata))
                [!provide]                        PROVIDE (__tbss_start = ADDR (tbss))
                0x0000000000000004                PROVIDE (__tbss_size = SIZEOF (tbss))
                [!provide]                        PROVIDE (__tbss_end = (__tbss_start + __tbss_size))
                0x0000000000000004                PROVIDE (__tbss_align = ALIGNOF (tbss))
                [!provide]                        PROVIDE (__tls_start = __tdata_start)
                [!provide]                        PROVIDE (__tls_end = __tbss_end)
                [!provide]                        PROVIDE (__tls_size = (__tbss_end - __tdata_start))

rodata          0x0000000000006a80      0x4d8
 *(SORT_BY_ALIGNMENT(.rodata))
 *(SORT_BY_ALIGNMENT(.rodata.*))
 .rodata.delay_machine_code.0
                0x0000000000006a80        0x6 zephyr/soc/soc/arm/nordic_nrf/libsoc__arm__nordic_nrf.a(soc.c.obj)
 *fill*         0x0000000000006a86        0x2 
 .rodata.led3   0x0000000000006a88        0x8 app/libapp.a(main.c.obj)
 .rodata.led2   0x0000000000006a90        0x8 app/libapp.a(main.c.obj)
 .rodata.led1   0x0000000000006a98        0x8 app/libapp.a(main.c.obj)
 .rodata.led0   0x0000000000006aa0        0x8 app/libapp.a(main.c.obj)
 .rodata.btn4   0x0000000000006aa8        0x8 app/libapp.a(buttons.c.obj)
 .rodata.btn2   0x0000000000006ab0        0x8 app/libapp.a(buttons.c.obj)
 .rodata.btn1   0x0000000000006ab8        0x8 app/libapp.a(buttons.c.obj)
 .rodata.mem_attr_region
                0x0000000000006ac0        0x0 zephyr/libzephyr.a(mem_attr.c.obj)
 .rodata.apis   0x0000000000006ac0        0x8 zephyr/libzephyr.a(nrf_cc3xx_platform_abort_zephyr.c.obj)
 .rodata.mutexes
                0x0000000000006ac8       0x14 zephyr/libzephyr.a(nrf_cc3xx_platform_mutex_zephyr.c.obj)
 .rodata.mutex_apis
                0x0000000000006adc       0x10 zephyr/libzephyr.a(nrf_cc3xx_platform_mutex_zephyr.c.obj)
 .rodata.static_regions
                0x0000000000006aec        0xc zephyr/arch/arch/arm/core/mpu/libarch__arm__core__mpu.a(arm_core_mpu.c.obj)
 .rodata.mpu_config
                0x0000000000006af8        0x8 zephyr/arch/arch/arm/core/mpu/libarch__arm__core__mpu.a(arm_mpu_regions.c.obj)
                0x0000000000006af8                mpu_config
 .rodata.mpu_regions
                0x0000000000006b00       0x18 zephyr/arch/arch/arm/core/mpu/libarch__arm__core__mpu.a(arm_mpu_regions.c.obj)
 .rodata.transitions.0
                0x0000000000006b18        0xc zephyr/drivers/clock_control/libdrivers__clock_control.a(clock_control_nrf.c.obj)
 .rodata.config
                0x0000000000006b24       0x10 zephyr/drivers/clock_control/libdrivers__clock_control.a(clock_control_nrf.c.obj)
 .rodata.clock_control_api
                0x0000000000006b34       0x1c zephyr/drivers/clock_control/libdrivers__clock_control.a(clock_control_nrf.c.obj)
 .rodata.gpio_nrfx_p1_cfg
                0x0000000000006b50       0x18 zephyr/drivers/gpio/libdrivers__gpio.a(gpio_nrfx.c.obj)
 .rodata.gpio_nrfx_p0_cfg
                0x0000000000006b68       0x18 zephyr/drivers/gpio/libdrivers__gpio.a(gpio_nrfx.c.obj)
 .rodata.gpio_nrfx_drv_api_funcs
                0x0000000000006b80       0x24 zephyr/drivers/gpio/libdrivers__gpio.a(gpio_nrfx.c.obj)
 .rodata.twi_0z_config
                0x0000000000006ba4       0x1c zephyr/drivers/i2c/libdrivers__i2c.a(i2c_nrfx_twi.c.obj)
 .rodata.__pinctrl_dev_config__device_dts_ord_124
                0x0000000000006bc0        0xc zephyr/drivers/i2c/libdrivers__i2c.a(i2c_nrfx_twi.c.obj)
 .rodata.__pinctrl_states__device_dts_ord_124
                0x0000000000006bcc        0x8 zephyr/drivers/i2c/libdrivers__i2c.a(i2c_nrfx_twi.c.obj)
 .rodata.__pinctrl_state_pins_0__device_dts_ord_124
                0x0000000000006bd4        0x8 zephyr/drivers/i2c/libdrivers__i2c.a(i2c_nrfx_twi.c.obj)
 .rodata.i2c_nrfx_twi_driver_api
                0x0000000000006bdc       0x18 zephyr/drivers/i2c/libdrivers__i2c.a(i2c_nrfx_twi.c.obj)
 .rodata.uarte_0z_config
                0x0000000000006bf4       0x10 zephyr/drivers/serial/libdrivers__serial.a(uart_nrfx_uarte.c.obj)
 .rodata.__pinctrl_dev_config__device_dts_ord_112
                0x0000000000006c04        0xc zephyr/drivers/serial/libdrivers__serial.a(uart_nrfx_uarte.c.obj)
 .rodata.__pinctrl_states__device_dts_ord_112
                0x0000000000006c10        0x8 zephyr/drivers/serial/libdrivers__serial.a(uart_nrfx_uarte.c.obj)
 .rodata.__pinctrl_state_pins_0__device_dts_ord_112
                0x0000000000006c18       0x10 zephyr/drivers/serial/libdrivers__serial.a(uart_nrfx_uarte.c.obj)
 .rodata.uart_nrfx_uarte_driver_api
                0x0000000000006c28        0xc zephyr/drivers/serial/libdrivers__serial.a(uart_nrfx_uarte.c.obj)
 .rodata.levels.0
                0x0000000000006c34       0x18 zephyr/kernel/libkernel.a(init.c.obj)
 .rodata.CSWTCH.10
                0x0000000000006c4c       0x1c /home/pramos/ncs/v2.6.0/nrfxlib/crypto/nrf_cc310_platform/lib/cortex-m4/soft-float/no-interrupts/libnrf_cc310_platform_0.9.19.a(nrf_cc3xx_platform.c.obj)
 .rodata.mutex_free.str1.4
                0x0000000000006c68       0x26 /home/pramos/ncs/v2.6.0/nrfxlib/crypto/nrf_cc310_platform/lib/cortex-m4/soft-float/no-interrupts/libnrf_cc310_platform_0.9.19.a(nrf_cc3xx_platform_mutex.c.obj)
 *fill*         0x0000000000006c8e        0x2 
 .rodata.mutex_init.str1.4
                0x0000000000006c90       0x23 /home/pramos/ncs/v2.6.0/nrfxlib/crypto/nrf_cc310_platform/lib/cortex-m4/soft-float/no-interrupts/libnrf_cc310_platform_0.9.19.a(nrf_cc3xx_platform_mutex.c.obj)
 *fill*         0x0000000000006cb3        0x1 
 .rodata.CC_PalPowerSaveModeInit.str1.4
                0x0000000000006cb4       0x20 /home/pramos/ncs/v2.6.0/nrfxlib/crypto/nrf_cc310_platform/lib/cortex-m4/soft-float/no-interrupts/libnrf_cc310_platform_0.9.19.a(cc_pal_pm.c.obj)
 .rodata.read_temperature_task.str1.1
                0x0000000000006cd4       0xa6 app/libapp.a(main.c.obj)
 .rodata.pid_controller_task.str1.1
                0x0000000000006d7a       0x59 app/libapp.a(main.c.obj)
 .rodata.str1.1
                0x0000000000006dd3       0x2a app/libapp.a(main.c.obj)
 .rodata.sys_reboot.str1.1
                0x0000000000006dfd       0x29 zephyr/libzephyr.a(reboot.c.obj)
 .rodata.mutex_free_platform.str1.1
                0x0000000000006e26       0x26 zephyr/libzephyr.a(nrf_cc3xx_platform_mutex_zephyr.c.obj)
 .rodata.mutex_init_platform.str1.1
                0x0000000000006e4c       0x2d zephyr/libzephyr.a(nrf_cc3xx_platform_mutex_zephyr.c.obj)
 .rodata.str1.1
                0x0000000000006e79        0xf zephyr/arch/arch/arm/core/mpu/libarch__arm__core__mpu.a(arm_mpu_regions.c.obj)
 .rodata.CSWTCH.5
                0x0000000000006e88        0x6 zephyr/soc/soc/arm/nordic_nrf/libsoc__arm__nordic_nrf.a(soc.c.obj)
 .rodata.str1.1
                0x0000000000006e8e        0xf zephyr/drivers/clock_control/libdrivers__clock_control.a(clock_control_nrf.c.obj)
 .rodata.str1.1
                0x0000000000006e9d       0x1c zephyr/drivers/gpio/libdrivers__gpio.a(gpio_nrfx.c.obj)
 .rodata.str1.1
                0x0000000000006eb9        0xd zephyr/drivers/i2c/libdrivers__i2c.a(i2c_nrfx_twi.c.obj)
 .rodata.drive_modes
                0x0000000000006ec6        0x8 zephyr/drivers/pinctrl/libdrivers__pinctrl.a(pinctrl_nrf.c.obj)
 .rodata.str1.1
                0x0000000000006ece        0xe zephyr/drivers/serial/libdrivers__serial.a(uart_nrfx_uarte.c.obj)
 .rodata.CSWTCH.14
                0x0000000000006edc        0x6 modules/hal_nordic/nrfx/libmodules__hal_nordic__nrfx.a(system_nrf52840.c.obj)
 .rodata.CSWTCH.5
                0x0000000000006ee2        0x6 modules/hal_nordic/nrfx/libmodules__hal_nordic__nrfx.a(system_nrf52840.c.obj)
 .rodata.port_offset.1
                0x0000000000006ee8       0x10 modules/hal_nordic/nrfx/libmodules__hal_nordic__nrfx.a(nrfx_gpiote.c.obj)
 .rodata.ports  0x0000000000006ef8        0x2 modules/hal_nordic/nrfx/libmodules__hal_nordic__nrfx.a(nrfx_gpiote.c.obj)
 .rodata._DoInit.str1.1
                0x0000000000006efa        0x9 modules/segger/libmodules__segger.a(SEGGER_RTT.c.obj)
 .rodata._aInitStr.0
                0x0000000000006f03       0x11 modules/segger/libmodules__segger.a(SEGGER_RTT.c.obj)
 .rodata.z_cstart.str1.1
                0x0000000000006f14        0x5 zephyr/kernel/libkernel.a(init.c.obj)
 .rodata.boot_banner.str1.1
                0x0000000000006f19       0x2e zephyr/kernel/libkernel.a(banner.c.obj)
 .rodata.__l_vfprintf.str1.1
                0x0000000000006f47        0xf /home/pramos/ncs/toolchains/2be090971e/opt/zephyr-sdk/arm-zephyr-eabi/bin/../lib/gcc/../../picolibc/arm-zephyr-eabi/lib/thumb/v7e-m/nofp/libc.a(libc_tinystdio_vflprintf.c.o)
 *(SORT_BY_ALIGNMENT(.gnu.linkonce.r.*))
                0x0000000000006f58                . = ALIGN (0x4)
 *fill*         0x0000000000006f56        0x2 
                0x0000000000006f58                __rodata_region_end = .
                0x0000000000006f60                . = ALIGN (_region_min_align)
                0x0000000000008000                . = ALIGN ((0x1 << LOG2CEIL ((__rodata_region_end - ADDR (rom_start)))))
                0x0000000000008000                __rom_region_end = ((__rom_region_start + .) - ADDR (rom_start))

/DISCARD/
 *(SORT_BY_ALIGNMENT(.got.plt))
 *(SORT_BY_ALIGNMENT(.igot.plt))
 *(SORT_BY_ALIGNMENT(.got))
 *(SORT_BY_ALIGNMENT(.igot))
                0x0000000020000000                . = 0x20000000
                0x0000000020000000                . = ALIGN (_region_min_align)
                0x0000000020000000                _image_ram_start = .

.ramfunc        0x0000000020000000        0x0 load address 0x0000000000006f58
                0x0000000020000000                . = ALIGN (_region_min_align)
                0x0000000020000000                . = ALIGN ((0x1 << LOG2CEIL (__ramfunc_size)))
                0x0000000020000000                __ramfunc_start = .
 *(SORT_BY_ALIGNMENT(.ramfunc))
 *(SORT_BY_ALIGNMENT(.ramfunc.*))
                0x0000000020000000                . = ALIGN (_region_min_align)
                0x0000000020000000                . = ALIGN ((0x1 << LOG2CEIL (__ramfunc_size)))
                0x0000000020000000                __ramfunc_end = .
                0x0000000000000000                __ramfunc_size = (__ramfunc_end - __ramfunc_start)
                0x0000000000006f58                __ramfunc_load_start = LOADADDR (.ramfunc)

datas           0x0000000020000000      0x178 load address 0x0000000000006f58
                0x0000000020000000                __data_region_start = .
                0x0000000020000000                __data_start = .
 *(SORT_BY_ALIGNMENT(.data))
 *(SORT_BY_ALIGNMENT(.data.*))
 .data.sensor_to_controller_sem
                0x0000000020000000       0x10 app/libapp.a(main.c.obj)
                0x0000000020000000                sensor_to_controller_sem
 .data._char_out
                0x0000000020000010        0x4 zephyr/libzephyr.a(printk.c.obj)
                0x0000000020000010                _char_out
 .data.power_mutex
                0x0000000020000014        0x8 zephyr/libzephyr.a(nrf_cc3xx_platform_mutex_zephyr.c.obj)
 .data.rng_mutex
                0x000000002000001c        0x8 zephyr/libzephyr.a(nrf_cc3xx_platform_mutex_zephyr.c.obj)
 .data.asym_mutex
                0x0000000020000024        0x8 zephyr/libzephyr.a(nrf_cc3xx_platform_mutex_zephyr.c.obj)
 .data.sym_mutex
                0x000000002000002c        0x8 zephyr/libzephyr.a(nrf_cc3xx_platform_mutex_zephyr.c.obj)
 .data.__stdout
                0x0000000020000034       0x10 zephyr/lib/libc/picolibc/liblib__libc__picolibc.a(libc-hooks.c.obj)
 .data.twi_0_data
                0x0000000020000044       0x28 zephyr/drivers/i2c/libdrivers__i2c.a(i2c_nrfx_twi.c.obj)
 .data.uarte_0_data
                0x000000002000006c       0x1c zephyr/drivers/serial/libdrivers__serial.a(uart_nrfx_uarte.c.obj)
 .data.m_cb     0x0000000020000088       0x84 modules/hal_nordic/nrfx/libmodules__hal_nordic__nrfx.a(nrfx_gpiote.c.obj)
 .data.m_channels_allocated
                0x000000002000010c        0x4 modules/hal_nordic/nrfx/libmodules__hal_nordic__nrfx.a(nrfx_ppi.c.obj)
 .data.timeout_list
                0x0000000020000110        0x8 zephyr/kernel/libkernel.a(timeout.c.obj)
 .data.platform_abort_apis
                0x0000000020000118        0x8 /home/pramos/ncs/v2.6.0/nrfxlib/crypto/nrf_cc310_platform/lib/cortex-m4/soft-float/no-interrupts/libnrf_cc310_platform_0.9.19.a(nrf_cc3xx_platform_abort.c.obj)
                0x0000000020000118                platform_abort_apis
 .data.platform_mutexes
                0x0000000020000120       0x14 /home/pramos/ncs/v2.6.0/nrfxlib/crypto/nrf_cc310_platform/lib/cortex-m4/soft-float/no-interrupts/libnrf_cc310_platform_0.9.19.a(nrf_cc3xx_platform_mutex.c.obj)
                0x0000000020000120                platform_mutexes
 .data.platform_mutex_apis
                0x0000000020000134       0x10 /home/pramos/ncs/v2.6.0/nrfxlib/crypto/nrf_cc310_platform/lib/cortex-m4/soft-float/no-interrupts/libnrf_cc310_platform_0.9.19.a(nrf_cc3xx_platform_mutex.c.obj)
                0x0000000020000134                platform_mutex_apis
 .data.power_mutex
                0x0000000020000144        0x8 /home/pramos/ncs/v2.6.0/nrfxlib/crypto/nrf_cc310_platform/lib/cortex-m4/soft-float/no-interrupts/libnrf_cc310_platform_0.9.19.a(nrf_cc3xx_platform_mutex.c.obj)
 .data.rng_mutex
                0x000000002000014c        0x8 /home/pramos/ncs/v2.6.0/nrfxlib/crypto/nrf_cc310_platform/lib/cortex-m4/soft-float/no-interrupts/libnrf_cc310_platform_0.9.19.a(nrf_cc3xx_platform_mutex.c.obj)
 .data.asym_mutex
                0x0000000020000154        0x8 /home/pramos/ncs/v2.6.0/nrfxlib/crypto/nrf_cc310_platform/lib/cortex-m4/soft-float/no-interrupts/libnrf_cc310_platform_0.9.19.a(nrf_cc3xx_platform_mutex.c.obj)
 .data.sym_mutex
                0x000000002000015c        0x8 /home/pramos/ncs/v2.6.0/nrfxlib/crypto/nrf_cc310_platform/lib/cortex-m4/soft-float/no-interrupts/libnrf_cc310_platform_0.9.19.a(nrf_cc3xx_platform_mutex.c.obj)
 .data.pCCRndCryptoMutex
                0x0000000020000164        0x4 /home/pramos/ncs/v2.6.0/nrfxlib/crypto/nrf_cc310_platform/lib/cortex-m4/soft-float/no-interrupts/libnrf_cc310_platform_0.9.19.a(cc_pal.c.obj)
                0x0000000020000164                pCCRndCryptoMutex
 .data.CCPowerMutex
                0x0000000020000168        0x4 /home/pramos/ncs/v2.6.0/nrfxlib/crypto/nrf_cc310_platform/lib/cortex-m4/soft-float/no-interrupts/libnrf_cc310_platform_0.9.19.a(cc_pal.c.obj)
                0x0000000020000168                CCPowerMutex
 .data.CCRndCryptoMutex
                0x000000002000016c        0x4 /home/pramos/ncs/v2.6.0/nrfxlib/crypto/nrf_cc310_platform/lib/cortex-m4/soft-float/no-interrupts/libnrf_cc310_platform_0.9.19.a(cc_pal.c.obj)
                0x000000002000016c                CCRndCryptoMutex
 .data.CCAsymCryptoMutex
                0x0000000020000170        0x4 /home/pramos/ncs/v2.6.0/nrfxlib/crypto/nrf_cc310_platform/lib/cortex-m4/soft-float/no-interrupts/libnrf_cc310_platform_0.9.19.a(cc_pal.c.obj)
                0x0000000020000170                CCAsymCryptoMutex
 .data.CCSymCryptoMutex
                0x0000000020000174        0x4 /home/pramos/ncs/v2.6.0/nrfxlib/crypto/nrf_cc310_platform/lib/cortex-m4/soft-float/no-interrupts/libnrf_cc310_platform_0.9.19.a(cc_pal.c.obj)
                0x0000000020000174                CCSymCryptoMutex
 *(SORT_BY_ALIGNMENT(.kernel.*))
                0x0000000020000178                __data_end = .
                0x0000000000000178                __data_size = (__data_end - __data_start)
                0x0000000000006f58                __data_load_start = LOADADDR (datas)
                0x0000000000006f58                __data_region_load_start = LOADADDR (datas)

device_states   0x0000000020000178        0xa load address 0x00000000000070d0
                0x0000000020000178                __device_states_start = .
 *(SORT_BY_ALIGNMENT(.z_devstate))
 .z_devstate    0x0000000020000178        0x2 zephyr/drivers/clock_control/libdrivers__clock_control.a(clock_control_nrf.c.obj)