Archive member included to satisfy reference by file (symbol)

app/libapp.a(main.c.obj)      (--whole-archive)
app/libapp.a(buttons.c.obj)   (--whole-archive)
app/libapp.a(cmdproc.c.obj)   (--whole-archive)
app/libapp.a(rtdb.c.obj)      (--whole-archive)
zephyr/libzephyr.a(cbprintf_packaged.c.obj)
                              (--whole-archive)
zephyr/libzephyr.a(dec.c.obj)
                              (--whole-archive)
zephyr/libzephyr.a(hex.c.obj)
                              (--whole-archive)
zephyr/libzephyr.a(printk.c.obj)
                              (--whole-archive)
zephyr/libzephyr.a(rb.c.obj)  (--whole-archive)
zephyr/libzephyr.a(sem.c.obj)
                              (--whole-archive)
zephyr/libzephyr.a(thread_entry.c.obj)
                              (--whole-archive)
zephyr/libzephyr.a(timeutil.c.obj)
                              (--whole-archive)
zephyr/libzephyr.a(heap.c.obj)
                              (--whole-archive)
zephyr/libzephyr.a(heap-validate.c.obj)
                              (--whole-archive)
zephyr/libzephyr.a(bitarray.c.obj)
                              (--whole-archive)
zephyr/libzephyr.a(multi_heap.c.obj)
                              (--whole-archive)
zephyr/libzephyr.a(onoff.c.obj)
                              (--whole-archive)
zephyr/libzephyr.a(notify.c.obj)
                              (--whole-archive)
zephyr/libzephyr.a(cbprintf_complete.c.obj)
                              (--whole-archive)
zephyr/libzephyr.a(assert.c.obj)
                              (--whole-archive)
zephyr/libzephyr.a(configs.c.obj)
                              (--whole-archive)
zephyr/libzephyr.a(log_minimal.c.obj)
                              (--whole-archive)
zephyr/libzephyr.a(mem_attr.c.obj)
                              (--whole-archive)
zephyr/libzephyr.a(tracing_none.c.obj)
                              (--whole-archive)
zephyr/libzephyr.a(nrf_cc3xx_platform_abort_zephyr.c.obj)
                              (--whole-archive)
zephyr/libzephyr.a(nrf_cc3xx_platform_mutex_zephyr.c.obj)
                              (--whole-archive)
zephyr/arch/common/libarch__common.a(sw_isr_common.c.obj)
                              (--whole-archive)
zephyr/arch/arch/arm/core/libarch__arm__core.a(fatal.c.obj)
                              (--whole-archive)
zephyr/arch/arch/arm/core/libarch__arm__core.a(nmi.c.obj)
                              (--whole-archive)
zephyr/arch/arch/arm/core/libarch__arm__core.a(nmi_on_reset.S.obj)
                              (--whole-archive)
zephyr/arch/arch/arm/core/libarch__arm__core.a(tls.c.obj)
                              (--whole-archive)
zephyr/arch/arch/arm/core/cortex_m/libarch__arm__core__cortex_m.a(exc_exit.S.obj)
                              (--whole-archive)
zephyr/arch/arch/arm/core/cortex_m/libarch__arm__core__cortex_m.a(fault.c.obj)
                              (--whole-archive)
zephyr/arch/arch/arm/core/cortex_m/libarch__arm__core__cortex_m.a(fault_s.S.obj)
                              (--whole-archive)
zephyr/arch/arch/arm/core/cortex_m/libarch__arm__core__cortex_m.a(fpu.c.obj)
                              (--whole-archive)
zephyr/arch/arch/arm/core/cortex_m/libarch__arm__core__cortex_m.a(reset.S.obj)
                              (--whole-archive)
zephyr/arch/arch/arm/core/cortex_m/libarch__arm__core__cortex_m.a(scb.c.obj)
                              (--whole-archive)
zephyr/arch/arch/arm/core/cortex_m/libarch__arm__core__cortex_m.a(thread_abort.c.obj)
                              (--whole-archive)
zephyr/arch/arch/arm/core/cortex_m/libarch__arm__core__cortex_m.a(vector_table.S.obj)
                              (--whole-archive)
zephyr/arch/arch/arm/core/cortex_m/libarch__arm__core__cortex_m.a(swap.c.obj)
                              (--whole-archive)
zephyr/arch/arch/arm/core/cortex_m/libarch__arm__core__cortex_m.a(swap_helper.S.obj)
                              (--whole-archive)
zephyr/arch/arch/arm/core/cortex_m/libarch__arm__core__cortex_m.a(irq_manage.c.obj)
                              (--whole-archive)
zephyr/arch/arch/arm/core/cortex_m/libarch__arm__core__cortex_m.a(prep_c.c.obj)
                              (--whole-archive)
zephyr/arch/arch/arm/core/cortex_m/libarch__arm__core__cortex_m.a(thread.c.obj)
                              (--whole-archive)
zephyr/arch/arch/arm/core/cortex_m/libarch__arm__core__cortex_m.a(cpu_idle.S.obj)
                              (--whole-archive)
zephyr/arch/arch/arm/core/cortex_m/libarch__arm__core__cortex_m.a(irq_init.c.obj)
                              (--whole-archive)
zephyr/arch/arch/arm/core/cortex_m/libarch__arm__core__cortex_m.a(isr_wrapper.S.obj)
                              (--whole-archive)
zephyr/arch/arch/arm/core/cortex_m/libarch__arm__core__cortex_m.a(__aeabi_read_tp.S.obj)
                              (--whole-archive)
zephyr/arch/arch/arm/core/mpu/libarch__arm__core__mpu.a(arm_core_mpu.c.obj)
                              (--whole-archive)
[...]
Memory Configuration

Name             Origin             Length             Attributes
FLASH            0x0000000000000000 0x0000000000100000 xr
RAM              0x0000000020000000 0x0000000000040000 xw
IDT_LIST         0x00000000ffff7fff 0x0000000000008000 xw
*default*        0x0000000000000000 0xffffffffffffffff

Linker script and memory map

                0x0000000000007d14                vfprintf = __l_vfprintf
                0x0000000000000000                vfscanf = __l_vfscanf
LOAD zephyr/CMakeFiles/zephyr_pre0.dir/misc/empty_file.c.obj
LOAD zephyr/CMakeFiles/offsets.dir/./arch/arm/core/offsets/offsets.c.obj
LOAD app/libapp.a
LOAD zephyr/libzephyr.a
LOAD zephyr/arch/common/libarch__common.a
LOAD zephyr/arch/arch/arm/core/libarch__arm__core.a
LOAD zephyr/arch/arch/arm/core/cortex_m/libarch__arm__core__cortex_m.a
LOAD zephyr/arch/arch/arm/core/mpu/libarch__arm__core__mpu.a
LOAD zephyr/lib/libc/picolibc/liblib__libc__picolibc.a
LOAD zephyr/lib/libc/common/liblib__libc__common.a
LOAD zephyr/soc/soc/arm/nordic_nrf/libsoc__arm__nordic_nrf.a
LOAD zephyr/subsys/testsuite/ztest/libsubsys__testsuite__ztest.a
LOAD zephyr/drivers/clock_control/libdrivers__clock_control.a
LOAD zephyr/drivers/console/libdrivers__console.a
LOAD zephyr/drivers/gpio/libdrivers__gpio.a
LOAD zephyr/drivers/pinctrl/libdrivers__pinctrl.a
LOAD zephyr/drivers/serial/libdrivers__serial.a
LOAD zephyr/drivers/timer/libdrivers__timer.a
LOAD modules/nrf/drivers/hw_cc3xx/lib..__nrf__drivers__hw_cc3xx.a
LOAD modules/hal_nordic/nrfx/libmodules__hal_nordic__nrfx.a
LOAD modules/segger/libmodules__segger.a
LOAD zephyr/kernel/libkernel.a
LOAD /home/pramos/ncs/toolchains/2be090971e/opt/zephyr-sdk/arm-zephyr-eabi/bin/../lib/gcc/arm-zephyr-eabi/12.2.0/thumb/v7e-m/nofp/libgcc.a
LOAD zephyr/arch/common/libisr_tables.a
LOAD /home/pramos/ncs/v2.6.0/nrfxlib/crypto/nrf_cc310_platform/lib/cortex-m4/soft-float/no-interrupts/libnrf_cc310_platform_0.9.19.a
LOAD /home/pramos/ncs/toolchains/2be090971e/opt/zephyr-sdk/arm-zephyr-eabi/bin/../lib/gcc/../../picolibc/arm-zephyr-eabi/lib/thumb/v7e-m/nofp/libc.a
LOAD /home/pramos/ncs/toolchains/2be090971e/opt/zephyr-sdk/arm-zephyr-eabi/bin/../lib/gcc/arm-zephyr-eabi/12.2.0/thumb/v7e-m/nofp/libgcc.a
                0x0000000000000020                _region_min_align = 0x20

.rel.plt        0x0000000000000000        0x0
 *(SORT_BY_ALIGNMENT(.rel.plt))
                [!provide]                        PROVIDE (__rel_iplt_start = .)
 *(SORT_BY_ALIGNMENT(.rel.iplt))
 .rel.iplt      0x0000000000000000        0x0 app/libapp.a(main.c.obj)
                [!provide]                        PROVIDE (__rel_iplt_end = .)

.rela.plt       0x0000000000000000        0x0
 *(SORT_BY_ALIGNMENT(.rela.plt))
                [!provide]                        PROVIDE (__rela_iplt_start = .)
 *(SORT_BY_ALIGNMENT(.rela.iplt))
                [!provide]                        PROVIDE (__rela_iplt_end = .)

.rel.dyn
 *(SORT_BY_ALIGNMENT(.rel.*))

.rela.dyn
 *(SORT_BY_ALIGNMENT(.rela.*))

/DISCARD/
 *(SORT_BY_ALIGNMENT(.plt))

/DISCARD/
 *(SORT_BY_ALIGNMENT(.iplt))
                0x0000000000000000                __rom_region_start = 0x0

rom_start       0x0000000000000000      0x100
                0x0000000000000000                __rom_start_address = .
 FILL mask 0x00
                0x0000000000000000                . = (. + (0x0 - (. - __rom_start_address)))
                0x0000000000000000                . = ALIGN (0x4)
                0x0000000000000000                . = ALIGN (0x80)
                0x0000000000000000                . = ALIGN (0x100)
                0x0000000000000000                _vector_start = .
 *(SORT_BY_ALIGNMENT(.exc_vector_table))
 *(SORT_BY_ALIGNMENT(.exc_vector_table.*))
 .exc_vector_table._vector_table_section
                0x0000000000000000       0x40 zephyr/arch/arch/arm/core/cortex_m/libarch__arm__core__cortex_m.a(vector_table.S.obj)
                0x0000000000000000                _vector_table
 *(SORT_BY_ALIGNMENT(.vectors))
                0x0000000000000100                _vector_end = .
                0x0000000000000040                . = ALIGN (0x4)
 *(SORT_BY_ALIGNMENT(.gnu.linkonce.irq_vector_table*))
 .gnu.linkonce.irq_vector_table
                0x0000000000000040       0xc0 zephyr/arch/common/libisr_tables.a(isr_tables.c.obj)
                0x0000000000000040                _irq_vector_table
                0x0000000000000100                _vector_end = .

text            0x0000000000000100     0x8eb0
                0x0000000000000100                __text_region_start = .
 *(SORT_BY_ALIGNMENT(.text))
 .text          0x0000000000000100       0xa0 /home/pramos/ncs/toolchains/2be090971e/opt/zephyr-sdk/arm-zephyr-eabi/bin/../lib/gcc/arm-zephyr-eabi/12.2.0/thumb/v7e-m/nofp/libgcc.a(_arm_truncdfsf2.o)
                0x0000000000000100                __aeabi_d2f
                0x0000000000000100                __truncdfsf2
 .text          0x00000000000001a0      0x21c /home/pramos/ncs/toolchains/2be090971e/opt/zephyr-sdk/arm-zephyr-eabi/bin/../lib/gcc/arm-zephyr-eabi/12.2.0/thumb/v7e-m/nofp/libgcc.a(_arm_addsubsf3.o)
                0x00000000000001a0                __aeabi_frsub
                0x00000000000001a8                __subsf3
                0x00000000000001a8                __aeabi_fsub
                0x00000000000001ac                __aeabi_fadd
                0x00000000000001ac                __addsf3
                0x000000000000030c                __aeabi_ui2f
                0x000000000000030c                __floatunsisf
                0x0000000000000314                __aeabi_i2f
                0x0000000000000314                __floatsisf
                0x0000000000000330                __floatundisf
                0x0000000000000330                __aeabi_ul2f
                0x0000000000000340                __floatdisf
                0x0000000000000340                __aeabi_l2f
 .text          0x00000000000003bc      0x2a0 /home/pramos/ncs/toolchains/2be090971e/opt/zephyr-sdk/arm-zephyr-eabi/bin/../lib/gcc/arm-zephyr-eabi/12.2.0/thumb/v7e-m/nofp/libgcc.a(_arm_muldivsf3.o)
                0x00000000000003bc                __mulsf3
                0x00000000000003bc                __aeabi_fmul
                0x0000000000000524                __divsf3
                0x0000000000000524                __aeabi_fdiv
 .text          0x000000000000065c       0xec /home/pramos/ncs/toolchains/2be090971e/opt/zephyr-sdk/arm-zephyr-eabi/bin/../lib/gcc/arm-zephyr-eabi/12.2.0/thumb/v7e-m/nofp/libgcc.a(_arm_cmpsf2.o)
                0x000000000000065c                __gtsf2
                0x000000000000065c                __gesf2
                0x0000000000000664                __lesf2
                0x0000000000000664                __ltsf2
                0x000000000000066c                __nesf2
                0x000000000000066c                __eqsf2
                0x000000000000066c                __cmpsf2
                0x00000000000006cc                __aeabi_cfrcmple
                0x00000000000006d4                __aeabi_cfcmple
                0x00000000000006d4                __aeabi_cfcmpeq
                0x00000000000006e4                __aeabi_fcmpeq
                0x00000000000006f8                __aeabi_fcmplt
                0x000000000000070c                __aeabi_fcmple
                0x0000000000000720                __aeabi_fcmpge
                0x0000000000000734                __aeabi_fcmpgt
 .text          0x0000000000000748       0x4c /home/pramos/ncs/toolchains/2be090971e/opt/zephyr-sdk/arm-zephyr-eabi/bin/../lib/gcc/arm-zephyr-eabi/12.2.0/thumb/v7e-m/nofp/libgcc.a(_arm_fixsfsi.o)
                0x0000000000000748                __fixsfsi
                0x0000000000000748                __aeabi_f2iz
 .text          0x0000000000000794       0x30 /home/pramos/ncs/toolchains/2be090971e/opt/zephyr-sdk/arm-zephyr-eabi/bin/../lib/gcc/arm-zephyr-eabi/12.2.0/thumb/v7e-m/nofp/libgcc.a(_aeabi_uldivmod.o)
                0x0000000000000794                __aeabi_uldivmod
 .text          0x00000000000007c4        0x4 /home/pramos/ncs/toolchains/2be090971e/opt/zephyr-sdk/arm-zephyr-eabi/bin/../lib/gcc/arm-zephyr-eabi/12.2.0/thumb/v7e-m/nofp/libgcc.a(_dvmd_tls.o)
                0x00000000000007c4                __aeabi_ldiv0
                0x00000000000007c4                __aeabi_idiv0
 .text          0x00000000000007c8      0x2a0 /home/pramos/ncs/toolchains/2be090971e/opt/zephyr-sdk/arm-zephyr-eabi/bin/../lib/gcc/arm-zephyr-eabi/12.2.0/thumb/v7e-m/nofp/libgcc.a(_udivmoddi4.o)
                0x00000000000007c8                __udivmoddi4
 .text          0x0000000000000a68       0x10 /home/pramos/ncs/toolchains/2be090971e/opt/zephyr-sdk/arm-zephyr-eabi/bin/../lib/gcc/../../picolibc/arm-zephyr-eabi/lib/thumb/v7e-m/nofp/libc.a(strlen.S.o)
                0x0000000000000a68                strlen
 *(SORT_BY_ALIGNMENT(.text.*))
 .text.uart_init.part.0
                0x0000000000000a78       0x10 app/libapp.a(main.c.obj)
 .text.gpio_pin_set_dt.isra.0
                0x0000000000000a88       0x64 app/libapp.a(main.c.obj)
 .text.heat_control_task
                0x0000000000000aec       0x74 app/libapp.a(main.c.obj)
                0x0000000000000aec                heat_control_task
 .text.gpio_pin_configure_dt.constprop.0.isra.0
                0x0000000000000b60       0xbc app/libapp.a(main.c.obj)
 .text.led_update_task
                0x0000000000000c1c       0x98 app/libapp.a(main.c.obj)
                0x0000000000000c1c                led_update_task
 .text.read_temperature_task
                0x0000000000000cb4       0xd8 app/libapp.a(main.c.obj)
                0x0000000000000cb4                read_temperature_task
 .text.uart_command_task
                0x0000000000000d8c       0x6c app/libapp.a(main.c.obj)
                0x0000000000000d8c                uart_command_task
 .text.pid_calculate
                0x0000000000000df8       0x9c app/libapp.a(main.c.obj)
                0x0000000000000df8                pid_calculate
 .text.pid_controller_task
                0x0000000000000e94       0xa8 app/libapp.a(main.c.obj)
                0x0000000000000e94                pid_controller_task
 .text.uart_init
                0x0000000000000f3c       0x28 app/libapp.a(main.c.obj)
                0x0000000000000f3c                uart_init
 .text.main     0x0000000000000f64       0x4c app/libapp.a(main.c.obj)
                0x0000000000000f64                main
 .text.gpio_pin_interrupt_configure_dt.constprop.0.isra.0
                0x0000000000000fb0       0x68 app/libapp.a(buttons.c.obj)
 .text.gpio_add_callback.constprop.0.isra.0
                0x0000000000001018       0x14 app/libapp.a(buttons.c.obj)
 .text.gpio_pin_configure_dt.constprop.0.isra.0
                0x000000000000102c       0xd4 app/libapp.a(buttons.c.obj)
 .text.buttons_init
                0x0000000000001100       0x84 app/libapp.a(buttons.c.obj)
                0x0000000000001100                buttons_init
 .text.txChar   0x0000000000001184       0x24 app/libapp.a(cmdproc.c.obj)
                0x0000000000001184                txChar
 .text.resetRxBuffer
                0x00000000000011a8       0x18 app/libapp.a(cmdproc.c.obj)
                0x00000000000011a8                resetRxBuffer
 .text.resetTxBuffer
                0x00000000000011c0       0x18 app/libapp.a(cmdproc.c.obj)
                0x00000000000011c0                resetTxBuffer
 .text.getTxBuffer
                0x00000000000011d8       0x18 app/libapp.a(cmdproc.c.obj)
                0x00000000000011d8                getTxBuffer
 .text.send_ack
                0x00000000000011f0       0x6c app/libapp.a(cmdproc.c.obj)
                0x00000000000011f0                send_ack
 .text.cmdProcessor
                0x000000000000125c      0x2bc app/libapp.a(cmdproc.c.obj)
                0x000000000000125c                cmdProcessor
 .text.rtdb_init
                0x0000000000001518       0x58 app/libapp.a(rtdb.c.obj)
                0x0000000000001518                rtdb_init
 .text.rtdb_set_system_on
                0x0000000000001570       0x28 app/libapp.a(rtdb.c.obj)
                0x0000000000001570                rtdb_set_system_on
 .text.rtdb_get_system_on
                0x0000000000001598       0x24 app/libapp.a(rtdb.c.obj)
                0x0000000000001598                rtdb_get_system_on
 .text.rtdb_set_desired_temp
                0x00000000000015bc       0x28 app/libapp.a(rtdb.c.obj)
                0x00000000000015bc                rtdb_set_desired_temp
 .text.rtdb_get_desired_temp
                0x00000000000015e4       0x24 app/libapp.a(rtdb.c.obj)
                0x00000000000015e4                rtdb_get_desired_temp
 .text.rtdb_set_current_temp
                0x0000000000001608       0x28 app/libapp.a(rtdb.c.obj)
                0x0000000000001608                rtdb_set_current_temp
 .text.rtdb_get_current_temp
                0x0000000000001630       0x24 app/libapp.a(rtdb.c.obj)
                0x0000000000001630                rtdb_get_current_temp
 .text.rtdb_set_heat_on
                0x0000000000001654       0x28 app/libapp.a(rtdb.c.obj)
                0x0000000000001654                rtdb_set_heat_on
 .text.rtdb_get_heat_on
                0x000000000000167c       0x24 app/libapp.a(rtdb.c.obj)
                0x000000000000167c                rtdb_get_heat_on
 .text.rtdb_set_PID_params
                0x00000000000016a0       0x34 app/libapp.a(rtdb.c.obj)
                0x00000000000016a0                rtdb_set_PID_params
 .text.rtdb_get_PID_params
                0x00000000000016d4       0x38 app/libapp.a(rtdb.c.obj)
                0x00000000000016d4                rtdb_get_PID_params
 .text.rtdb_set_verbose
                0x000000000000170c       0x28 app/libapp.a(rtdb.c.obj)
                0x000000000000170c                rtdb_set_verbose
 .text.rtdb_get_verbose
                0x0000000000001734       0x24 app/libapp.a(rtdb.c.obj)
                0x0000000000001734                rtdb_get_verbose
 .text.char_out
                0x0000000000001758        0xc zephyr/libzephyr.a(printk.c.obj)
 .text.__printk_hook_install
                0x0000000000001764        0xc zephyr/libzephyr.a(printk.c.obj)
                0x0000000000001764                __printk_hook_install
 .text.vprintk  0x0000000000001770       0x30 zephyr/libzephyr.a(printk.c.obj)
                0x0000000000001770                vprintk
 .text.z_thread_entry
                0x00000000000017a0       0x34 zephyr/libzephyr.a(thread_entry.c.obj)
                0x00000000000017a0                z_thread_entry
 .text.sys_heap_init
                0x00000000000017d4      0x11c zephyr/libzephyr.a(heap.c.obj)
                0x00000000000017d4                sys_heap_init
 .text.process_event
                0x00000000000018f0      0x3b0 zephyr/libzephyr.a(onoff.c.obj)
 .text.transition_complete
                0x0000000000001ca0       0x64 zephyr/libzephyr.a(onoff.c.obj)
 .text.onoff_request
                0x0000000000001d04      0x134 zephyr/libzephyr.a(onoff.c.obj)
                0x0000000000001d04                onoff_request
 .text.sys_notify_finalize
                0x0000000000001e38       0x40 zephyr/libzephyr.a(notify.c.obj)
                0x0000000000001e38                sys_notify_finalize
 .text.mem_attr_get_regions
                0x0000000000001e78        0xc zephyr/libzephyr.a(mem_attr.c.obj)
                0x0000000000001e78                mem_attr_get_regions
 .text.nrf_cc3xx_platform_abort_init
                0x0000000000001e84        0xc zephyr/libzephyr.a(nrf_cc3xx_platform_abort_zephyr.c.obj)
                0x0000000000001e84                nrf_cc3xx_platform_abort_init
 .text.mutex_free_platform
                0x0000000000001e90       0x54 zephyr/libzephyr.a(nrf_cc3xx_platform_mutex_zephyr.c.obj)
 .text.mutex_lock_platform
                0x0000000000001ee4       0x60 zephyr/libzephyr.a(nrf_cc3xx_platform_mutex_zephyr.c.obj)
 .text.mutex_unlock_platform
                0x0000000000001f44       0x58 zephyr/libzephyr.a(nrf_cc3xx_platform_mutex_zephyr.c.obj)
 .text.mutex_init_platform
                0x0000000000001f9c       0x94 zephyr/libzephyr.a(nrf_cc3xx_platform_mutex_zephyr.c.obj)
 .text.nrf_cc3xx_platform_mutex_init
                0x0000000000002030       0x2c zephyr/libzephyr.a(nrf_cc3xx_platform_mutex_zephyr.c.obj)
                0x0000000000002030                nrf_cc3xx_platform_mutex_init
 .text.z_arm_fatal_error
                0x000000000000205c       0x5c zephyr/arch/arch/arm/core/libarch__arm__core.a(fatal.c.obj)
                0x000000000000205c                z_arm_fatal_error
 .text.z_SysNmiOnReset
                0x00000000000020b8        0x8 zephyr/arch/arch/arm/core/libarch__arm__core.a(nmi_on_reset.S.obj)
                0x00000000000020b8                z_SysNmiOnReset
 .text.arch_tls_stack_setup
                0x00000000000020c0       0x60 zephyr/arch/arch/arm/core/libarch__arm__core.a(tls.c.obj)
                0x00000000000020c0                arch_tls_stack_setup
 .text._HandlerModeExit
                0x0000000000002120       0x1c zephyr/arch/arch/arm/core/cortex_m/libarch__arm__core__cortex_m.a(exc_exit.S.obj)
                0x0000000000002120                z_arm_exc_exit
                0x0000000000002120                z_arm_int_exit
 .text.mem_manage_fault
                0x000000000000213c      0x134 zephyr/arch/arch/arm/core/cortex_m/libarch__arm__core__cortex_m.a(fault.c.obj)
 .text.usage_fault.constprop.0
                0x0000000000002270       0xa4 zephyr/arch/arch/arm/core/cortex_m/libarch__arm__core__cortex_m.a(fault.c.obj)
 .text.bus_fault.constprop.0
                0x0000000000002314       0xc8 zephyr/arch/arch/arm/core/cortex_m/libarch__arm__core__cortex_m.a(fault.c.obj)
 .text.z_arm_fault
                0x00000000000023dc      0x21c zephyr/arch/arch/arm/core/cortex_m/libarch__arm__core__cortex_m.a(fault.c.obj)
                0x00000000000023dc                z_arm_fault
 .text.z_arm_fault_init
                0x00000000000025f8       0x10 zephyr/arch/arch/arm/core/cortex_m/libarch__arm__core__cortex_m.a(fault.c.obj)
                0x00000000000025f8                z_arm_fault_init
 .text.__fault  0x0000000000002608       0x14 zephyr/arch/arch/arm/core/cortex_m/libarch__arm__core__cortex_m.a(fault_s.S.obj)
                0x0000000000002608                z_arm_bus_fault
                0x0000000000002608                z_arm_usage_fault
                0x0000000000002608                z_arm_mpu_fault
                0x0000000000002608                z_arm_exc_spurious
                0x0000000000002608                z_arm_debug_monitor
                0x0000000000002608                z_arm_hard_fault
 .text._reset_section
                0x000000000000261c       0x54 zephyr/arch/arch/arm/core/cortex_m/libarch__arm__core__cortex_m.a(reset.S.obj)
                0x000000000000261c                z_arm_reset
                0x000000000000261c                __start
 .text.z_arm_clear_arm_mpu_config
                0x0000000000002670       0x24 zephyr/arch/arch/arm/core/cortex_m/libarch__arm__core__cortex_m.a(scb.c.obj)
                0x0000000000002670                z_arm_clear_arm_mpu_config
 .text.z_arm_init_arch_hw_at_boot
                0x0000000000002694       0x64 zephyr/arch/arch/arm/core/cortex_m/libarch__arm__core__cortex_m.a(scb.c.obj)
                0x0000000000002694                z_arm_init_arch_hw_at_boot
 .text.z_impl_k_thread_abort
                0x00000000000026f8       0x2c zephyr/arch/arch/arm/core/cortex_m/libarch__arm__core__cortex_m.a(thread_abort.c.obj)
                0x00000000000026f8                z_impl_k_thread_abort
 .text.arch_swap
                0x0000000000002724       0x34 zephyr/arch/arch/arm/core/cortex_m/libarch__arm__core__cortex_m.a(swap.c.obj)
                0x0000000000002724                arch_swap
 .text.z_arm_pendsv
                0x0000000000002758       0x68 zephyr/arch/arch/arm/core/cortex_m/libarch__arm__core__cortex_m.a(swap_helper.S.obj)
                0x0000000000002758                z_arm_pendsv
 .text.z_arm_svc
                0x00000000000027c0       0x20 zephyr/arch/arch/arm/core/cortex_m/libarch__arm__core__cortex_m.a(swap_helper.S.obj)
                0x00000000000027c0                z_arm_svc
 .text.arch_irq_enable
                0x00000000000027e0       0x1c zephyr/arch/arch/arm/core/cortex_m/libarch__arm__core__cortex_m.a(irq_manage.c.obj)
                0x00000000000027e0                arch_irq_enable
 .text.arch_irq_is_enabled
                0x00000000000027fc       0x1c zephyr/arch/arch/arm/core/cortex_m/libarch__arm__core__cortex_m.a(irq_manage.c.obj)
                0x00000000000027fc                arch_irq_is_enabled
 .text.z_arm_irq_priority_set
                0x0000000000002818       0x68 zephyr/arch/arch/arm/core/cortex_m/libarch__arm__core__cortex_m.a(irq_manage.c.obj)
                0x0000000000002818                z_arm_irq_priority_set
 .text.z_arm_prep_c
                0x0000000000002880       0x38 zephyr/arch/arch/arm/core/cortex_m/libarch__arm__core__cortex_m.a(prep_c.c.obj)
                0x0000000000002880                z_arm_prep_c
 .text.arch_new_thread
                0x00000000000028b8       0x38 zephyr/arch/arch/arm/core/cortex_m/libarch__arm__core__cortex_m.a(thread.c.obj)
                0x00000000000028b8                arch_new_thread
 .text.z_check_thread_stack_fail
                0x00000000000028f0       0x30 zephyr/arch/arch/arm/core/cortex_m/libarch__arm__core__cortex_m.a(thread.c.obj)
                0x00000000000028f0                z_check_thread_stack_fail
 .text.arch_switch_to_main_thread
                0x0000000000002920       0x38 zephyr/arch/arch/arm/core/cortex_m/libarch__arm__core__cortex_m.a(thread.c.obj)
                0x0000000000002920                arch_switch_to_main_thread
 .text.z_arm_cpu_idle_init
                0x0000000000002958        0xc zephyr/arch/arch/arm/core/cortex_m/libarch__arm__core__cortex_m.a(cpu_idle.S.obj)
                0x0000000000002958                z_arm_cpu_idle_init
 .text.arch_cpu_idle
                0x0000000000002964       0x1c zephyr/arch/arch/arm/core/cortex_m/libarch__arm__core__cortex_m.a(cpu_idle.S.obj)
                0x0000000000002964                arch_cpu_idle
 .text.arch_cpu_atomic_idle
                0x0000000000002980       0x18 zephyr/arch/arch/arm/core/cortex_m/libarch__arm__core__cortex_m.a(cpu_idle.S.obj)
                0x0000000000002980                arch_cpu_atomic_idle
 .text.z_arm_interrupt_init
                0x0000000000002998       0x18 zephyr/arch/arch/arm/core/cortex_m/libarch__arm__core__cortex_m.a(irq_init.c.obj)
                0x0000000000002998                z_arm_interrupt_init
 .text._isr_wrapper
                0x00000000000029b0       0x28 zephyr/arch/arch/arm/core/cortex_m/libarch__arm__core__cortex_m.a(isr_wrapper.S.obj)
                0x00000000000029b0                _isr_wrapper
 .text.z_arm_configure_static_mpu_regions
                0x00000000000029d8       0x18 zephyr/arch/arch/arm/core/mpu/libarch__arm__core__mpu.a(arm_core_mpu.c.obj)
                0x00000000000029d8                z_arm_configure_static_mpu_regions
 .text.z_arm_configure_dynamic_mpu_regions
                0x00000000000029f0       0x24 zephyr/arch/arch/arm/core/mpu/libarch__arm__core__mpu.a(arm_core_mpu.c.obj)
                0x00000000000029f0                z_arm_configure_dynamic_mpu_regions
 .text.region_init
                0x0000000000002a14       0x28 zephyr/arch/arch/arm/core/mpu/libarch__arm__core__mpu.a(arm_mpu.c.obj)
 .text.mpu_configure_regions
                0x0000000000002a3c       0x78 zephyr/arch/arch/arm/core/mpu/libarch__arm__core__mpu.a(arm_mpu.c.obj)
 .text.arm_core_mpu_enable
                0x0000000000002ab4       0x18 zephyr/arch/arch/arm/core/mpu/libarch__arm__core__mpu.a(arm_mpu.c.obj)
                0x0000000000002ab4                arm_core_mpu_enable
 .text.arm_core_mpu_disable
                0x0000000000002acc       0x14 zephyr/arch/arch/arm/core/mpu/libarch__arm__core__mpu.a(arm_mpu.c.obj)
                0x0000000000002acc                arm_core_mpu_disable
 .text.arm_core_mpu_configure_static_mpu_regions
                0x0000000000002ae0       0x4c zephyr/arch/arch/arm/core/mpu/libarch__arm__core__mpu.a(arm_mpu.c.obj)
                0x0000000000002ae0                arm_core_mpu_configure_static_mpu_regions
 .text.arm_core_mpu_configure_dynamic_mpu_regions
                0x0000000000002b2c       0x64 zephyr/arch/arch/arm/core/mpu/libarch__arm__core__mpu.a(arm_mpu.c.obj)
                0x0000000000002b2c                arm_core_mpu_configure_dynamic_mpu_regions
 .text.z_arm_mpu_init
                0x0000000000002b90      0x1ec zephyr/arch/arch/arm/core/mpu/libarch__arm__core__mpu.a(arm_mpu.c.obj)
                0x0000000000002b90                z_arm_mpu_init
 .text.z_impl_zephyr_fputc
                0x0000000000002d7c       0x10 zephyr/lib/libc/picolibc/liblib__libc__picolibc.a(libc-hooks.c.obj)
                0x0000000000002d7c                z_impl_zephyr_fputc
 .text.__stdout_hook_install
                0x0000000000002d8c       0x18 zephyr/lib/libc/picolibc/liblib__libc__picolibc.a(libc-hooks.c.obj)
                0x0000000000002d8c                __stdout_hook_install
 .text.__chk_fail
                0x0000000000002da4       0x18 zephyr/lib/libc/picolibc/liblib__libc__picolibc.a(libc-hooks.c.obj)
                0x0000000000002da4                __chk_fail
 .text.malloc_prepare
                0x0000000000002dbc       0x24 zephyr/lib/libc/common/liblib__libc__common.a(malloc.c.obj)
 .text.nordicsemi_nrf52_init
                0x0000000000002de0       0x44 zephyr/soc/soc/arm/nordic_nrf/libsoc__arm__nordic_nrf.a(soc.c.obj)
 .text.arch_busy_wait
                0x0000000000002e24       0x14 zephyr/soc/soc/arm/nordic_nrf/libsoc__arm__nordic_nrf.a(soc.c.obj)
                0x0000000000002e24                arch_busy_wait
 .text.z_arm_platform_init
                0x0000000000002e38        0x4 zephyr/soc/soc/arm/nordic_nrf/libsoc__arm__nordic_nrf.a(soc_nrf_common.S.obj)
                0x0000000000002e38                z_arm_platform_init
 .text.onoff_start
                0x0000000000002e3c       0x3c zephyr/drivers/clock_control/libdrivers__clock_control.a(clock_control_nrf.c.obj)
 .text.get_status
                0x0000000000002e78       0x38 zephyr/drivers/clock_control/libdrivers__clock_control.a(clock_control_nrf.c.obj)
 .text.stop     0x0000000000002eb0       0x7c zephyr/drivers/clock_control/libdrivers__clock_control.a(clock_control_nrf.c.obj)
 .text.onoff_stop
                0x0000000000002f2c       0x28 zephyr/drivers/clock_control/libdrivers__clock_control.a(clock_control_nrf.c.obj)
 .text.clk_init
                0x0000000000002f54       0x58 zephyr/drivers/clock_control/libdrivers__clock_control.a(clock_control_nrf.c.obj)
 .text.clkstarted_handle.constprop.0
                0x0000000000002fac       0x34 zephyr/drivers/clock_control/libdrivers__clock_control.a(clock_control_nrf.c.obj)
 .text.clock_event_handler
                0x0000000000002fe0       0x5c zephyr/drivers/clock_control/libdrivers__clock_control.a(clock_control_nrf.c.obj)
 .text.generic_hfclk_start
                0x000000000000303c       0x64 zephyr/drivers/clock_control/libdrivers__clock_control.a(clock_control_nrf.c.obj)
 .text.api_blocking_start
                0x00000000000030a0       0x34 zephyr/drivers/clock_control/libdrivers__clock_control.a(clock_control_nrf.c.obj)
 .text.generic_hfclk_stop
                0x00000000000030d4       0x34 zephyr/drivers/clock_control/libdrivers__clock_control.a(clock_control_nrf.c.obj)
 .text.z_nrf_clock_control_lf_on
                0x0000000000003108      0x140 zephyr/drivers/clock_control/libdrivers__clock_control.a(clock_control_nrf.c.obj)
                0x0000000000003108                z_nrf_clock_control_lf_on
 .text.uart_console_init
                0x0000000000003248       0x28 zephyr/drivers/console/libdrivers__console.a(uart_console.c.obj)
 .text.console_out
                0x0000000000003270       0x28 zephyr/drivers/console/libdrivers__console.a(uart_console.c.obj)
 .text.gpio_nrfx_manage_callback
                0x0000000000003298       0xa0 zephyr/drivers/gpio/libdrivers__gpio.a(gpio_nrfx.c.obj)
 .text.gpio_nrfx_init
                0x0000000000003338       0x48 zephyr/drivers/gpio/libdrivers__gpio.a(gpio_nrfx.c.obj)
 .text.nrf_gpio_pin_port_decode
                0x0000000000003380       0x5c zephyr/drivers/gpio/libdrivers__gpio.a(gpio_nrfx.c.obj)
 .text.gpio_nrfx_pin_interrupt_configure
                0x00000000000033dc       0xe4 zephyr/drivers/gpio/libdrivers__gpio.a(gpio_nrfx.c.obj)
 .text.gpio_nrfx_pin_configure
                0x00000000000034c0      0x19c zephyr/drivers/gpio/libdrivers__gpio.a(gpio_nrfx.c.obj)
 .text.nrfx_gpio_handler
                0x000000000000365c       0x78 zephyr/drivers/gpio/libdrivers__gpio.a(gpio_nrfx.c.obj)
 .text.nrf_gpio_pin_port_decode
                0x00000000000036d4       0x5c zephyr/drivers/pinctrl/libdrivers__pinctrl.a(pinctrl_nrf.c.obj)
 .text.pinctrl_configure_pins
                0x0000000000003730      0x1a4 zephyr/drivers/pinctrl/libdrivers__pinctrl.a(pinctrl_nrf.c.obj)
                0x0000000000003730                pinctrl_configure_pins
 .text.uarte_0_init
                0x00000000000038d4      0x24c zephyr/drivers/serial/libdrivers__serial.a(uart_nrfx_uarte.c.obj)
 .text.uarte_nrfx_poll_out
                0x0000000000003b20       0xcc zephyr/drivers/serial/libdrivers__serial.a(uart_nrfx_uarte.c.obj)
 .text.sys_clock_timeout_handler
                0x0000000000003bec       0x48 zephyr/drivers/timer/libdrivers__timer.a(nrf_rtc_timer.c.obj)
 .text.z_nrf_rtc_timer_read
                0x0000000000003c34       0x44 zephyr/drivers/timer/libdrivers__timer.a(nrf_rtc_timer.c.obj)
                0x0000000000003c34                z_nrf_rtc_timer_read
 .text.rtc_nrf_isr
                0x0000000000003c78       0xd4 zephyr/drivers/timer/libdrivers__timer.a(nrf_rtc_timer.c.obj)
                0x0000000000003c78                rtc_nrf_isr
 .text.compare_set.constprop.0.isra.0
                0x0000000000003d4c      0x154 zephyr/drivers/timer/libdrivers__timer.a(nrf_rtc_timer.c.obj)
 .text.sys_clock_driver_init
                0x0000000000003ea0       0x80 zephyr/drivers/timer/libdrivers__timer.a(nrf_rtc_timer.c.obj)
 .text.sys_clock_set_timeout
                0x0000000000003f20       0x4c zephyr/drivers/timer/libdrivers__timer.a(nrf_rtc_timer.c.obj)
                0x0000000000003f20                sys_clock_set_timeout
 .text.sys_clock_elapsed
                0x0000000000003f6c       0x14 zephyr/drivers/timer/libdrivers__timer.a(nrf_rtc_timer.c.obj)
                0x0000000000003f6c                sys_clock_elapsed
 .text.nrf52_errata_98
                0x0000000000003f80       0x24 modules/hal_nordic/nrfx/libmodules__hal_nordic__nrfx.a(system_nrf52840.c.obj)
 .text.nvmc_wait
                0x0000000000003fa4       0x10 modules/hal_nordic/nrfx/libmodules__hal_nordic__nrfx.a(system_nrf52840.c.obj)
                0x0000000000003fa4                nvmc_wait
 .text.SystemInit
                0x0000000000003fb4      0x1bc modules/hal_nordic/nrfx/libmodules__hal_nordic__nrfx.a(system_nrf52840.c.obj)
                0x0000000000003fb4                SystemInit
 .text.nrfx_flag32_alloc
                0x0000000000004170       0x48 modules/hal_nordic/nrfx/libmodules__hal_nordic__nrfx.a(nrfx_flag32_allocator.c.obj)
                0x0000000000004170                nrfx_flag32_alloc
 .text.nrfx_flag32_free
                0x00000000000041b8       0x40 modules/hal_nordic/nrfx/libmodules__hal_nordic__nrfx.a(nrfx_flag32_allocator.c.obj)
                0x00000000000041b8                nrfx_flag32_free
 .text.nrfx_gppi_channels_enable
                0x00000000000041f8        0xc modules/hal_nordic/nrfx/libmodules__hal_nordic__nrfx.a(nrfx_gppi_ppi.c.obj)
                0x00000000000041f8                nrfx_gppi_channels_enable
 .text.clock_stop
                0x0000000000004204       0xf4 modules/hal_nordic/nrfx/libmodules__hal_nordic__nrfx.a(nrfx_clock.c.obj)
 .text.nrfx_clock_init
                0x00000000000042f8       0x20 modules/hal_nordic/nrfx/libmodules__hal_nordic__nrfx.a(nrfx_clock.c.obj)
                0x00000000000042f8                nrfx_clock_init
 .text.nrfx_clock_enable
                0x0000000000004318       0x4c modules/hal_nordic/nrfx/libmodules__hal_nordic__nrfx.a(nrfx_clock.c.obj)
                0x0000000000004318                nrfx_clock_enable
 .text.nrfx_clock_start
                0x0000000000004364       0xe4 modules/hal_nordic/nrfx/libmodules__hal_nordic__nrfx.a(nrfx_clock.c.obj)
                0x0000000000004364                nrfx_clock_start
 .text.nrfx_clock_stop
                0x0000000000004448       0x38 modules/hal_nordic/nrfx/libmodules__hal_nordic__nrfx.a(nrfx_clock.c.obj)
                0x0000000000004448                nrfx_clock_stop
 .text.nrfx_power_clock_irq_handler
                0x0000000000004480       0x68 modules/hal_nordic/nrfx/libmodules__hal_nordic__nrfx.a(nrfx_clock.c.obj)
                0x0000000000004480                nrfx_power_clock_irq_handler
 .text.get_pin_idx
                0x00000000000044e8       0x14 modules/hal_nordic/nrfx/libmodules__hal_nordic__nrfx.a(nrfx_gpiote.c.obj)
 .text.nrf_gpio_pin_port_decode
                0x00000000000044fc       0x68 modules/hal_nordic/nrfx/libmodules__hal_nordic__nrfx.a(nrfx_gpiote.c.obj)
 .text.nrf_gpiote_in_event_get
                0x0000000000004564       0x34 modules/hal_nordic/nrfx/libmodules__hal_nordic__nrfx.a(nrfx_gpiote.c.obj)
 .text.call_handler.constprop.0
                0x0000000000004598       0x40 modules/hal_nordic/nrfx/libmodules__hal_nordic__nrfx.a(nrfx_gpiote.c.obj)
 .text.pin_te_get.constprop.0
                0x00000000000045d8       0x18 modules/hal_nordic/nrfx/libmodules__hal_nordic__nrfx.a(nrfx_gpiote.c.obj)
 .text.pin_is_output.constprop.0
                0x00000000000045f0       0x18 modules/hal_nordic/nrfx/libmodules__hal_nordic__nrfx.a(nrfx_gpiote.c.obj)
 .text.pin_has_trigger.constprop.0
                0x0000000000004608       0x1c modules/hal_nordic/nrfx/libmodules__hal_nordic__nrfx.a(nrfx_gpiote.c.obj)
 .text.pin_in_use_by_te.constprop.0
                0x0000000000004624       0x18 modules/hal_nordic/nrfx/libmodules__hal_nordic__nrfx.a(nrfx_gpiote.c.obj)
 .text.latch_pending_read_and_check
                0x000000000000463c       0x40 modules/hal_nordic/nrfx/libmodules__hal_nordic__nrfx.a(nrfx_gpiote.c.obj)
 .text.release_handler.isra.0
                0x000000000000467c       0x80 modules/hal_nordic/nrfx/libmodules__hal_nordic__nrfx.a(nrfx_gpiote.c.obj)
 .text.__nrfy_internal_gpiote_events_process.constprop.0
                0x00000000000046fc       0x64 modules/hal_nordic/nrfx/libmodules__hal_nordic__nrfx.a(nrfx_gpiote.c.obj)
 .text.pin_uninit
                0x0000000000004760       0x80 modules/hal_nordic/nrfx/libmodules__hal_nordic__nrfx.a(nrfx_gpiote.c.obj)
 .text.nrfx_gpiote_input_configure
                0x00000000000047e0      0x168 modules/hal_nordic/nrfx/libmodules__hal_nordic__nrfx.a(nrfx_gpiote.c.obj)
                0x00000000000047e0                nrfx_gpiote_input_configure
 .text.nrfx_gpiote_output_configure
                0x0000000000004948       0xf8 modules/hal_nordic/nrfx/libmodules__hal_nordic__nrfx.a(nrfx_gpiote.c.obj)
                0x0000000000004948                nrfx_gpiote_output_configure
 .text.nrfx_gpiote_global_callback_set
                0x0000000000004a40        0xc modules/hal_nordic/nrfx/libmodules__hal_nordic__nrfx.a(nrfx_gpiote.c.obj)
                0x0000000000004a40                nrfx_gpiote_global_callback_set
 .text.nrfx_gpiote_channel_get
                0x0000000000004a4c       0x58 modules/hal_nordic/nrfx/libmodules__hal_nordic__nrfx.a(nrfx_gpiote.c.obj)
                0x0000000000004a4c                nrfx_gpiote_channel_get
 .text.nrfx_gpiote_init
                0x0000000000004aa4       0x7c modules/hal_nordic/nrfx/libmodules__hal_nordic__nrfx.a(nrfx_gpiote.c.obj)
                0x0000000000004aa4                nrfx_gpiote_init
 .text.nrfx_gpiote_init_check
                0x0000000000004b20       0x14 modules/hal_nordic/nrfx/libmodules__hal_nordic__nrfx.a(nrfx_gpiote.c.obj)
                0x0000000000004b20                nrfx_gpiote_init_check
 .text.nrfx_gpiote_channel_free
                0x0000000000004b34        0xc modules/hal_nordic/nrfx/libmodules__hal_nordic__nrfx.a(nrfx_gpiote.c.obj)
                0x0000000000004b34                nrfx_gpiote_channel_free
 .text.nrfx_gpiote_channel_alloc
                0x0000000000004b40        0xc modules/hal_nordic/nrfx/libmodules__hal_nordic__nrfx.a(nrfx_gpiote.c.obj)
                0x0000000000004b40                nrfx_gpiote_channel_alloc
 .text.nrfx_gpiote_trigger_enable
                0x0000000000004b4c       0xe8 modules/hal_nordic/nrfx/libmodules__hal_nordic__nrfx.a(nrfx_gpiote.c.obj)
                0x0000000000004b4c                nrfx_gpiote_trigger_enable
 .text.nrfx_gpiote_0_irq_handler
                0x0000000000004c34      0x1bc modules/hal_nordic/nrfx/libmodules__hal_nordic__nrfx.a(nrfx_gpiote.c.obj)
                0x0000000000004c34                nrfx_gpiote_0_irq_handler
 .text.nrfx_ppi_channel_alloc
                0x0000000000004df0        0xc modules/hal_nordic/nrfx/libmodules__hal_nordic__nrfx.a(nrfx_ppi.c.obj)
                0x0000000000004df0                nrfx_ppi_channel_alloc
 .text._DoInit  0x0000000000004dfc       0x68 modules/segger/libmodules__segger.a(SEGGER_RTT.c.obj)
 .text.z_device_state_init
                0x0000000000004e64       0x44 zephyr/kernel/libkernel.a(device.c.obj)
                0x0000000000004e64                z_device_state_init
 .text.k_sys_fatal_error_handler
                0x0000000000004ea8       0x18 zephyr/kernel/libkernel.a(fatal.c.obj)
                0x0000000000004ea8                k_sys_fatal_error_handler
 .text.z_fatal_error
                0x0000000000004ec0       0xb8 zephyr/kernel/libkernel.a(fatal.c.obj)
                0x0000000000004ec0                z_fatal_error
 .text.z_sys_init_run_level
                0x0000000000004f78       0x48 zephyr/kernel/libkernel.a(init.c.obj)
 .text.bg_thread_main
                0x0000000000004fc0       0x34 zephyr/kernel/libkernel.a(init.c.obj)
 .text.z_bss_zero
                0x0000000000004ff4       0x18 zephyr/kernel/libkernel.a(init.c.obj)
                0x0000000000004ff4                z_bss_zero
 .text.z_init_cpu
                0x000000000000500c       0x94 zephyr/kernel/libkernel.a(init.c.obj)
                0x000000000000500c                z_init_cpu
 .text.z_cstart
                0x00000000000050a0       0xdc zephyr/kernel/libkernel.a(init.c.obj)
                0x00000000000050a0                z_cstart
 .text.init_mem_slab_obj_core_list
                0x000000000000517c       0x50 zephyr/kernel/libkernel.a(mem_slab.c.obj)
 .text.k_mem_slab_alloc
                0x00000000000051cc       0xd8 zephyr/kernel/libkernel.a(mem_slab.c.obj)
                0x00000000000051cc                k_mem_slab_alloc
 .text.k_mem_slab_free
                0x00000000000052a4      0x10c zephyr/kernel/libkernel.a(mem_slab.c.obj)
                0x00000000000052a4                k_mem_slab_free
 .text.z_setup_new_thread
                0x00000000000053b0       0xf4 zephyr/kernel/libkernel.a(thread.c.obj)
                0x00000000000053b0                z_setup_new_thread
 .text.z_init_static_threads
                0x00000000000054a4       0xe4 zephyr/kernel/libkernel.a(thread.c.obj)
                0x00000000000054a4                z_init_static_threads
 .text.z_spin_lock_valid
                0x0000000000005588       0x1c zephyr/kernel/libkernel.a(thread.c.obj)
                0x0000000000005588                z_spin_lock_valid
 .text.z_spin_unlock_valid
                0x00000000000055a4       0x20 zephyr/kernel/libkernel.a(thread.c.obj)
                0x00000000000055a4                z_spin_unlock_valid
 .text.z_spin_lock_set_owner
                0x00000000000055c4       0x10 zephyr/kernel/libkernel.a(thread.c.obj)
                0x00000000000055c4                z_spin_lock_set_owner
 .text.idle     0x00000000000055d4       0x48 zephyr/kernel/libkernel.a(idle.c.obj)
                0x00000000000055d4                idle
 .text.z_impl_k_mutex_unlock
                0x000000000000561c      0x120 zephyr/kernel/libkernel.a(mutex.c.obj)
                0x000000000000561c                z_impl_k_mutex_unlock
 .text.z_impl_k_mutex_lock
                0x000000000000573c      0x1a4 zephyr/kernel/libkernel.a(mutex.c.obj)
                0x000000000000573c                z_impl_k_mutex_lock
 .text.z_impl_k_sem_give
                0x00000000000058e0       0xb4 zephyr/kernel/libkernel.a(sem.c.obj)
                0x00000000000058e0                z_impl_k_sem_give
 .text.z_impl_k_sem_take
                0x0000000000005994       0xf8 zephyr/kernel/libkernel.a(sem.c.obj)
                0x0000000000005994                z_impl_k_sem_take
 .text.sliceable
                0x0000000000005a8c       0x3c zephyr/kernel/libkernel.a(sched.c.obj)
 .text.slice_timeout
                0x0000000000005ac8       0x60 zephyr/kernel/libkernel.a(sched.c.obj)
 .text.z_reset_time_slice
                0x0000000000005b28       0x50 zephyr/kernel/libkernel.a(sched.c.obj)
                0x0000000000005b28                z_reset_time_slice
 .text.update_cache
                0x0000000000005b78       0x68 zephyr/kernel/libkernel.a(sched.c.obj)
 .text.ready_thread
                0x0000000000005be0       0x94 zephyr/kernel/libkernel.a(sched.c.obj)
 .text.z_ready_thread
                0x0000000000005c74       0x90 zephyr/kernel/libkernel.a(sched.c.obj)
                0x0000000000005c74                z_ready_thread
 .text.z_unpend_thread_no_timeout
                0x0000000000005d04       0x94 zephyr/kernel/libkernel.a(sched.c.obj)
                0x0000000000005d04                z_unpend_thread_no_timeout
 .text.z_reschedule
                0x0000000000005d98       0x8c zephyr/kernel/libkernel.a(sched.c.obj)
                0x0000000000005d98                z_reschedule
 .text.z_sched_start
                0x0000000000005e24       0xa8 zephyr/kernel/libkernel.a(sched.c.obj)
                0x0000000000005e24                z_sched_start
 .text.k_sched_lock
                0x0000000000005ecc       0xe0 zephyr/kernel/libkernel.a(sched.c.obj)
                0x0000000000005ecc                k_sched_lock
 .text.k_sched_unlock
                0x0000000000005fac       0xec zephyr/kernel/libkernel.a(sched.c.obj)
                0x0000000000005fac                k_sched_unlock
 .text.z_priq_dumb_remove
                0x0000000000006098       0x40 zephyr/kernel/libkernel.a(sched.c.obj)
                0x0000000000006098                z_priq_dumb_remove
 .text.move_thread_to_end_of_prio_q
                0x00000000000060d8       0xa4 zephyr/kernel/libkernel.a(sched.c.obj)
 .text.z_time_slice
                0x000000000000617c       0xcc zephyr/kernel/libkernel.a(sched.c.obj)
                0x000000000000617c                z_time_slice
 .text.unready_thread
                0x0000000000006248       0x38 zephyr/kernel/libkernel.a(sched.c.obj)
 .text.add_to_waitq_locked
                0x0000000000006280       0x7c zephyr/kernel/libkernel.a(sched.c.obj)
 .text.pend_locked
                0x00000000000062fc       0x30 zephyr/kernel/libkernel.a(sched.c.obj)
 .text.z_pend_curr
                0x000000000000632c       0xf4 zephyr/kernel/libkernel.a(sched.c.obj)
                0x000000000000632c                z_pend_curr
 .text.z_set_prio
                0x0000000000006420      0x128 zephyr/kernel/libkernel.a(sched.c.obj)
                0x0000000000006420                z_set_prio
 .text.unpend_thread_no_timeout
                0x0000000000006548       0x40 zephyr/kernel/libkernel.a(sched.c.obj)
 .text.z_sched_wake_thread
                0x0000000000006588       0xb4 zephyr/kernel/libkernel.a(sched.c.obj)
                0x0000000000006588                z_sched_wake_thread
 .text.z_unpend_first_thread
                0x000000000000663c       0xa4 zephyr/kernel/libkernel.a(sched.c.obj)
                0x000000000000663c                z_unpend_first_thread
 .text.z_thread_halt
                0x00000000000066e0      0x130 zephyr/kernel/libkernel.a(sched.c.obj)
 .text.z_impl_k_thread_suspend
                0x0000000000006810       0xa4 zephyr/kernel/libkernel.a(sched.c.obj)
                0x0000000000006810                z_impl_k_thread_suspend
 .text.z_sched_init
                0x00000000000068b4       0x10 zephyr/kernel/libkernel.a(sched.c.obj)
                0x00000000000068b4                z_sched_init
 .text.z_impl_k_yield
                0x00000000000068c4      0x134 zephyr/kernel/libkernel.a(sched.c.obj)
                0x00000000000068c4                z_impl_k_yield
 .text.z_tick_sleep
                0x00000000000069f8      0x148 zephyr/kernel/libkernel.a(sched.c.obj)
 .text.z_impl_k_sleep
                0x0000000000006b40       0x68 zephyr/kernel/libkernel.a(sched.c.obj)
                0x0000000000006b40                z_impl_k_sleep
 .text.z_impl_k_sched_current_thread_query
                0x0000000000006ba8        0xc zephyr/kernel/libkernel.a(sched.c.obj)
                0x0000000000006ba8                z_impl_k_sched_current_thread_query
 .text.z_thread_abort
                0x0000000000006bb4       0xe0 zephyr/kernel/libkernel.a(sched.c.obj)
                0x0000000000006bb4                z_thread_abort
 .text.z_data_copy
                0x0000000000006c94       0x34 zephyr/kernel/libkernel.a(xip.c.obj)
                0x0000000000006c94                z_data_copy
 .text.elapsed  0x0000000000006cc8       0x14 zephyr/kernel/libkernel.a(timeout.c.obj)
 .text.next_timeout
                0x0000000000006cdc       0x40 zephyr/kernel/libkernel.a(timeout.c.obj)
 .text.remove_timeout
                0x0000000000006d1c       0x38 zephyr/kernel/libkernel.a(timeout.c.obj)
 .text.z_add_timeout
                0x0000000000006d54      0x184 zephyr/kernel/libkernel.a(timeout.c.obj)
                0x0000000000006d54                z_add_timeout
 .text.z_abort_timeout
                0x0000000000006ed8       0x9c zephyr/kernel/libkernel.a(timeout.c.obj)
                0x0000000000006ed8                z_abort_timeout
 .text.sys_clock_announce
                0x0000000000006f74      0x160 zephyr/kernel/libkernel.a(timeout.c.obj)
                0x0000000000006f74                sys_clock_announce
 .text.sys_clock_tick_get
                0x00000000000070d4       0xa0 zephyr/kernel/libkernel.a(timeout.c.obj)
                0x00000000000070d4                sys_clock_tick_get
 .text.z_timer_expiration_handler
                0x0000000000007174      0x174 zephyr/kernel/libkernel.a(timer.c.obj)
                0x0000000000007174                z_timer_expiration_handler
 .text.z_impl_k_timer_start
                0x00000000000072e8       0xe4 zephyr/kernel/libkernel.a(timer.c.obj)
                0x00000000000072e8                z_impl_k_timer_start
 .text.z_impl_k_timer_status_sync
                0x00000000000073cc       0xfc zephyr/kernel/libkernel.a(timer.c.obj)
                0x00000000000073cc                z_impl_k_timer_status_sync
 .text.boot_banner
                0x00000000000074c8        0xc zephyr/kernel/libkernel.a(banner.c.obj)
                0x00000000000074c8                boot_banner
 .text.nrf_cc3xx_platform_init_no_rng
                0x00000000000074d4       0x38 /home/pramos/ncs/v2.6.0/nrfxlib/crypto/nrf_cc310_platform/lib/cortex-m4/soft-float/no-interrupts/libnrf_cc310_platform_0.9.19.a(nrf_cc3xx_platform.c.obj)
                0x00000000000074d4                nrf_cc3xx_platform_init_no_rng
 .text.nrf_cc3xx_platform_abort
                0x000000000000750c       0x24 /home/pramos/ncs/v2.6.0/nrfxlib/crypto/nrf_cc310_platform/lib/cortex-m4/soft-float/no-interrupts/libnrf_cc310_platform_0.9.19.a(nrf_cc3xx_platform_abort.c.obj)
 .text.CC_PalAbort
                0x0000000000007530       0x34 /home/pramos/ncs/v2.6.0/nrfxlib/crypto/nrf_cc310_platform/lib/cortex-m4/soft-float/no-interrupts/libnrf_cc310_platform_0.9.19.a(nrf_cc3xx_platform_abort.c.obj)
                0x0000000000007530                CC_PalAbort
 .text.nrf_cc3xx_platform_set_abort
                0x0000000000007564       0x10 /home/pramos/ncs/v2.6.0/nrfxlib/crypto/nrf_cc310_platform/lib/cortex-m4/soft-float/no-interrupts/libnrf_cc310_platform_0.9.19.a(nrf_cc3xx_platform_abort.c.obj)
                0x0000000000007564                nrf_cc3xx_platform_set_abort
 .text.mutex_free
                0x0000000000007574       0x34 /home/pramos/ncs/v2.6.0/nrfxlib/crypto/nrf_cc310_platform/lib/cortex-m4/soft-float/no-interrupts/libnrf_cc310_platform_0.9.19.a(nrf_cc3xx_platform_mutex.c.obj)
 .text.mutex_lock
                0x00000000000075a8       0x48 /home/pramos/ncs/v2.6.0/nrfxlib/crypto/nrf_cc310_platform/lib/cortex-m4/soft-float/no-interrupts/libnrf_cc310_platform_0.9.19.a(nrf_cc3xx_platform_mutex.c.obj)
 .text.mutex_unlock
                0x00000000000075f0       0x38 /home/pramos/ncs/v2.6.0/nrfxlib/crypto/nrf_cc310_platform/lib/cortex-m4/soft-float/no-interrupts/libnrf_cc310_platform_0.9.19.a(nrf_cc3xx_platform_mutex.c.obj)
 .text.mutex_init
                0x0000000000007628       0x20 /home/pramos/ncs/v2.6.0/nrfxlib/crypto/nrf_cc310_platform/lib/cortex-m4/soft-float/no-interrupts/libnrf_cc310_platform_0.9.19.a(nrf_cc3xx_platform_mutex.c.obj)
 .text.nrf_cc3xx_platform_set_mutexes
                0x0000000000007648       0x74 /home/pramos/ncs/v2.6.0/nrfxlib/crypto/nrf_cc310_platform/lib/cortex-m4/soft-float/no-interrupts/libnrf_cc310_platform_0.9.19.a(nrf_cc3xx_platform_mutex.c.obj)
                0x0000000000007648                nrf_cc3xx_platform_set_mutexes
 .text.CC_LibInitNoRng
                0x00000000000076bc       0x64 /home/pramos/ncs/v2.6.0/nrfxlib/crypto/nrf_cc310_platform/lib/cortex-m4/soft-float/no-interrupts/libnrf_cc310_platform_0.9.19.a(cc_lib.c.obj)
                0x00000000000076bc                CC_LibInitNoRng
 .text.CC_HalInit
                0x0000000000007720        0x4 /home/pramos/ncs/v2.6.0/nrfxlib/crypto/nrf_cc310_platform/lib/cortex-m4/soft-float/no-interrupts/libnrf_cc310_platform_0.9.19.a(cc_hal.c.obj)
                0x0000000000007720                CC_HalInit
 .text.CC_HalTerminate
                0x0000000000007724        0x4 /home/pramos/ncs/v2.6.0/nrfxlib/crypto/nrf_cc310_platform/lib/cortex-m4/soft-float/no-interrupts/libnrf_cc310_platform_0.9.19.a(cc_hal.c.obj)
                0x0000000000007724                CC_HalTerminate
 .text.CC_HalMaskInterrupt
                0x0000000000007728        0xc /home/pramos/ncs/v2.6.0/nrfxlib/crypto/nrf_cc310_platform/lib/cortex-m4/soft-float/no-interrupts/libnrf_cc310_platform_0.9.19.a(cc_hal.c.obj)
                0x0000000000007728                CC_HalMaskInterrupt
 .text.CC_PalInit
                0x0000000000007734       0x5c /home/pramos/ncs/v2.6.0/nrfxlib/crypto/nrf_cc310_platform/lib/cortex-m4/soft-float/no-interrupts/libnrf_cc310_platform_0.9.19.a(cc_pal.c.obj)
                0x0000000000007734                CC_PalInit
 .text.CC_PalTerminate
                0x0000000000007790       0x34 /home/pramos/ncs/v2.6.0/nrfxlib/crypto/nrf_cc310_platform/lib/cortex-m4/soft-float/no-interrupts/libnrf_cc310_platform_0.9.19.a(cc_pal.c.obj)
                0x0000000000007790                CC_PalTerminate
 .text.CC_PalDmaInit
                0x00000000000077c4        0x4 /home/pramos/ncs/v2.6.0/nrfxlib/crypto/nrf_cc310_platform/lib/cortex-m4/soft-float/no-interrupts/libnrf_cc310_platform_0.9.19.a(cc_pal_dma.c.obj)
                0x00000000000077c4                CC_PalDmaInit
 .text.CC_PalDmaTerminate
                0x00000000000077c8        0x4 /home/pramos/ncs/v2.6.0/nrfxlib/crypto/nrf_cc310_platform/lib/cortex-m4/soft-float/no-interrupts/libnrf_cc310_platform_0.9.19.a(cc_pal_dma.c.obj)
                0x00000000000077c8                CC_PalDmaTerminate
 .text.CC_PalMutexCreate
                0x00000000000077cc       0x14 /home/pramos/ncs/v2.6.0/nrfxlib/crypto/nrf_cc310_platform/lib/cortex-m4/soft-float/no-interrupts/libnrf_cc310_platform_0.9.19.a(cc_pal_mutex.c.obj)
                0x00000000000077cc                CC_PalMutexCreate
 .text.CC_PalMutexDestroy
                0x00000000000077e0       0x14 /home/pramos/ncs/v2.6.0/nrfxlib/crypto/nrf_cc310_platform/lib/cortex-m4/soft-float/no-interrupts/libnrf_cc310_platform_0.9.19.a(cc_pal_mutex.c.obj)
                0x00000000000077e0                CC_PalMutexDestroy
 .text.CC_PalPowerSaveModeInit
                0x00000000000077f4       0x3c /home/pramos/ncs/v2.6.0/nrfxlib/crypto/nrf_cc310_platform/lib/cortex-m4/soft-float/no-interrupts/libnrf_cc310_platform_0.9.19.a(cc_pal_pm.c.obj)
                0x00000000000077f4                CC_PalPowerSaveModeInit
 .text.CC_PalPowerSaveModeSelect
                0x0000000000007830       0x84 /home/pramos/ncs/v2.6.0/nrfxlib/crypto/nrf_cc310_platform/lib/cortex-m4/soft-float/no-interrupts/libnrf_cc310_platform_0.9.19.a(cc_pal_pm.c.obj)
                0x0000000000007830                CC_PalPowerSaveModeSelect
 .text.putchar  0x00000000000078b4        0xc /home/pramos/ncs/toolchains/2be090971e/opt/zephyr-sdk/arm-zephyr-eabi/bin/../lib/gcc/../../picolibc/arm-zephyr-eabi/lib/thumb/v7e-m/nofp/libc.a(libc_tinystdio_putchar.c.o)
                0x00000000000078b4                putchar
 .text.snprintf
                0x00000000000078c0       0x58 /home/pramos/ncs/toolchains/2be090971e/opt/zephyr-sdk/arm-zephyr-eabi/bin/../lib/gcc/../../picolibc/arm-zephyr-eabi/lib/thumb/v7e-m/nofp/libc.a(libc_tinystdio_snprintf.c.o)
                0x00000000000078c0                snprintf
 .text.strtod   0x0000000000007918      0x310 /home/pramos/ncs/toolchains/2be090971e/opt/zephyr-sdk/arm-zephyr-eabi/bin/../lib/gcc/../../picolibc/arm-zephyr-eabi/lib/thumb/v7e-m/nofp/libc.a(libc_tinystdio_strtod.c.o)
                0x0000000000007918                strtold
                0x0000000000007918                strtod
 .text.strtol   0x0000000000007c28       0xec /home/pramos/ncs/toolchains/2be090971e/opt/zephyr-sdk/arm-zephyr-eabi/bin/../lib/gcc/../../picolibc/arm-zephyr-eabi/lib/thumb/v7e-m/nofp/libc.a(libc_tinystdio_strtol.c.o)
                0x0000000000007c28                strtol
 .text.__l_vfprintf
                0x0000000000007d14      0x4b8 /home/pramos/ncs/toolchains/2be090971e/opt/zephyr-sdk/arm-zephyr-eabi/bin/../lib/gcc/../../picolibc/arm-zephyr-eabi/lib/thumb/v7e-m/nofp/libc.a(libc_tinystdio_vflprintf.c.o)
                0x0000000000007d14                __l_vfprintf
 .text.vsnprintf
                0x00000000000081cc       0x50 /home/pramos/ncs/toolchains/2be090971e/opt/zephyr-sdk/arm-zephyr-eabi/bin/../lib/gcc/../../picolibc/arm-zephyr-eabi/lib/thumb/v7e-m/nofp/libc.a(libc_tinystdio_vsnprintf.c.o)
                0x00000000000081cc                vsnprintf
 .text.vsprintf
                0x000000000000821c       0x44 /home/pramos/ncs/toolchains/2be090971e/opt/zephyr-sdk/arm-zephyr-eabi/bin/../lib/gcc/../../picolibc/arm-zephyr-eabi/lib/thumb/v7e-m/nofp/libc.a(libc_tinystdio_vsprintf.c.o)
                0x000000000000821c                vsprintf
 .text.__atod_engine
                0x0000000000008260      0x1bc /home/pramos/ncs/toolchains/2be090971e/opt/zephyr-sdk/arm-zephyr-eabi/bin/../lib/gcc/../../picolibc/arm-zephyr-eabi/lib/thumb/v7e-m/nofp/libc.a(libc_tinystdio_atod_ryu.c.o)
                0x0000000000008260                __atod_engine
 .text.__log2pow5
                0x000000000000841c        0xc /home/pramos/ncs/toolchains/2be090971e/opt/zephyr-sdk/arm-zephyr-eabi/bin/../lib/gcc/../../picolibc/arm-zephyr-eabi/lib/thumb/v7e-m/nofp/libc.a(libc_tinystdio_ryu_log2pow5.c.o)
                0x000000000000841c                __log2pow5
 .text.__ceil_log2pow5
                0x0000000000008428       0x10 /home/pramos/ncs/toolchains/2be090971e/opt/zephyr-sdk/arm-zephyr-eabi/bin/../lib/gcc/../../picolibc/arm-zephyr-eabi/lib/thumb/v7e-m/nofp/libc.a(libc_tinystdio_ryu_log2pow5.c.o)
                0x0000000000008428                __ceil_log2pow5
 .text.__pow5Factor
                0x0000000000008438       0x30 /home/pramos/ncs/toolchains/2be090971e/opt/zephyr-sdk/arm-zephyr-eabi/bin/../lib/gcc/../../picolibc/arm-zephyr-eabi/lib/thumb/v7e-m/nofp/libc.a(libc_tinystdio_ryu_table.c.o)
                0x0000000000008438                __pow5Factor
 .text.__double_computePow5
                0x0000000000008468       0xe8 /home/pramos/ncs/toolchains/2be090971e/opt/zephyr-sdk/arm-zephyr-eabi/bin/../lib/gcc/../../picolibc/arm-zephyr-eabi/lib/thumb/v7e-m/nofp/libc.a(libc_tinystdio_ryu_table.c.o)
                0x0000000000008468                __double_computePow5
 .text.__double_computeInvPow5
                0x0000000000008550       0xf8 /home/pramos/ncs/toolchains/2be090971e/opt/zephyr-sdk/arm-zephyr-eabi/bin/../lib/gcc/../../picolibc/arm-zephyr-eabi/lib/thumb/v7e-m/nofp/libc.a(libc_tinystdio_ryu_table.c.o)
                0x0000000000008550                __double_computeInvPow5
 .text.__fpclassifyd
                0x0000000000008648       0x48 /home/pramos/ncs/toolchains/2be090971e/opt/zephyr-sdk/arm-zephyr-eabi/bin/../lib/gcc/../../picolibc/arm-zephyr-eabi/lib/thumb/v7e-m/nofp/libc.a(libm_common_s_fpclassify.c.o)
                0x0000000000008648                __fpclassifyl
                0x0000000000008648                __fpclassifyd
 .text.__pow5bits
                0x0000000000008690       0x10 /home/pramos/ncs/toolchains/2be090971e/opt/zephyr-sdk/arm-zephyr-eabi/bin/../lib/gcc/../../picolibc/arm-zephyr-eabi/lib/thumb/v7e-m/nofp/libc.a(libc_tinystdio_ryu_pow5bits.c.o)
                0x0000000000008690                __pow5bits
 .text._OffsetAbsSyms
                0x00000000000086a0        0x2 zephyr/CMakeFiles/offsets.dir/./arch/arm/core/offsets/offsets.c.obj
                0x00000000000086a0                _OffsetAbsSyms
 .text.btn1_handler
                0x00000000000086a2       0x14 app/libapp.a(buttons.c.obj)
 .text.btn4_handler
                0x00000000000086b6       0x18 app/libapp.a(buttons.c.obj)
 .text.btn2_handler
                0x00000000000086ce       0x18 app/libapp.a(buttons.c.obj)
 .text.calcChecksum
                0x00000000000086e6       0x16 app/libapp.a(cmdproc.c.obj)
                0x00000000000086e6                calcChecksum
 .text.k_mutex_lock.constprop.0.isra.0
                0x00000000000086fc        0x4 app/libapp.a(rtdb.c.obj)
 .text.k_mutex_unlock.isra.0
                0x0000000000008700        0x4 app/libapp.a(rtdb.c.obj)
 .text.k_mutex_init.isra.0
                0x0000000000008704        0x4 app/libapp.a(rtdb.c.obj)
 .text.arch_printk_char_out
                0x0000000000008708        0x4 zephyr/libzephyr.a(printk.c.obj)
                0x0000000000008708                arch_printk_char_out
 .text.printk   0x000000000000870c       0x1a zephyr/libzephyr.a(printk.c.obj)
                0x000000000000870c                printk
 .text.chunk_size
                0x0000000000008726        0xa zephyr/libzephyr.a(heap.c.obj)
 .text.free_list_add
                0x0000000000008730       0x4e zephyr/libzephyr.a(heap.c.obj)
 .text.process_recheck
                0x000000000000877e       0x38 zephyr/libzephyr.a(onoff.c.obj)
 .text.validate_args
                0x00000000000087b6       0x20 zephyr/libzephyr.a(onoff.c.obj)
 .text.notify_one
                0x00000000000087d6       0x2c zephyr/libzephyr.a(onoff.c.obj)
 .text.onoff_manager_init
                0x0000000000008802       0x26 zephyr/libzephyr.a(onoff.c.obj)
                0x0000000000008802                onoff_manager_init
 .text.sys_notify_validate
                0x0000000000008828       0x22 zephyr/libzephyr.a(notify.c.obj)
                0x0000000000008828                sys_notify_validate
 .text.assert_post_action
                0x000000000000884a        0xe zephyr/libzephyr.a(assert.c.obj)
                0x000000000000884a                assert_post_action
 .text.assert_print
                0x0000000000008858       0x1a zephyr/libzephyr.a(assert.c.obj)
                0x0000000000008858                assert_print
 .text._ConfigAbsSyms
                0x0000000000008872        0x2 zephyr/libzephyr.a(configs.c.obj)
                0x0000000000008872                _ConfigAbsSyms
 .text.z_log_minimal_printk
                0x0000000000008874       0x1a zephyr/libzephyr.a(log_minimal.c.obj)
                0x0000000000008874                z_log_minimal_printk
 .text.abort_function
                0x000000000000888e        0x2 zephyr/libzephyr.a(nrf_cc3xx_platform_abort_zephyr.c.obj)
 .text.z_do_kernel_oops
                0x0000000000008890        0x8 zephyr/arch/arch/arm/core/libarch__arm__core.a(fatal.c.obj)
                0x0000000000008890                z_do_kernel_oops
 .text.z_arm_nmi
                0x0000000000008898        0xe zephyr/arch/arch/arm/core/libarch__arm__core.a(nmi.c.obj)
                0x0000000000008898                z_arm_nmi
 .text.z_irq_spurious
                0x00000000000088a6        0x8 zephyr/arch/arch/arm/core/cortex_m/libarch__arm__core__cortex_m.a(irq_manage.c.obj)
                0x00000000000088a6                z_irq_spurious
 .text.size_to_mpu_rasr_size
                0x00000000000088ae       0x20 zephyr/arch/arch/arm/core/mpu/libarch__arm__core__mpu.a(arm_mpu.c.obj)
 .text.picolibc_put
                0x00000000000088ce        0xa zephyr/lib/libc/picolibc/liblib__libc__picolibc.a(libc-hooks.c.obj)
 .text.set_on_state
                0x00000000000088d8       0x26 zephyr/drivers/clock_control/libdrivers__clock_control.a(clock_control_nrf.c.obj)
 .text.async_start
                0x00000000000088fe       0x5c zephyr/drivers/clock_control/libdrivers__clock_control.a(clock_control_nrf.c.obj)
 .text.api_start
                0x000000000000895a        0xe zephyr/drivers/clock_control/libdrivers__clock_control.a(clock_control_nrf.c.obj)
 .text.onoff_started_callback
                0x0000000000008968        0xc zephyr/drivers/clock_control/libdrivers__clock_control.a(clock_control_nrf.c.obj)
 .text.lfclk_start
                0x0000000000008974        0x6 zephyr/drivers/clock_control/libdrivers__clock_control.a(clock_control_nrf.c.obj)
 .text.lfclk_stop
                0x000000000000897a        0x6 zephyr/drivers/clock_control/libdrivers__clock_control.a(clock_control_nrf.c.obj)
 .text.blocking_start_callback
                0x0000000000008980        0x6 zephyr/drivers/clock_control/libdrivers__clock_control.a(clock_control_nrf.c.obj)
 .text.api_stop
                0x0000000000008986        0x6 zephyr/drivers/clock_control/libdrivers__clock_control.a(clock_control_nrf.c.obj)
 .text.gpio_nrfx_port_get_raw
                0x000000000000898c        0xe zephyr/drivers/gpio/libdrivers__gpio.a(gpio_nrfx.c.obj)
 .text.gpio_nrfx_port_set_masked_raw
                0x000000000000899a       0x18 zephyr/drivers/gpio/libdrivers__gpio.a(gpio_nrfx.c.obj)
 .text.gpio_nrfx_port_set_bits_raw
                0x00000000000089b2        0xc zephyr/drivers/gpio/libdrivers__gpio.a(gpio_nrfx.c.obj)
 .text.gpio_nrfx_port_clear_bits_raw
                0x00000000000089be        0xc zephyr/drivers/gpio/libdrivers__gpio.a(gpio_nrfx.c.obj)
 .text.gpio_nrfx_port_toggle_bits
                0x00000000000089ca       0x1a zephyr/drivers/gpio/libdrivers__gpio.a(gpio_nrfx.c.obj)
 .text.pinctrl_lookup_state
                0x00000000000089e4       0x26 zephyr/drivers/pinctrl/libdrivers__pinctrl.a(common.c.obj)
                0x00000000000089e4                pinctrl_lookup_state
 .text.uarte_nrfx_err_check
                0x0000000000008a0a        0xe zephyr/drivers/serial/libdrivers__serial.a(uart_nrfx_uarte.c.obj)
 .text.uarte_nrfx_poll_in
                0x0000000000008a18       0x28 zephyr/drivers/serial/libdrivers__serial.a(uart_nrfx_uarte.c.obj)
 .text.is_tx_ready.isra.0
                0x0000000000008a40       0x20 zephyr/drivers/serial/libdrivers__serial.a(uart_nrfx_uarte.c.obj)
 .text.uarte_nrfx_isr_int
                0x0000000000008a60       0x72 zephyr/drivers/serial/libdrivers__serial.a(uart_nrfx_uarte.c.obj)
 .text.hw_cc3xx_init_internal
                0x0000000000008ad2        0x4 modules/nrf/drivers/hw_cc3xx/lib..__nrf__drivers__hw_cc3xx.a(hw_cc3xx.c.obj)
 .text.hw_cc3xx_init
                0x0000000000008ad6       0x12 modules/nrf/drivers/hw_cc3xx/lib..__nrf__drivers__hw_cc3xx.a(hw_cc3xx.c.obj)
 .text.nrfx_isr
                0x0000000000008ae8        0x2 modules/hal_nordic/nrfx/libmodules__hal_nordic__nrfx.a(nrfx_glue.c.obj)
                0x0000000000008ae8                nrfx_isr
 .text.nrfx_busy_wait
                0x0000000000008aea        0x4 modules/hal_nordic/nrfx/libmodules__hal_nordic__nrfx.a(nrfx_glue.c.obj)
                0x0000000000008aea                nrfx_busy_wait
 .text.nrfx_gppi_channel_endpoints_setup
                0x0000000000008aee       0x14 modules/hal_nordic/nrfx/libmodules__hal_nordic__nrfx.a(nrfx_gppi_ppi.c.obj)
                0x0000000000008aee                nrfx_gppi_channel_endpoints_setup
 .text.nrf_gpio_pin_present_check
                0x0000000000008b02       0x24 modules/hal_nordic/nrfx/libmodules__hal_nordic__nrfx.a(nrfx_gpiote.c.obj)
 .text.nrf_gpio_reconfigure
                0x0000000000008b26       0x9a modules/hal_nordic/nrfx/libmodules__hal_nordic__nrfx.a(nrfx_gpiote.c.obj)
 .text.nrf_gpio_cfg_sense_set
                0x0000000000008bc0       0x1e modules/hal_nordic/nrfx/libmodules__hal_nordic__nrfx.a(nrfx_gpiote.c.obj)
 .text.pin_is_task_output.isra.0
                0x0000000000008bde       0x16 modules/hal_nordic/nrfx/libmodules__hal_nordic__nrfx.a(nrfx_gpiote.c.obj)
 .text.pin_trigger_disable
                0x0000000000008bf4       0x48 modules/hal_nordic/nrfx/libmodules__hal_nordic__nrfx.a(nrfx_gpiote.c.obj)
 .text.nrfx_gpiote_pin_uninit
                0x0000000000008c3c        0x4 modules/hal_nordic/nrfx/libmodules__hal_nordic__nrfx.a(nrfx_gpiote.c.obj)
                0x0000000000008c3c                nrfx_gpiote_pin_uninit
 .text.nrfx_gpiote_trigger_disable
                0x0000000000008c40        0x4 modules/hal_nordic/nrfx/libmodules__hal_nordic__nrfx.a(nrfx_gpiote.c.obj)
                0x0000000000008c40                nrfx_gpiote_trigger_disable
 .text.SEGGER_RTT_Init
                0x0000000000008c44        0x4 modules/segger/libmodules__segger.a(SEGGER_RTT.c.obj)
                0x0000000000008c44                SEGGER_RTT_Init
 .text.rtt_init
                0x0000000000008c48        0xa modules/segger/libmodules__segger.a(SEGGER_RTT_zephyr.c.obj)
 .text.z_impl_k_busy_wait
                0x0000000000008c52        0x8 zephyr/kernel/libkernel.a(busy_wait.c.obj)
                0x0000000000008c52                z_impl_k_busy_wait
 .text.z_device_is_ready
                0x0000000000008c5a       0x16 zephyr/kernel/libkernel.a(device.c.obj)
                0x0000000000008c5a                z_device_is_ready
 .text.arch_system_halt
                0x0000000000008c70       0x12 zephyr/kernel/libkernel.a(fatal.c.obj)
                0x0000000000008c70                arch_system_halt
 .text.z_early_memset
                0x0000000000008c82        0x4 zephyr/kernel/libkernel.a(init.c.obj)
                0x0000000000008c82                z_early_memset
 .text.z_early_memcpy
                0x0000000000008c86        0x4 zephyr/kernel/libkernel.a(init.c.obj)
                0x0000000000008c86                z_early_memcpy
 .text.create_free_list
                0x0000000000008c8a       0x2c zephyr/kernel/libkernel.a(mem_slab.c.obj)
 .text.k_mem_slab_init
                0x0000000000008cb6       0x1e zephyr/kernel/libkernel.a(mem_slab.c.obj)
                0x0000000000008cb6                k_mem_slab_init
 .text.k_is_in_isr
                0x0000000000008cd4        0xc zephyr/kernel/libkernel.a(thread.c.obj)
                0x0000000000008cd4                k_is_in_isr
 .text.k_thread_name_get
                0x0000000000008ce0        0x4 zephyr/kernel/libkernel.a(thread.c.obj)
                0x0000000000008ce0                k_thread_name_get
 .text.adjust_owner_prio.isra.0
                0x0000000000008ce4       0x10 zephyr/kernel/libkernel.a(mutex.c.obj)
 .text.z_impl_k_mutex_init
                0x0000000000008cf4        0xe zephyr/kernel/libkernel.a(mutex.c.obj)
                0x0000000000008cf4                z_impl_k_mutex_init
 .text.z_reschedule_irqlock
                0x0000000000008d02       0x18 zephyr/kernel/libkernel.a(sched.c.obj)
                0x0000000000008d02                z_reschedule_irqlock
 .text.z_reschedule_unlocked
                0x0000000000008d1a       0x14 zephyr/kernel/libkernel.a(sched.c.obj)
 .text.z_thread_timeout
                0x0000000000008d2e        0x8 zephyr/kernel/libkernel.a(sched.c.obj)
                0x0000000000008d2e                z_thread_timeout
 .text.sys_clock_tick_get_32
                0x0000000000008d36        0x8 zephyr/kernel/libkernel.a(timeout.c.obj)
                0x0000000000008d36                sys_clock_tick_get_32
 .text.z_impl_k_uptime_ticks
                0x0000000000008d3e        0x4 zephyr/kernel/libkernel.a(timeout.c.obj)
                0x0000000000008d3e                z_impl_k_uptime_ticks
 .text.__sprintf_chk
                0x0000000000008d42       0x34 /home/pramos/ncs/toolchains/2be090971e/opt/zephyr-sdk/arm-zephyr-eabi/bin/../lib/gcc/../../picolibc/arm-zephyr-eabi/lib/thumb/v7e-m/nofp/libc.a(libc_ssp_sprintf_chk.c.o)
                0x0000000000008d42                __sprintf_chk
 .text.atof     0x0000000000008d76        0x6 /home/pramos/ncs/toolchains/2be090971e/opt/zephyr-sdk/arm-zephyr-eabi/bin/../lib/gcc/../../picolibc/arm-zephyr-eabi/lib/thumb/v7e-m/nofp/libc.a(libc_stdlib_atof.c.o)
                0x0000000000008d76                atof
 .text.atoi     0x0000000000008d7c        0x8 /home/pramos/ncs/toolchains/2be090971e/opt/zephyr-sdk/arm-zephyr-eabi/bin/../lib/gcc/../../picolibc/arm-zephyr-eabi/lib/thumb/v7e-m/nofp/libc.a(libc_stdlib_atoi.c.o)
                0x0000000000008d7c                atoi
 .text.strncpy  0x0000000000008d84       0x20 /home/pramos/ncs/toolchains/2be090971e/opt/zephyr-sdk/arm-zephyr-eabi/bin/../lib/gcc/../../picolibc/arm-zephyr-eabi/lib/thumb/v7e-m/nofp/libc.a(libc_string_strncpy.c.o)
                0x0000000000008d84                strncpy
 .text.strnlen  0x0000000000008da4       0x18 /home/pramos/ncs/toolchains/2be090971e/opt/zephyr-sdk/arm-zephyr-eabi/bin/../lib/gcc/../../picolibc/arm-zephyr-eabi/lib/thumb/v7e-m/nofp/libc.a(libc_string_strnlen.c.o)
                0x0000000000008da4                strnlen
 .text.__ultoa_invert
                0x0000000000008dbc       0xae /home/pramos/ncs/toolchains/2be090971e/opt/zephyr-sdk/arm-zephyr-eabi/bin/../lib/gcc/../../picolibc/arm-zephyr-eabi/lib/thumb/v7e-m/nofp/libc.a(libc_tinystdio_vflprintf.c.o)
 .text.mulShift64
                0x0000000000008e6a       0x62 /home/pramos/ncs/toolchains/2be090971e/opt/zephyr-sdk/arm-zephyr-eabi/bin/../lib/gcc/../../picolibc/arm-zephyr-eabi/lib/thumb/v7e-m/nofp/libc.a(libc_tinystdio_atod_ryu.c.o)
 .text.__umul128
                0x0000000000008ecc       0x36 /home/pramos/ncs/toolchains/2be090971e/opt/zephyr-sdk/arm-zephyr-eabi/bin/../lib/gcc/../../picolibc/arm-zephyr-eabi/lib/thumb/v7e-m/nofp/libc.a(libc_tinystdio_ryu_umul128.c.o)
                0x0000000000008ecc                __umul128
 .text.__shiftright128
                0x0000000000008f02       0x3e /home/pramos/ncs/toolchains/2be090971e/opt/zephyr-sdk/arm-zephyr-eabi/bin/../lib/gcc/../../picolibc/arm-zephyr-eabi/lib/thumb/v7e-m/nofp/libc.a(libc_tinystdio_ryu_umul128.c.o)
                0x0000000000008f02                __shiftright128
 .text.memcpy   0x0000000000008f40       0x1c /home/pramos/ncs/toolchains/2be090971e/opt/zephyr-sdk/arm-zephyr-eabi/bin/../lib/gcc/../../picolibc/arm-zephyr-eabi/lib/thumb/v7e-m/nofp/libc.a(memcpy.c.o)
                0x0000000000008f40                memcpy
                0x0000000000008f40                __aeabi_memcpy
                0x0000000000008f40                __aeabi_memcpy4
                0x0000000000008f40                __aeabi_memcpy8
 .text.memset   0x0000000000008f5c       0x10 /home/pramos/ncs/toolchains/2be090971e/opt/zephyr-sdk/arm-zephyr-eabi/bin/../lib/gcc/../../picolibc/arm-zephyr-eabi/lib/thumb/v7e-m/nofp/libc.a(memset.c.o)
                0x0000000000008f5c                memset
 .text.__file_str_put
                0x0000000000008f6c       0x10 /home/pramos/ncs/toolchains/2be090971e/opt/zephyr-sdk/arm-zephyr-eabi/bin/../lib/gcc/../../picolibc/arm-zephyr-eabi/lib/thumb/v7e-m/nofp/libc.a(libc_tinystdio_filestrput.c.o)
                0x0000000000008f6c                __file_str_put
 .text.fputc    0x0000000000008f7c       0x28 /home/pramos/ncs/toolchains/2be090971e/opt/zephyr-sdk/arm-zephyr-eabi/bin/../lib/gcc/../../picolibc/arm-zephyr-eabi/lib/thumb/v7e-m/nofp/libc.a(libc_tinystdio_fputc.c.o)
                0x0000000000008f7c                putc
                0x0000000000008f7c                fputc
 *(SORT_BY_ALIGNMENT(.TEXT.*))
 .TEXT.__aeabi_read_tp
                0x0000000000008fa4        0xc zephyr/arch/arch/arm/core/cortex_m/libarch__arm__core__cortex_m.a(__aeabi_read_tp.S.obj)
                0x0000000000008fa4                __aeabi_read_tp
 *(SORT_BY_ALIGNMENT(.gnu.linkonce.t.*))
 *(SORT_BY_ALIGNMENT(.glue_7t))
 .glue_7t       0x0000000000008fb0        0x0 linker stubs
 *(SORT_BY_ALIGNMENT(.glue_7))
 .glue_7        0x0000000000008fb0        0x0 linker stubs
 *(SORT_BY_ALIGNMENT(.vfp11_veneer))
 .vfp11_veneer  0x0000000000008fb0        0x0 linker stubs
 *(SORT_BY_ALIGNMENT(.v4_bx))
 .v4_bx         0x0000000000008fb0        0x0 linker stubs
                0x0000000000008fb0                . = ALIGN (0x4)
                0x0000000000008fb0                __text_region_end = .

.ARM.exidx      0x0000000000008fb0        0x8
                0x0000000000008fb0                __exidx_start = .
 *(SORT_BY_ALIGNMENT(.ARM.exidx*) SORT_BY_ALIGNMENT(gnu.linkonce.armexidx.*))
 .ARM.exidx     0x0000000000008fb0        0x8 /home/pramos/ncs/toolchains/2be090971e/opt/zephyr-sdk/arm-zephyr-eabi/bin/../lib/gcc/arm-zephyr-eabi/12.2.0/thumb/v7e-m/nofp/libgcc.a(_udivmoddi4.o)
 .ARM.exidx     0x0000000000008fb8        0x0 /home/pramos/ncs/toolchains/2be090971e/opt/zephyr-sdk/arm-zephyr-eabi/bin/../lib/gcc/../../picolibc/arm-zephyr-eabi/lib/thumb/v7e-m/nofp/libc.a(strlen.S.o)
                                          0x8 (size before relaxing)
                0x0000000000008fb8                __exidx_end = .
                0x0000000000008fb8                __rodata_region_start = .

initlevel       0x0000000000008fb8       0x60
                0x0000000000008fb8                __init_start = .
                0x0000000000008fb8                __init_EARLY_start = .
 *(SORT_BY_NAME(SORT_BY_ALIGNMENT(.z_init_EARLY?_*)))
 *(SORT_BY_NAME(SORT_BY_ALIGNMENT(.z_init_EARLY??_*)))
                0x0000000000008fb8                __init_PRE_KERNEL_1_start = .
 *(SORT_BY_NAME(SORT_BY_ALIGNMENT(.z_init_PRE_KERNEL_1?_*)))
 .z_init_PRE_KERNEL_10_0_
                0x0000000000008fb8        0x8 zephyr/soc/soc/arm/nordic_nrf/libsoc__arm__nordic_nrf.a(soc.c.obj)
 *(SORT_BY_NAME(SORT_BY_ALIGNMENT(.z_init_PRE_KERNEL_1??_*)))
 .z_init_PRE_KERNEL_130_00076_
                0x0000000000008fc0        0x8 zephyr/drivers/clock_control/libdrivers__clock_control.a(clock_control_nrf.c.obj)
 .z_init_PRE_KERNEL_130_0_
                0x0000000000008fc8        0x8 modules/segger/libmodules__segger.a(SEGGER_RTT_zephyr.c.obj)
 .z_init_PRE_KERNEL_130_0_
                0x0000000000008fd0        0x8 zephyr/kernel/libkernel.a(mem_slab.c.obj)
 .z_init_PRE_KERNEL_140_00011_
                0x0000000000008fd8        0x8 zephyr/drivers/gpio/libdrivers__gpio.a(gpio_nrfx.c.obj)
 .z_init_PRE_KERNEL_140_00105_
                0x0000000000008fe0        0x8 zephyr/drivers/gpio/libdrivers__gpio.a(gpio_nrfx.c.obj)
 .z_init_PRE_KERNEL_140_0_
                0x0000000000008fe8        0x8 modules/nrf/drivers/hw_cc3xx/lib..__nrf__drivers__hw_cc3xx.a(hw_cc3xx.c.obj)
 .z_init_PRE_KERNEL_155_00113_
                0x0000000000008ff0        0x8 zephyr/drivers/serial/libdrivers__serial.a(uart_nrfx_uarte.c.obj)
 .z_init_PRE_KERNEL_160_0_
                0x0000000000008ff8        0x8 zephyr/drivers/console/libdrivers__console.a(uart_console.c.obj)
                0x0000000000009000                __init_PRE_KERNEL_2_start = .
 *(SORT_BY_NAME(SORT_BY_ALIGNMENT(.z_init_PRE_KERNEL_2?_*)))
 .z_init_PRE_KERNEL_20_0_
                0x0000000000009000        0x8 zephyr/drivers/timer/libdrivers__timer.a(nrf_rtc_timer.c.obj)
 *(SORT_BY_NAME(SORT_BY_ALIGNMENT(.z_init_PRE_KERNEL_2??_*)))
                0x0000000000009008                __init_POST_KERNEL_start = .
 *(SORT_BY_NAME(SORT_BY_ALIGNMENT(.z_init_POST_KERNEL?_*)))
 *(SORT_BY_NAME(SORT_BY_ALIGNMENT(.z_init_POST_KERNEL??_*)))
 .z_init_POST_KERNEL40_0_
                0x0000000000009008        0x8 zephyr/lib/libc/common/liblib__libc__common.a(malloc.c.obj)
 .z_init_POST_KERNEL40_0_
                0x0000000000009010        0x8 modules/nrf/drivers/hw_cc3xx/lib..__nrf__drivers__hw_cc3xx.a(hw_cc3xx.c.obj)
                0x0000000000009018                __init_APPLICATION_start = .
 *(SORT_BY_NAME(SORT_BY_ALIGNMENT(.z_init_APPLICATION?_*)))
 *(SORT_BY_NAME(SORT_BY_ALIGNMENT(.z_init_APPLICATION??_*)))
                0x0000000000009018                __init_SMP_start = .
 *(SORT_BY_NAME(SORT_BY_ALIGNMENT(.z_init_SMP?_*)))
 *(SORT_BY_NAME(SORT_BY_ALIGNMENT(.z_init_SMP??_*)))
                0x0000000000009018                __init_end = .

device_area     0x0000000000009018       0x50
                0x0000000000009018                _device_list_start = .
 *(SORT_BY_NAME(SORT_BY_ALIGNMENT(._device.static.*_?_*)))
 *(SORT_BY_NAME(SORT_BY_ALIGNMENT(._device.static.*_??_*)))
 ._device.static.1_30_
                0x0000000000009018       0x14 zephyr/drivers/clock_control/libdrivers__clock_control.a(clock_control_nrf.c.obj)
                0x0000000000009018                __device_dts_ord_76
 ._device.static.1_40_
                0x000000000000902c       0x28 zephyr/drivers/gpio/libdrivers__gpio.a(gpio_nrfx.c.obj)
                0x000000000000902c                __device_dts_ord_105
                0x0000000000009040                __device_dts_ord_11
 ._device.static.1_55_
                0x0000000000009054       0x14 zephyr/drivers/serial/libdrivers__serial.a(uart_nrfx_uarte.c.obj)
                0x0000000000009054                __device_dts_ord_113
                0x0000000000009068                _device_list_end = .

sw_isr_table    0x0000000000009068      0x180
                0x0000000000009068                . = ALIGN (0x4)
 *(SORT_BY_ALIGNMENT(.gnu.linkonce.sw_isr_table*))
 .gnu.linkonce.sw_isr_table
                0x0000000000009068      0x180 zephyr/arch/common/libisr_tables.a(isr_tables.c.obj)
                0x0000000000009068                _sw_isr_table

initlevel_error
                0x0000000000008fb8        0x0
 *(SORT_BY_NAME(SORT_BY_ALIGNMENT(.z_init_[_A-Z0-9]*)))
                0x0000000000000001                ASSERT ((SIZEOF (initlevel_error) == 0x0), Undefined initialization levels used.)

app_shmem_regions
                0x00000000000091e8        0x0
                0x00000000000091e8                __app_shmem_regions_start = .
 *(SORT_BY_NAME(SORT_BY_ALIGNMENT(.app_regions.*)))
                0x00000000000091e8                __app_shmem_regions_end = .

k_p4wq_initparam_area
                0x00000000000091e8        0x0
                0x00000000000091e8                _k_p4wq_initparam_list_start = .
 *(SORT_BY_NAME(SORT_BY_ALIGNMENT(._k_p4wq_initparam.static.*)))
                0x00000000000091e8                _k_p4wq_initparam_list_end = .

_static_thread_data_area
                0x00000000000091e8       0xf0
                0x00000000000091e8                __static_thread_data_list_start = .
 *(SORT_BY_NAME(SORT_BY_ALIGNMENT(.__static_thread_data.static.*)))
 .__static_thread_data.static._k_thread_data_heat_task_id_
                0x00000000000091e8       0x30 app/libapp.a(main.c.obj)
                0x00000000000091e8                _k_thread_data_heat_task_id
 .__static_thread_data.static._k_thread_data_led_task_id_
                0x0000000000009218       0x30 app/libapp.a(main.c.obj)
                0x0000000000009218                _k_thread_data_led_task_id
 .__static_thread_data.static._k_thread_data_pid_task_id_
                0x0000000000009248       0x30 app/libapp.a(main.c.obj)
                0x0000000000009248                _k_thread_data_pid_task_id
 .__static_thread_data.static._k_thread_data_temp_read_task_id_
                0x0000000000009278       0x30 app/libapp.a(main.c.obj)
                0x0000000000009278                _k_thread_data_temp_read_task_id
 .__static_thread_data.static._k_thread_data_uart_command_id_
                0x00000000000092a8       0x30 app/libapp.a(main.c.obj)
                0x00000000000092a8                _k_thread_data_uart_command_id
                0x00000000000092d8                __static_thread_data_list_end = .

device_deps     0x00000000000092d8        0x0
                0x00000000000092d8                __device_deps_start = .
 *(SORT_BY_NAME(SORT_BY_ALIGNMENT(.__device_deps_pass2*)))
                0x00000000000092d8                __device_deps_end = .

ztest           0x00000000000092d8        0x0
                0x00000000000092d8                _ztest_expected_result_entry_list_start = .
 *(SORT_BY_NAME(SORT_BY_ALIGNMENT(._ztest_expected_result_entry.static.*)))
                0x00000000000092d8                _ztest_expected_result_entry_list_end = .
                0x00000000000092d8                _ztest_suite_node_list_start = .
 *(SORT_BY_NAME(SORT_BY_ALIGNMENT(._ztest_suite_node.static.*)))
                0x00000000000092d8                _ztest_suite_node_list_end = .
                0x00000000000092d8                _ztest_unit_test_list_start = .
 *(SORT_BY_NAME(SORT_BY_ALIGNMENT(._ztest_unit_test.static.*)))
                0x00000000000092d8                _ztest_unit_test_list_end = .
                0x00000000000092d8                _ztest_test_rule_list_start = .
 *(SORT_BY_NAME(SORT_BY_ALIGNMENT(._ztest_test_rule.static.*)))
                0x00000000000092d8                _ztest_test_rule_list_end = .

bt_l2cap_fixed_chan_area
                0x00000000000092d8        0x0
                0x00000000000092d8                _bt_l2cap_fixed_chan_list_start = .
 *(SORT_BY_NAME(SORT_BY_ALIGNMENT(._bt_l2cap_fixed_chan.static.*)))
                0x00000000000092d8                _bt_l2cap_fixed_chan_list_end = .

bt_gatt_service_static_area
                0x00000000000092d8        0x0
                0x00000000000092d8                _bt_gatt_service_static_list_start = .
 *(SORT_BY_NAME(SORT_BY_ALIGNMENT(._bt_gatt_service_static.static.*)))
                0x00000000000092d8                _bt_gatt_service_static_list_end = .

log_strings_area
                0x00000000000092d8        0x0
                0x00000000000092d8                _log_strings_list_start = .
 *(SORT_BY_NAME(SORT_BY_ALIGNMENT(._log_strings.static.*)))
                0x00000000000092d8                _log_strings_list_end = .

log_const_area  0x00000000000092d8       0x30
                0x00000000000092d8                _log_const_list_start = .
 *(SORT_BY_NAME(SORT_BY_ALIGNMENT(._log_const.static.*)))
 ._log_const.static.log_const_cbprintf_package_
                0x00000000000092d8        0x8 zephyr/libzephyr.a(cbprintf_packaged.c.obj)
                0x00000000000092d8                log_const_cbprintf_package
 ._log_const.static.log_const_clock_control_
                0x00000000000092e0        0x8 zephyr/drivers/clock_control/libdrivers__clock_control.a(clock_control_nrf.c.obj)
                0x00000000000092e0                log_const_clock_control
 ._log_const.static.log_const_mpu_
                0x00000000000092e8        0x8 zephyr/arch/arch/arm/core/mpu/libarch__arm__core__mpu.a(arm_core_mpu.c.obj)
                0x00000000000092e8                log_const_mpu
 ._log_const.static.log_const_os_
                0x00000000000092f0        0x8 zephyr/kernel/libkernel.a(init.c.obj)
                0x00000000000092f0                log_const_os
 ._log_const.static.log_const_soc_
                0x00000000000092f8        0x8 zephyr/soc/soc/arm/nordic_nrf/libsoc__arm__nordic_nrf.a(soc.c.obj)
                0x00000000000092f8                log_const_soc
 ._log_const.static.log_const_uart_nrfx_uarte_
                0x0000000000009300        0x8 zephyr/drivers/serial/libdrivers__serial.a(uart_nrfx_uarte.c.obj)
                0x0000000000009300                log_const_uart_nrfx_uarte
                0x0000000000009308                _log_const_list_end = .

log_backend_area
                0x0000000000009308        0x0
                0x0000000000009308                _log_backend_list_start = .
 *(SORT_BY_NAME(SORT_BY_ALIGNMENT(._log_backend.static.*)))
                0x0000000000009308                _log_backend_list_end = .

log_link_area   0x0000000000009308        0x0
                0x0000000000009308                _log_link_list_start = .
 *(SORT_BY_NAME(SORT_BY_ALIGNMENT(._log_link.static.*)))
                0x0000000000009308                _log_link_list_end = .

tracing_backend_area
                0x0000000000009308        0x0
                0x0000000000009308                _tracing_backend_list_start = .
 *(SORT_BY_NAME(SORT_BY_ALIGNMENT(._tracing_backend.static.*)))
                0x0000000000009308                _tracing_backend_list_end = .

zephyr_dbg_info
 *(SORT_BY_ALIGNMENT(.dbg_thread_info))

symbol_to_keep  0x0000000000009308        0x0
                0x0000000000009308                __symbol_to_keep_start = .
 *(SORT_BY_NAME(SORT_BY_ALIGNMENT(.symbol_to_keep*)))
                0x0000000000009308                __symbol_to_keep_end = .

shell_area      0x0000000000009308        0x0
                0x0000000000009308                _shell_list_start = .
 *(SORT_BY_NAME(SORT_BY_ALIGNMENT(._shell.static.*)))
                0x0000000000009308                _shell_list_end = .

shell_root_cmds_area
                0x0000000000009308        0x0
                0x0000000000009308                _shell_root_cmds_list_start = .
 *(SORT_BY_NAME(SORT_BY_ALIGNMENT(._shell_root_cmds.static.*)))
                0x0000000000009308                _shell_root_cmds_list_end = .

shell_subcmds_area
                0x0000000000009308        0x0
                0x0000000000009308                _shell_subcmds_list_start = .
 *(SORT_BY_NAME(SORT_BY_ALIGNMENT(._shell_subcmds.static.*)))
                0x0000000000009308                _shell_subcmds_list_end = .

shell_dynamic_subcmds_area
                0x0000000000009308        0x0
                0x0000000000009308                _shell_dynamic_subcmds_list_start = .
 *(SORT_BY_NAME(SORT_BY_ALIGNMENT(._shell_dynamic_subcmds.static.*)))
                0x0000000000009308                _shell_dynamic_subcmds_list_end = .

cfb_font_area   0x0000000000009308        0x0
                0x0000000000009308                _cfb_font_list_start = .
 *(SORT_BY_NAME(SORT_BY_ALIGNMENT(._cfb_font.static.*)))
                0x0000000000009308                _cfb_font_list_end = .

tdata           0x0000000000009308        0x0
 *(SORT_BY_ALIGNMENT(.tdata) SORT_BY_ALIGNMENT(.tdata.*) SORT_BY_ALIGNMENT(.gnu.linkonce.td.*))

tbss            0x0000000000009308        0x8
 *(SORT_BY_ALIGNMENT(.tbss) SORT_BY_ALIGNMENT(.tbss.*) SORT_BY_ALIGNMENT(.gnu.linkonce.tb.*) SORT_BY_ALIGNMENT(.tcommon))
 .tbss.z_tls_current
                0x0000000000009308        0x4 zephyr/libzephyr.a(thread_entry.c.obj)
                0x0000000000009308                z_tls_current
 .tbss.errno    0x000000000000930c        0x4 /home/pramos/ncs/toolchains/2be090971e/opt/zephyr-sdk/arm-zephyr-eabi/bin/../lib/gcc/../../picolibc/arm-zephyr-eabi/lib/thumb/v7e-m/nofp/libc.a(libc_errno_errno.c.o)
                0x000000000000930c                errno
                0x0000000000009308                PROVIDE (__tdata_start = LOADADDR (tdata))
                0x0000000000000000                PROVIDE (__tdata_size = SIZEOF (tdata))
                [!provide]                        PROVIDE (__tdata_end = (__tdata_start + __tdata_size))
                0x0000000000000001                PROVIDE (__tdata_align = ALIGNOF (tdata))
                [!provide]                        PROVIDE (__tbss_start = ADDR (tbss))
                0x0000000000000008                PROVIDE (__tbss_size = SIZEOF (tbss))
                [!provide]                        PROVIDE (__tbss_end = (__tbss_start + __tbss_size))
                0x0000000000000004                PROVIDE (__tbss_align = ALIGNOF (tbss))
                [!provide]                        PROVIDE (__tls_start = __tdata_start)
                [!provide]                        PROVIDE (__tls_end = __tbss_end)
                [!provide]                        PROVIDE (__tls_size = (__tbss_end - __tdata_start))

rodata          0x0000000000009310     0x2138
 *(SORT_BY_ALIGNMENT(.rodata))
 *(SORT_BY_ALIGNMENT(.rodata.*))
 .rodata.delay_machine_code.0
                0x0000000000009310        0x6 zephyr/soc/soc/arm/nordic_nrf/libsoc__arm__nordic_nrf.a(soc.c.obj)
 *fill*         0x0000000000009316        0x2 
 .rodata.DOUBLE_POW5_TABLE
                0x0000000000009318       0xd0 /home/pramos/ncs/toolchains/2be090971e/opt/zephyr-sdk/arm-zephyr-eabi/bin/../lib/gcc/../../picolibc/arm-zephyr-eabi/lib/thumb/v7e-m/nofp/libc.a(libc_tinystdio_ryu_table.c.o)
 .rodata.DOUBLE_POW5_SPLIT2
                0x00000000000093e8       0xd0 /home/pramos/ncs/toolchains/2be090971e/opt/zephyr-sdk/arm-zephyr-eabi/bin/../lib/gcc/../../picolibc/arm-zephyr-eabi/lib/thumb/v7e-m/nofp/libc.a(libc_tinystdio_ryu_table.c.o)
 .rodata.DOUBLE_POW5_INV_SPLIT2
                0x00000000000094b8       0xf0 /home/pramos/ncs/toolchains/2be090971e/opt/zephyr-sdk/arm-zephyr-eabi/bin/../lib/gcc/../../picolibc/arm-zephyr-eabi/lib/thumb/v7e-m/nofp/libc.a(libc_tinystdio_ryu_table.c.o)
 .rodata.fet    0x00000000000095a8        0x8 app/libapp.a(main.c.obj)
 .rodata.led3   0x00000000000095b0        0x8 app/libapp.a(main.c.obj)
 .rodata.led2   0x00000000000095b8        0x8 app/libapp.a(main.c.obj)
 .rodata.led1   0x00000000000095c0        0x8 app/libapp.a(main.c.obj)
 .rodata.led0   0x00000000000095c8        0x8 app/libapp.a(main.c.obj)
 .rodata.btn4   0x00000000000095d0        0x8 app/libapp.a(buttons.c.obj)
 .rodata.btn2   0x00000000000095d8        0x8 app/libapp.a(buttons.c.obj)
 .rodata.btn1   0x00000000000095e0        0x8 app/libapp.a(buttons.c.obj)
 .rodata.mem_attr_region
                0x00000000000095e8        0x0 zephyr/libzephyr.a(mem_attr.c.obj)
 .rodata.apis   0x00000000000095e8        0x8 zephyr/libzephyr.a(nrf_cc3xx_platform_abort_zephyr.c.obj)
 .rodata.mutexes
                0x00000000000095f0       0x14 zephyr/libzephyr.a(nrf_cc3xx_platform_mutex_zephyr.c.obj)
 .rodata.mutex_apis
                0x0000000000009604       0x10 zephyr/libzephyr.a(nrf_cc3xx_platform_mutex_zephyr.c.obj)
 .rodata.static_regions
                0x0000000000009614        0xc zephyr/arch/arch/arm/core/mpu/libarch__arm__core__mpu.a(arm_core_mpu.c.obj)
 .rodata.mpu_config
                0x0000000000009620        0x8 zephyr/arch/arch/arm/core/mpu/libarch__arm__core__mpu.a(arm_mpu_regions.c.obj)
                0x0000000000009620                mpu_config
 .rodata.mpu_regions
                0x0000000000009628       0x18 zephyr/arch/arch/arm/core/mpu/libarch__arm__core__mpu.a(arm_mpu_regions.c.obj)
 .rodata.stdout
                0x0000000000009640        0x4 zephyr/lib/libc/picolibc/liblib__libc__picolibc.a(libc-hooks.c.obj)
                0x0000000000009640                stdout
                0x0000000000009640                stderr
 .rodata.transitions.0
                0x0000000000009644        0xc zephyr/drivers/clock_control/libdrivers__clock_control.a(clock_control_nrf.c.obj)
 .rodata.config
                0x0000000000009650       0x18 zephyr/drivers/clock_control/libdrivers__clock_control.a(clock_control_nrf.c.obj)
 .rodata.clock_control_api
                0x0000000000009668       0x1c zephyr/drivers/clock_control/libdrivers__clock_control.a(clock_control_nrf.c.obj)
 .rodata.gpio_nrfx_p1_cfg
                0x0000000000009684       0x18 zephyr/drivers/gpio/libdrivers__gpio.a(gpio_nrfx.c.obj)
 .rodata.gpio_nrfx_p0_cfg
                0x000000000000969c       0x18 zephyr/drivers/gpio/libdrivers__gpio.a(gpio_nrfx.c.obj)
 .rodata.gpio_nrfx_drv_api_funcs
                0x00000000000096b4       0x24 zephyr/drivers/gpio/libdrivers__gpio.a(gpio_nrfx.c.obj)
 .rodata.uarte_0z_config
                0x00000000000096d8       0x10 zephyr/drivers/serial/libdrivers__serial.a(uart_nrfx_uarte.c.obj)
 .rodata.__pinctrl_dev_config__device_dts_ord_113
                0x00000000000096e8        0xc zephyr/drivers/serial/libdrivers__serial.a(uart_nrfx_uarte.c.obj)
 .rodata.__pinctrl_states__device_dts_ord_113
                0x00000000000096f4        0x8 zephyr/drivers/serial/libdrivers__serial.a(uart_nrfx_uarte.c.obj)
 .rodata.__pinctrl_state_pins_0__device_dts_ord_113
                0x00000000000096fc       0x10 zephyr/drivers/serial/libdrivers__serial.a(uart_nrfx_uarte.c.obj)
 .rodata.uart_nrfx_uarte_driver_api
                0x000000000000970c        0xc zephyr/drivers/serial/libdrivers__serial.a(uart_nrfx_uarte.c.obj)
 .rodata.CSWTCH.489
                0x0000000000009718       0x14 zephyr/kernel/libkernel.a(fatal.c.obj)
 .rodata.levels.0
                0x000000000000972c       0x18 zephyr/kernel/libkernel.a(init.c.obj)
 .rodata.CSWTCH.10
                0x0000000000009744       0x1c /home/pramos/ncs/v2.6.0/nrfxlib/crypto/nrf_cc310_platform/lib/cortex-m4/soft-float/no-interrupts/libnrf_cc310_platform_0.9.19.a(nrf_cc3xx_platform.c.obj)
 .rodata.mutex_free.str1.4
                0x0000000000009760       0x26 /home/pramos/ncs/v2.6.0/nrfxlib/crypto/nrf_cc310_platform/lib/cortex-m4/soft-float/no-interrupts/libnrf_cc310_platform_0.9.19.a(nrf_cc3xx_platform_mutex.c.obj)
 *fill*         0x0000000000009786        0x2 
 .rodata.mutex_init.str1.4